******************************************************************************
                  TI ARM Linker PC v20.2.6                     
******************************************************************************
>> Linked Mon Sep 26 11:45:01 2022

OUTPUT FILE NAME:   <Activity_RTC.out>
ENTRY POINT SYMBOL: "_c_int00_noargs"  address: 00003131


MEMORY CONFIGURATION

         name            origin    length      used     unused   attr    fill
----------------------  --------  ---------  --------  --------  ----  --------
  MAIN                  00000000   00040000  000036b5  0003c94b  R  X
  INFO                  00200000   00004000  00000000  00004000  R  X
  SRAM_CODE             01000000   00010000  00000bd4  0000f42c  RW X
  SRAM_DATA             20000000   00010000  00000bd4  0000f42c  RW  


SEGMENT ALLOCATION MAP

run origin  load origin   length   init length attrs members
----------  ----------- ---------- ----------- ----- -------
00000000    00000000    000036b8   000036b8    r-x
  00000000    00000000    000000e4   000000e4    r-- .intvecs
  000000e4    000000e4    000033e0   000033e0    r-x .text
  000034c4    000034c4    00000161   00000161    r-- .const
  00003628    00003628    00000090   00000090    r-- .cinit
20000000    20000000    000007d4   00000000    rw-
  20000000    20000000    00000400   00000000    rw- .sysmem
  20000400    20000400    000001f0   00000000    rw- .data
  200005f0    200005f0    000001e4   00000000    rw- .bss
2000fc00    2000fc00    00000400   00000000    rw-
  2000fc00    2000fc00    00000400   00000000    rw- .stack


SECTION ALLOCATION MAP

 output                                  attributes/
section   page    origin      length       input sections
--------  ----  ----------  ----------   ----------------
.intvecs   0    00000000    000000e4     
                  00000000    000000e4     startup_msp432p401r_ccs.obj (.intvecs:retain)

.text      0    000000e4    000033e0     
                  000000e4    00000a4e     rtsv7M4_T_le_v4SPD16_eabi.lib : _printfi.c.obj (.text:__TI_printfi)
                  00000b32    00000002     startup_msp432p401r_ccs.obj (.text:Default_Handler)
                  00000b34    00000270     rtsv7M4_T_le_v4SPD16_eabi.lib : _printfi.c.obj (.text:_pconv_a)
                  00000da4    000001d0                                   : _printfi.c.obj (.text:_pconv_g)
                  00000f74    000001b6                                   : fd_add_t2.asm.obj (.text)
                  0000112a    00000002                                   : _lock.c.obj (.text:_nop)
                  0000112c    00000144     msp432p4xx_driverlib.lib : timer_a.o (.text:privateTimer_AProcessClockSourceDivider)
                  00001270    0000013c     rtsv7M4_T_le_v4SPD16_eabi.lib : _printfi.c.obj (.text:_pconv_e)
                  000013ac    00000136                                   : fd_div_t2.asm.obj (.text)
                  000014e2    00000002                                   : div0.asm.obj (.text)
                  000014e4    00000124                                   : _printfi.c.obj (.text:fcvt)
                  00001608    0000011c     msp432p4xx_driverlib.lib : uart.o (.text:UART_initModule)
                  00001724    00000114     rtsv7M4_T_le_v4SPD16_eabi.lib : fputs.c.obj (.text:fputs)
                  00001838    00000110                                   : fopen.c.obj (.text:_openfile)
                  00001948    00000110                                   : s_scalbn.c.obj (.text:scalbn)
                  00001a58    00000100                                   : memory.c.obj (.text:aligned_alloc)
                  00001b58    000000fc                                   : fd_mul_t2.asm.obj (.text)
                  00001c54    000000e4                                   : memory.c.obj (.text:free)
                  00001d38    000000dc                                   : setvbuf.c.obj (.text:setvbuf)
                  00001e14    000000bc                                   : open.c.obj (.text:open)
                  00001ed0    000000b8                                   : add_device.c.obj (.text:add_device)
                  00001f88    000000b1                                   : _printfi.c.obj (.text:_ltostr)
                  00002039    00000003     --HOLE-- [fill = 0]
                  0000203c    0000009c     engr2350_msp432.obj (.text:init_std_uart)
                  000020d8    0000009c     rtsv7M4_T_le_v4SPD16_eabi.lib : memcpy_t2.asm.obj (.text)
                  00002174    00000098     system_msp432p401r.obj (.text:SystemInit)
                  0000220c    00000098     main.obj (.text:UpdateTime)
                  000022a4    00000096     rtsv7M4_T_le_v4SPD16_eabi.lib : ull_div_t2.asm.obj (.text)
                  0000233a    00000002     --HOLE-- [fill = 0]
                  0000233c    0000008c                                   : fputc.c.obj (.text:fputc)
                  000023c8    00000086                                   : fd_cmp_t2.asm.obj (.text:__aeabi_cdcmple)
                  0000244e    00000086                                   : fd_cmp_t2.asm.obj (.text:__aeabi_cdrcmple)
                  000024d4    00000080     engr2350_msp432.obj (.text:dopen)
                  00002554    0000007a     rtsv7M4_T_le_v4SPD16_eabi.lib : memset_t2.asm.obj (.text)
                  000025ce    00000002     --HOLE-- [fill = 0]
                  000025d0    00000074                                   : fclose.c.obj (.text:__TI_closefile)
                  00002644    00000070                                   : memory.c.obj (.text:split)
                  000026b4    0000006e                                   : _printfi.c.obj (.text:_mcpy)
                  00002722    00000002     --HOLE-- [fill = 0]
                  00002724    0000006c                                   : hostrename.c.obj (.text:HOSTrename)
                  00002790    00000068                                   : hostlseek.c.obj (.text:HOSTlseek)
                  000027f8    00000068     msp432p4xx_driverlib.lib : timer_a.o (.text:Timer_A_configureUpMode)
                  00002860    00000068     rtsv7M4_T_le_v4SPD16_eabi.lib : copy_decompress_lzss.c.obj (.text:decompress:lzss:__TI_decompress_lzss)
                  000028c8    00000068                                   : printf.c.obj (.text:printf)
                  00002930    00000064                                   : s_frexp.c.obj (.text:frexp)
                  00002994    00000064                                   : fseek.c.obj (.text:fseek)
                  000029f8    00000062                                   : _io_perm.c.obj (.text:__TI_wrt_ok)
                  00002a5a    00000002     --HOLE-- [fill = 0]
                  00002a5c    00000060                                   : hostopen.c.obj (.text:HOSTopen)
                  00002abc    0000005c                                   : close.c.obj (.text:close)
                  00002b18    00000058                                   : hostread.c.obj (.text:HOSTread)
                  00002b70    00000058                                   : hostwrite.c.obj (.text:HOSTwrite)
                  00002bc8    00000056                                   : _printfi.c.obj (.text:_pconv_f)
                  00002c1e    00000054                                   : _ltoa.c.obj (.text:__TI_ltoa)
                  00002c72    00000002     --HOLE-- [fill = 0]
                  00002c74    00000054     engr2350_msp432.obj (.text:dread)
                  00002cc8    00000052     rtsv7M4_T_le_v4SPD16_eabi.lib : _printfi.c.obj (.text:_ecpy)
                  00002d1a    0000004c                                   : fflush.c.obj (.text:__TI_doflush)
                  00002d66    00000002     --HOLE-- [fill = 0]
                  00002d68    0000004c                                   : atoi.c.obj (.text:atoi)
                  00002db4    00000048     engr2350_msp432.obj (.text:dwrite)
                  00002dfc    00000048     rtsv7M4_T_le_v4SPD16_eabi.lib : exit.c.obj (.text:exit)
                  00002e44    00000048                                   : fd_toi_t2.asm.obj (.text)
                  00002e8c    00000044                                   : hostclose.c.obj (.text:HOSTclose)
                  00002ed0    00000044                                   : hostunlink.c.obj (.text:HOSTunlink)
                  00002f14    00000044                                   : autoinit.c.obj (.text:__TI_auto_init_nobinit_nopinit:__TI_auto_init_nobinit_nopinit)
                  00002f58    00000044                                   : getdevice.c.obj (.text:getdevice)
                  00002f9c    00000040     msp432p4xx_driverlib.lib : gpio.o (.text:GPIO_setAsOutputPin)
                  00002fdc    0000003e     rtsv7M4_T_le_v4SPD16_eabi.lib : _printfi.c.obj (.text:_fcpy)
                  0000301a    00000002     --HOLE-- [fill = 0]
                  0000301c    0000003c     main.obj (.text:Timer_Init)
                  00003058    00000038     rtsv7M4_T_le_v4SPD16_eabi.lib : trgmsg.c.obj (.text:__TI_writemsg)
                  00003090    00000036                                   : strncpy.c.obj (.text:strncpy)
                  000030c6    00000002     --HOLE-- [fill = 0]
                  000030c8    00000034                                   : fopen.c.obj (.text:__TI_cleanup)
                  000030fc    00000034                                   : trgmsg.c.obj (.text:__TI_readmsg)
                  00003130    00000034                                   : boot_cortex_m.c.obj (.text:_c_int00_noargs:_c_int00_noargs)
                  00003164    00000034                                   : fopen.c.obj (.text:freopen)
                  00003198    00000030                                   : getdevice.c.obj (.text:finddevice)
                  000031c8    00000030     main.obj (.text:main)
                  000031f8    0000002e     rtsv7M4_T_le_v4SPD16_eabi.lib : i_tofd_t2.asm.obj (.text)
                  00003226    00000002     --HOLE-- [fill = 0]
                  00003228    0000002c                                   : unlink.c.obj (.text:unlink)
                  00003254    00000028     msp432p4xx_driverlib.lib : gpio.o (.text:GPIO_toggleOutputOnPin)
                  0000327c    00000028     rtsv7M4_T_le_v4SPD16_eabi.lib : memory.c.obj (.text:free_list_insert)
                  000032a4    00000028                                   : lseek.c.obj (.text:lseek)
                  000032cc    00000028                                   : write.c.obj (.text:write)
                  000032f4    00000020                                   : memchr.c.obj (.text:memchr)
                  00003314    0000001c     engr2350_msp432.obj (.text:dclose)
                  00003330    0000001c     rtsv7M4_T_le_v4SPD16_eabi.lib : copy_zero_init.c.obj (.text:decompress:ZI:__TI_zero_init_nomemset:__TI_zero_init_nomemset)
                  0000334c    0000001c                                   : memory.c.obj (.text:free_list_remove)
                  00003368    0000001c                                   : memccpy.c.obj (.text:memccpy)
                  00003384    0000001a                                   : s_copysign.c.obj (.text:copysign)
                  0000339e    00000018                                   : strcmp.c.obj (.text:strcmp)
                  000033b6    00000016     msp432p4xx_driverlib.lib : timer_a.o (.text:Timer_A_clearInterruptFlag)
                  000033cc    00000016                              : timer_a.o (.text:Timer_A_startCounter)
                  000033e2    00000016     rtsv7M4_T_le_v4SPD16_eabi.lib : strchr.c.obj (.text:strchr)
                  000033f8    00000014                                   : strcpy.c.obj (.text:strcpy)
                  0000340c    00000014                                   : strlen.c.obj (.text:strlen)
                  00003420    00000012     msp432p4xx_driverlib.lib : timer_a.o (.text:Timer_A_getInterruptStatus)
                  00003432    00000012     engr2350_msp432.obj (.text:dlseek)
                  00003444    00000012     rtsv7M4_T_le_v4SPD16_eabi.lib : wcslen.c.obj (.text:wcslen)
                  00003456    00000010     engr2350_msp432.obj (.text:drename)
                  00003466    0000000e     rtsv7M4_T_le_v4SPD16_eabi.lib : copy_decompress_none.c.obj (.text:decompress:none:__TI_decompress_none)
                  00003474    0000000e     engr2350_msp432.obj (.text:dunlink)
                  00003482    0000000c     main.obj (.text:GPIO_Init)
                  0000348e    0000000c     startup_msp432p401r_ccs.obj (.text:Reset_Handler)
                  0000349a    00000008     engr2350_msp432.obj (.text:SysInit)
                  000034a2    00000002     --HOLE-- [fill = 0]
                  000034a4    00000008     rtsv7M4_T_le_v4SPD16_eabi.lib : errno.c.obj (.text:__aeabi_errno_addr)
                  000034ac    00000008                                   : memory.c.obj (.text:malloc)
                  000034b4    00000004                                   : printf.c.obj (.text:_outc)
                  000034b8    00000004                                   : printf.c.obj (.text:_outs)
                  000034bc    00000004                                   : pre_init.c.obj (.text:_system_pre_init)
                  000034c0    00000004                                   : exit.c.obj (.text:abort:abort)

.const     0    000034c4    00000161     
                  000034c4    00000101     rtsv7M4_T_le_v4SPD16_eabi.lib : ctype.c.obj (.const:.string:_ctypes_)
                  000035c5    00000003     --HOLE-- [fill = 0]
                  000035c8    00000030     msp432p4xx_driverlib.lib : gpio.o (.const:GPIO_PORT_TO_BASE)
                  000035f8    00000028     engr2350_msp432.obj (.const:$P$T1$2)
                  00003620    00000005     engr2350_msp432.obj (.const:.string:$P$T0$1)

.cinit     0    00003628    00000090     
                  00003628    00000069     (.cinit..data.load) [load image, compression = lzss]
                  00003691    00000003     --HOLE-- [fill = 0]
                  00003694    0000000c     (__TI_handler_table)
                  000036a0    00000008     (.cinit..bss.load) [load image, compression = zero_init]
                  000036a8    00000010     (__TI_cinit_table)

.init_array 
*          0    00000000    00000000     UNINITIALIZED

.binit     0    00000000    00000000     

.sysmem    0    20000000    00000400     UNINITIALIZED
                  20000000    00000010     rtsv7M4_T_le_v4SPD16_eabi.lib : memory.c.obj (.sysmem)
                  20000010    000003f0     --HOLE--

.data      0    20000400    000001f0     UNINITIALIZED
                  20000400    000000f0     rtsv7M4_T_le_v4SPD16_eabi.lib : defs.c.obj (.data:_ftable)
                  200004f0    00000078                                   : host_device.c.obj (.data:_device)
                  20000568    00000050                                   : host_device.c.obj (.data:_stream)
                  200005b8    00000010                                   : defs.c.obj (.data)
                  200005c8    0000000c                                   : exit.c.obj (.data:$O1$$)
                  200005d4    00000008                                   : _lock.c.obj (.data:$O1$$)
                  200005dc    00000008                                   : memory.c.obj (.data:$O1$$)
                  200005e4    00000004                                   : add_device.c.obj (.data)
                  200005e8    00000004                                   : errno.c.obj (.data)
                  200005ec    00000004                                   : open.c.obj (.data)

.bss       0    200005f0    000001e4     UNINITIALIZED
                  200005f0    00000120     rtsv7M4_T_le_v4SPD16_eabi.lib : trgmsg.c.obj (.bss:_CIOBUF_)
                  20000710    000000a0     (.common:__TI_tmpnams)
                  200007b0    00000018     (.common:config)
                  200007c8    00000008     (.common:parmbuf)
                  200007d0    00000004     (.common:time)

.stack     0    2000fc00    00000400     UNINITIALIZED
                  2000fc00    00000004     rtsv7M4_T_le_v4SPD16_eabi.lib : boot_cortex_m.c.obj (.stack)
                  2000fc04    000003fc     --HOLE--

__llvm_prf_cnts 
*          0    20000000    00000000     UNINITIALIZED

MODULE SUMMARY

       Module                        code    ro data   rw data
       ------                        ----    -------   -------
    .\
       main.obj                      272     0         56     
    +--+-----------------------------+-------+---------+---------+
       Total:                        272     0         56     
                                                              
    .\src\
       engr2350_msp432.obj           524     45        0      
       startup_msp432p401r_ccs.obj   14      228       0      
       system_msp432p401r.obj        152     0         0      
    +--+-----------------------------+-------+---------+---------+
       Total:                        690     273       0      
                                                              
    C:/ti/simplelink_msp432p4_sdk_3_40_01_02/source/ti/devices/msp432p4xx/driverlib/ccs/msp432p4xx_driverlib.lib
       timer_a.o                     490     0         0      
       uart.o                        284     0         0      
       gpio.o                        104     48        0      
    +--+-----------------------------+-------+---------+---------+
       Total:                        878     48        0      
                                                              
    C:\ti\ccs1200\ccs\tools\compiler\ti-cgt-arm_20.2.6.LTS\lib\rtsv7M4_T_le_v4SPD16_eabi.lib
       _printfi.c.obj                4851    0         0      
       defs.c.obj                    0       0         832    
       memory.c.obj                  672     0         16     
       trgmsg.c.obj                  108     0         576    
       fd_add_t2.asm.obj             438     0         0      
       host_device.c.obj             0       0         400    
       fopen.c.obj                   376     0         0      
       fd_div_t2.asm.obj             310     0         0      
       fputs.c.obj                   276     0         0      
       s_scalbn.c.obj                272     0         0      
       fd_cmp_t2.asm.obj             268     0         0      
       ctype.c.obj                   0       257       0      
       fd_mul_t2.asm.obj             252     0         0      
       setvbuf.c.obj                 220     0         0      
       open.c.obj                    188     0         8      
       add_device.c.obj              184     0         8      
       memcpy_t2.asm.obj             156     0         0      
       ull_div_t2.asm.obj            150     0         0      
       fputc.c.obj                   140     0         0      
       memset_t2.asm.obj             122     0         0      
       fclose.c.obj                  116     0         0      
       getdevice.c.obj               116     0         0      
       hostopen.c.obj                96      0         16     
       printf.c.obj                  112     0         0      
       hostrename.c.obj              108     0         0      
       copy_decompress_lzss.c.obj    104     0         0      
       hostlseek.c.obj               104     0         0      
       exit.c.obj                    76      0         24     
       fseek.c.obj                   100     0         0      
       s_frexp.c.obj                 100     0         0      
       _io_perm.c.obj                98      0         0      
       close.c.obj                   92      0         0      
       hostread.c.obj                88      0         0      
       hostwrite.c.obj               88      0         0      
       _ltoa.c.obj                   84      0         0      
       atoi.c.obj                    76      0         0      
       fflush.c.obj                  76      0         0      
       fd_toi_t2.asm.obj             72      0         0      
       autoinit.c.obj                68      0         0      
       hostclose.c.obj               68      0         0      
       hostunlink.c.obj              68      0         0      
       strncpy.c.obj                 54      0         0      
       boot_cortex_m.c.obj           52      0         0      
       i_tofd_t2.asm.obj             46      0         0      
       unlink.c.obj                  44      0         0      
       lseek.c.obj                   40      0         0      
       write.c.obj                   40      0         0      
       memchr.c.obj                  32      0         0      
       copy_zero_init.c.obj          28      0         0      
       memccpy.c.obj                 28      0         0      
       s_copysign.c.obj              26      0         0      
       strcmp.c.obj                  24      0         0      
       strchr.c.obj                  22      0         0      
       strcpy.c.obj                  20      0         0      
       strlen.c.obj                  20      0         0      
       _lock.c.obj                   2       0         16     
       wcslen.c.obj                  18      0         0      
       errno.c.obj                   8       0         8      
       copy_decompress_none.c.obj    14      0         0      
       pre_init.c.obj                4       0         0      
       div0.asm.obj                  2       0         0      
    +--+-----------------------------+-------+---------+---------+
       Total:                        11417   257       1904   
                                                              
       Heap:                         0       0         2048   
       Stack:                        0       0         2048   
       Linker Generated:             0       141       0      
    +--+-----------------------------+-------+---------+---------+
       Grand Total:                  13257   719       6056   


LINKER GENERATED COPY TABLES

__TI_cinit_table @ 000036a8 records: 2, size/record: 8, table size: 16
	.data: load addr=00003628, load size=00000069 bytes, run addr=20000400, run size=000001f0 bytes, compression=lzss
	.bss: load addr=000036a0, load size=00000008 bytes, run addr=200005f0, run size=000001e4 bytes, compression=zero_init


LINKER GENERATED HANDLER TABLE

__TI_handler_table @ 00003694 records: 3, size/record: 4, table size: 12
	index: 0, handler: __TI_decompress_lzss
	index: 1, handler: __TI_decompress_none
	index: 2, handler: __TI_zero_init


GLOBAL SYMBOLS: SORTED ALPHABETICALLY BY Name 

address   name                           
-------   ----                           
00000b33  ADC14_IRQHandler               
00000b33  AES256_IRQHandler              
00000b33  BusFault_Handler               
000034c1  C$$EXIT                        
00003087  C$$IO$$                        
00000b33  COMP_E0_IRQHandler             
00000b33  COMP_E1_IRQHandler             
00000b33  CS_IRQHandler                  
00000b33  DMA_ERR_IRQHandler             
00000b33  DMA_INT0_IRQHandler            
00000b33  DMA_INT1_IRQHandler            
00000b33  DMA_INT2_IRQHandler            
00000b33  DMA_INT3_IRQHandler            
00000b33  DebugMon_Handler               
00000b33  Default_Handler                
00000b33  EUSCIA0_IRQHandler             
00000b33  EUSCIA1_IRQHandler             
00000b33  EUSCIA2_IRQHandler             
00000b33  EUSCIA3_IRQHandler             
00000b33  EUSCIB0_IRQHandler             
00000b33  EUSCIB1_IRQHandler             
00000b33  EUSCIB2_IRQHandler             
00000b33  EUSCIB3_IRQHandler             
00000b33  FLCTL_IRQHandler               
00000b33  FPU_IRQHandler                 
00003483  GPIO_Init                      
00002f9d  GPIO_setAsOutputPin            
00003255  GPIO_toggleOutputOnPin         
00002e8d  HOSTclose                      
00002791  HOSTlseek                      
00002a5d  HOSTopen                       
00002b19  HOSTread                       
00002725  HOSTrename                     
00002ed1  HOSTunlink                     
00002b71  HOSTwrite                      
00000b33  HardFault_Handler              
00000b33  MemManage_Handler              
00000b33  NMI_Handler                    
00000b33  PCM_IRQHandler                 
00000b33  PORT1_IRQHandler               
00000b33  PORT2_IRQHandler               
00000b33  PORT3_IRQHandler               
00000b33  PORT4_IRQHandler               
00000b33  PORT5_IRQHandler               
00000b33  PORT6_IRQHandler               
00000b33  PSS_IRQHandler                 
00000b33  PendSV_Handler                 
00000b33  RTC_C_IRQHandler               
0000348f  Reset_Handler                  
00000b33  SVC_Handler                    
0000349b  SysInit                        
00000b33  SysTick_Handler                
00002175  SystemInit                     
00000b33  T32_INT1_IRQHandler            
00000b33  T32_INT2_IRQHandler            
00000b33  T32_INTC_IRQHandler            
00000b33  TA0_0_IRQHandler               
00000b33  TA0_N_IRQHandler               
00000b33  TA1_0_IRQHandler               
00000b33  TA1_N_IRQHandler               
00000b33  TA2_0_IRQHandler               
00000b33  TA2_N_IRQHandler               
00000b33  TA3_0_IRQHandler               
00000b33  TA3_N_IRQHandler               
000033b7  Timer_A_clearInterruptFlag     
000027f9  Timer_A_configureUpMode        
00003421  Timer_A_getInterruptStatus     
000033cd  Timer_A_startCounter           
0000301d  Timer_Init                     
00001609  UART_initModule                
0000220d  UpdateTime                     
00000b33  UsageFault_Handler             
4000480c  WDTCTL_SYM                     
00000b33  WDT_A_IRQHandler               
200005f0  __CIOBUF_                      
20010000  __STACK_END                    
00000400  __STACK_SIZE                   
00000400  __SYSMEM_SIZE                  
000036a8  __TI_CINIT_Base                
000036b8  __TI_CINIT_Limit               
00003694  __TI_Handler_Table_Base        
000036a0  __TI_Handler_Table_Limit       
00002f15  __TI_auto_init_nobinit_nopinit 
000030c9  __TI_cleanup                   
200005c8  __TI_cleanup_ptr               
000025d1  __TI_closefile                 
00002861  __TI_decompress_lzss           
00003467  __TI_decompress_none           
00002d1b  __TI_doflush                   
200005cc  __TI_dtors_ptr                 
200005d0  __TI_enable_exit_profile_output
200005b8  __TI_ft_end                    
00002c1f  __TI_ltoa                      
ffffffff  __TI_pprof_out_hndl            
000000e5  __TI_printfi                   
ffffffff  __TI_prof_data_size            
ffffffff  __TI_prof_data_start           
000030fd  __TI_readmsg                   
00000000  __TI_static_base__             
20000710  __TI_tmpnams                   
00003059  __TI_writemsg                  
000029f9  __TI_wrt_ok                    
00003331  __TI_zero_init_nomemset        
000023c9  __aeabi_cdcmpeq                
000023c9  __aeabi_cdcmple                
0000244f  __aeabi_cdrcmple               
00002e45  __aeabi_d2iz                   
00000f7f  __aeabi_dadd                   
000013ad  __aeabi_ddiv                   
00001b59  __aeabi_dmul                   
00000f75  __aeabi_dsub                   
000034a5  __aeabi_errno_addr             
000031f9  __aeabi_i2d                    
000014e3  __aeabi_idiv0                  
000014e3  __aeabi_ldiv0                  
00002555  __aeabi_memclr                 
00002555  __aeabi_memclr4                
00002555  __aeabi_memclr8                
000020d9  __aeabi_memcpy                 
000020d9  __aeabi_memcpy4                
000020d9  __aeabi_memcpy8                
00002557  __aeabi_memset                 
00002557  __aeabi_memset4                
00002557  __aeabi_memset8                
200005c4  __aeabi_stderr                 
200005bc  __aeabi_stdin                  
200005c0  __aeabi_stdout                 
000022a5  __aeabi_uldivmod               
ffffffff  __binit__                      
ffffffff  __c_args__                     
UNDEFED   __mpu_init                     
2000fc00  __stack                        
20000000  __start___llvm_prf_cnts        
20000000  __stop___llvm_prf_cnts         
00003131  _c_int00_noargs                
000034c4  _ctypes_                       
200004f0  _device                        
20000400  _ftable                        
200005d4  _lock                          
0000112b  _nop                           
20000568  _stream                        
20000000  _sys_memory                    
UNDEFED   _system_post_cinit             
000034bd  _system_pre_init               
200005d8  _unlock                        
000034c1  abort                          
00001ed1  add_device                     
00001a59  aligned_alloc                  
00002d69  atoi                           
ffffffff  binit                          
00002abd  close                          
200007b0  config                         
00003385  copysign                       
00003385  copysignl                      
00003315  dclose                         
00003433  dlseek                         
000024d5  dopen                          
00002c75  dread                          
00003457  drename                        
00003475  dunlink                        
00002db5  dwrite                         
200005e8  errno                          
00002dfd  exit                           
00003199  finddevice                     
0000233d  fputc                          
00001725  fputs                          
00001c55  free                           
00003165  freopen                        
00002931  frexp                          
00002931  frexpl                         
00002995  fseek                          
00002f59  getdevice                      
0000203d  init_std_uart                  
00000000  interruptVectors               
00001949  ldexp                          
00001949  ldexpl                         
000032a5  lseek                          
000031c9  main                           
000034ad  malloc                         
00001a59  memalign                       
00003369  memccpy                        
000032f5  memchr                         
000020d9  memcpy                         
0000255d  memset                         
00001e15  open                           
200007c8  parmbuf                        
000028c9  printf                         
0000233d  putc                           
00003229  remove                         
00001949  scalbn                         
00001949  scalbnl                        
00001d39  setvbuf                        
000033e3  strchr                         
0000339f  strcmp                         
000033f9  strcpy                         
0000340d  strlen                         
00003091  strncpy                        
200007d0  time                           
00003229  unlink                         
00003445  wcslen                         
000032cd  write                          


GLOBAL SYMBOLS: SORTED BY Symbol Address 

address   name                           
-------   ----                           
00000000  __TI_static_base__             
00000000  interruptVectors               
000000e5  __TI_printfi                   
00000400  __STACK_SIZE                   
00000400  __SYSMEM_SIZE                  
00000b33  ADC14_IRQHandler               
00000b33  AES256_IRQHandler              
00000b33  BusFault_Handler               
00000b33  COMP_E0_IRQHandler             
00000b33  COMP_E1_IRQHandler             
00000b33  CS_IRQHandler                  
00000b33  DMA_ERR_IRQHandler             
00000b33  DMA_INT0_IRQHandler            
00000b33  DMA_INT1_IRQHandler            
00000b33  DMA_INT2_IRQHandler            
00000b33  DMA_INT3_IRQHandler            
00000b33  DebugMon_Handler               
00000b33  Default_Handler                
00000b33  EUSCIA0_IRQHandler             
00000b33  EUSCIA1_IRQHandler             
00000b33  EUSCIA2_IRQHandler             
00000b33  EUSCIA3_IRQHandler             
00000b33  EUSCIB0_IRQHandler             
00000b33  EUSCIB1_IRQHandler             
00000b33  EUSCIB2_IRQHandler             
00000b33  EUSCIB3_IRQHandler             
00000b33  FLCTL_IRQHandler               
00000b33  FPU_IRQHandler                 
00000b33  HardFault_Handler              
00000b33  MemManage_Handler              
00000b33  NMI_Handler                    
00000b33  PCM_IRQHandler                 
00000b33  PORT1_IRQHandler               
00000b33  PORT2_IRQHandler               
00000b33  PORT3_IRQHandler               
00000b33  PORT4_IRQHandler               
00000b33  PORT5_IRQHandler               
00000b33  PORT6_IRQHandler               
00000b33  PSS_IRQHandler                 
00000b33  PendSV_Handler                 
00000b33  RTC_C_IRQHandler               
00000b33  SVC_Handler                    
00000b33  SysTick_Handler                
00000b33  T32_INT1_IRQHandler            
00000b33  T32_INT2_IRQHandler            
00000b33  T32_INTC_IRQHandler            
00000b33  TA0_0_IRQHandler               
00000b33  TA0_N_IRQHandler               
00000b33  TA1_0_IRQHandler               
00000b33  TA1_N_IRQHandler               
00000b33  TA2_0_IRQHandler               
00000b33  TA2_N_IRQHandler               
00000b33  TA3_0_IRQHandler               
00000b33  TA3_N_IRQHandler               
00000b33  UsageFault_Handler             
00000b33  WDT_A_IRQHandler               
00000f75  __aeabi_dsub                   
00000f7f  __aeabi_dadd                   
0000112b  _nop                           
000013ad  __aeabi_ddiv                   
000014e3  __aeabi_idiv0                  
000014e3  __aeabi_ldiv0                  
00001609  UART_initModule                
00001725  fputs                          
00001949  ldexp                          
00001949  ldexpl                         
00001949  scalbn                         
00001949  scalbnl                        
00001a59  aligned_alloc                  
00001a59  memalign                       
00001b59  __aeabi_dmul                   
00001c55  free                           
00001d39  setvbuf                        
00001e15  open                           
00001ed1  add_device                     
0000203d  init_std_uart                  
000020d9  __aeabi_memcpy                 
000020d9  __aeabi_memcpy4                
000020d9  __aeabi_memcpy8                
000020d9  memcpy                         
00002175  SystemInit                     
0000220d  UpdateTime                     
000022a5  __aeabi_uldivmod               
0000233d  fputc                          
0000233d  putc                           
000023c9  __aeabi_cdcmpeq                
000023c9  __aeabi_cdcmple                
0000244f  __aeabi_cdrcmple               
000024d5  dopen                          
00002555  __aeabi_memclr                 
00002555  __aeabi_memclr4                
00002555  __aeabi_memclr8                
00002557  __aeabi_memset                 
00002557  __aeabi_memset4                
00002557  __aeabi_memset8                
0000255d  memset                         
000025d1  __TI_closefile                 
00002725  HOSTrename                     
00002791  HOSTlseek                      
000027f9  Timer_A_configureUpMode        
00002861  __TI_decompress_lzss           
000028c9  printf                         
00002931  frexp                          
00002931  frexpl                         
00002995  fseek                          
000029f9  __TI_wrt_ok                    
00002a5d  HOSTopen                       
00002abd  close                          
00002b19  HOSTread                       
00002b71  HOSTwrite                      
00002c1f  __TI_ltoa                      
00002c75  dread                          
00002d1b  __TI_doflush                   
00002d69  atoi                           
00002db5  dwrite                         
00002dfd  exit                           
00002e45  __aeabi_d2iz                   
00002e8d  HOSTclose                      
00002ed1  HOSTunlink                     
00002f15  __TI_auto_init_nobinit_nopinit 
00002f59  getdevice                      
00002f9d  GPIO_setAsOutputPin            
0000301d  Timer_Init                     
00003059  __TI_writemsg                  
00003087  C$$IO$$                        
00003091  strncpy                        
000030c9  __TI_cleanup                   
000030fd  __TI_readmsg                   
00003131  _c_int00_noargs                
00003165  freopen                        
00003199  finddevice                     
000031c9  main                           
000031f9  __aeabi_i2d                    
00003229  remove                         
00003229  unlink                         
00003255  GPIO_toggleOutputOnPin         
000032a5  lseek                          
000032cd  write                          
000032f5  memchr                         
00003315  dclose                         
00003331  __TI_zero_init_nomemset        
00003369  memccpy                        
00003385  copysign                       
00003385  copysignl                      
0000339f  strcmp                         
000033b7  Timer_A_clearInterruptFlag     
000033cd  Timer_A_startCounter           
000033e3  strchr                         
000033f9  strcpy                         
0000340d  strlen                         
00003421  Timer_A_getInterruptStatus     
00003433  dlseek                         
00003445  wcslen                         
00003457  drename                        
00003467  __TI_decompress_none           
00003475  dunlink                        
00003483  GPIO_Init                      
0000348f  Reset_Handler                  
0000349b  SysInit                        
000034a5  __aeabi_errno_addr             
000034ad  malloc                         
000034bd  _system_pre_init               
000034c1  C$$EXIT                        
000034c1  abort                          
000034c4  _ctypes_                       
00003694  __TI_Handler_Table_Base        
000036a0  __TI_Handler_Table_Limit       
000036a8  __TI_CINIT_Base                
000036b8  __TI_CINIT_Limit               
20000000  __start___llvm_prf_cnts        
20000000  __stop___llvm_prf_cnts         
20000000  _sys_memory                    
20000400  _ftable                        
200004f0  _device                        
20000568  _stream                        
200005b8  __TI_ft_end                    
200005bc  __aeabi_stdin                  
200005c0  __aeabi_stdout                 
200005c4  __aeabi_stderr                 
200005c8  __TI_cleanup_ptr               
200005cc  __TI_dtors_ptr                 
200005d0  __TI_enable_exit_profile_output
200005d4  _lock                          
200005d8  _unlock                        
200005e8  errno                          
200005f0  __CIOBUF_                      
20000710  __TI_tmpnams                   
200007b0  config                         
200007c8  parmbuf                        
200007d0  time                           
2000fc00  __stack                        
20010000  __STACK_END                    
4000480c  WDTCTL_SYM                     
ffffffff  __TI_pprof_out_hndl            
ffffffff  __TI_prof_data_size            
ffffffff  __TI_prof_data_start           
ffffffff  __binit__                      
ffffffff  __c_args__                     
ffffffff  binit                          
UNDEFED   __mpu_init                     
UNDEFED   _system_post_cinit             

[201 symbols]
