******************************************************************************
                  TI ARM Linker PC v20.2.6                     
******************************************************************************
>> Linked Thu Oct 20 10:38:08 2022

OUTPUT FILE NAME:   <Activity_8.out>
ENTRY POINT SYMBOL: "_c_int00_noargs"  address: 0000352d


MEMORY CONFIGURATION

         name            origin    length      used     unused   attr    fill
----------------------  --------  ---------  --------  --------  ----  --------
  MAIN                  00000000   00040000  00003b51  0003c4af  R  X
  INFO                  00200000   00004000  00000000  00004000  R  X
  SRAM_CODE             01000000   00010000  00000cbe  0000f342  RW X
  SRAM_DATA             20000000   00010000  00000cbe  0000f342  RW  


SEGMENT ALLOCATION MAP

run origin  load origin   length   init length attrs members
----------  ----------- ---------- ----------- ----- -------
00000000    00000000    00003b58   00003b58    r-x
  00000000    00000000    000000e4   000000e4    r-- .intvecs
  000000e4    000000e4    00003848   00003848    r-x .text
  0000392c    0000392c    00000185   00000185    r-- .const
  00003ab8    00003ab8    000000a0   000000a0    r-- .cinit
20000000    20000000    000008be   00000000    rw-
  20000000    20000000    000000e8   00000000    rw- .vtable
  200000e8    200000e8    00000400   00000000    rw- .sysmem
  200004e8    200004e8    000001f0   00000000    rw- .data
  200006d8    200006d8    000001e6   00000000    rw- .bss
2000fc00    2000fc00    00000400   00000000    rw-
  2000fc00    2000fc00    00000400   00000000    rw- .stack


SECTION ALLOCATION MAP

 output                                  attributes/
section   page    origin      length       input sections
--------  ----  ----------  ----------   ----------------
.intvecs   0    00000000    000000e4     
                  00000000    000000e4     startup_msp432p401r_ccs.obj (.intvecs:retain)

.text      0    000000e4    00003848     
                  000000e4    00000a4e     rtsv7M4_T_le_v4SPD16_eabi.lib : _printfi.c.obj (.text:__TI_printfi)
                  00000b32    00000002     startup_msp432p401r_ccs.obj (.text:Default_Handler)
                  00000b34    00000270     rtsv7M4_T_le_v4SPD16_eabi.lib : _printfi.c.obj (.text:_pconv_a)
                  00000da4    000001d0                                   : _printfi.c.obj (.text:_pconv_g)
                  00000f74    000001b6                                   : fd_add_t2.asm.obj (.text)
                  0000112a    00000002                                   : _lock.c.obj (.text:_nop)
                  0000112c    00000144     msp432p4xx_driverlib.lib : timer_a.o (.text:privateTimer_AProcessClockSourceDivider)
                  00001270    0000013c     rtsv7M4_T_le_v4SPD16_eabi.lib : _printfi.c.obj (.text:_pconv_e)
                  000013ac    00000136                                   : fd_div_t2.asm.obj (.text)
                  000014e2    00000002                                   : div0.asm.obj (.text)
                  000014e4    00000124                                   : _printfi.c.obj (.text:fcvt)
                  00001608    0000011c     msp432p4xx_driverlib.lib : uart.o (.text:UART_initModule)
                  00001724    00000114     rtsv7M4_T_le_v4SPD16_eabi.lib : fputs.c.obj (.text:fputs)
                  00001838    00000110                                   : fopen.c.obj (.text:_openfile)
                  00001948    00000110                                   : s_scalbn.c.obj (.text:scalbn)
                  00001a58    00000100                                   : memory.c.obj (.text:aligned_alloc)
                  00001b58    000000fc                                   : fd_mul_t2.asm.obj (.text)
                  00001c54    000000f0     main.obj (.text:UpdateTime)
                  00001d44    000000e4     rtsv7M4_T_le_v4SPD16_eabi.lib : memory.c.obj (.text:free)
                  00001e28    000000dc                                   : setvbuf.c.obj (.text:setvbuf)
                  00001f04    000000d2     msp432p4xx_driverlib.lib : timer_a.o (.text:Timer_A_registerInterrupt)
                  00001fd6    00000002     --HOLE-- [fill = 0]
                  00001fd8    000000bc     rtsv7M4_T_le_v4SPD16_eabi.lib : open.c.obj (.text:open)
                  00002094    000000b8                                   : add_device.c.obj (.text:add_device)
                  0000214c    000000b1                                   : _printfi.c.obj (.text:_ltostr)
                  000021fd    00000003     --HOLE-- [fill = 0]
                  00002200    0000009c     engr2350_msp432.obj (.text:init_std_uart)
                  0000229c    0000009c     rtsv7M4_T_le_v4SPD16_eabi.lib : memcpy_t2.asm.obj (.text)
                  00002338    00000098     system_msp432p401r.obj (.text:SystemInit)
                  000023d0    00000096     rtsv7M4_T_le_v4SPD16_eabi.lib : ull_div_t2.asm.obj (.text)
                  00002466    00000002     --HOLE-- [fill = 0]
                  00002468    0000008c                                   : fputc.c.obj (.text:fputc)
                  000024f4    00000086                                   : fd_cmp_t2.asm.obj (.text:__aeabi_cdcmple)
                  0000257a    00000086                                   : fd_cmp_t2.asm.obj (.text:__aeabi_cdrcmple)
                  00002600    00000084     msp432p4xx_driverlib.lib : gpio.o (.text:GPIO_getEnabledInterruptStatus)
                  00002684    00000080                              : interrupt.o (.text:Interrupt_enableInterrupt)
                  00002704    00000080     engr2350_msp432.obj (.text:dopen)
                  00002784    0000007a     rtsv7M4_T_le_v4SPD16_eabi.lib : memset_t2.asm.obj (.text)
                  000027fe    00000002     --HOLE-- [fill = 0]
                  00002800    00000074                                   : fclose.c.obj (.text:__TI_closefile)
                  00002874    00000070                                   : memory.c.obj (.text:split)
                  000028e4    0000006e                                   : _printfi.c.obj (.text:_mcpy)
                  00002952    00000002     --HOLE-- [fill = 0]
                  00002954    0000006c                                   : hostrename.c.obj (.text:HOSTrename)
                  000029c0    00000068                                   : hostlseek.c.obj (.text:HOSTlseek)
                  00002a28    00000068     msp432p4xx_driverlib.lib : timer_a.o (.text:Timer_A_configureUpMode)
                  00002a90    00000068     rtsv7M4_T_le_v4SPD16_eabi.lib : copy_decompress_lzss.c.obj (.text:decompress:lzss:__TI_decompress_lzss)
                  00002af8    00000068                                   : printf.c.obj (.text:printf)
                  00002b60    00000064                                   : s_frexp.c.obj (.text:frexp)
                  00002bc4    00000064                                   : fseek.c.obj (.text:fseek)
                  00002c28    00000062                                   : _io_perm.c.obj (.text:__TI_wrt_ok)
                  00002c8a    00000002     --HOLE-- [fill = 0]
                  00002c8c    00000060                                   : hostopen.c.obj (.text:HOSTopen)
                  00002cec    00000060     main.obj (.text:Port4_ISR)
                  00002d4c    0000005c     msp432p4xx_driverlib.lib : interrupt.o (.text:Interrupt_registerInterrupt)
                  00002da8    0000005c     rtsv7M4_T_le_v4SPD16_eabi.lib : close.c.obj (.text:close)
                  00002e04    00000058     msp432p4xx_driverlib.lib : gpio.o (.text:GPIO_setAsInputPinWithPullUpResistor)
                  00002e5c    00000058     rtsv7M4_T_le_v4SPD16_eabi.lib : hostread.c.obj (.text:HOSTread)
                  00002eb4    00000058                                   : hostwrite.c.obj (.text:HOSTwrite)
                  00002f0c    00000056                                   : _printfi.c.obj (.text:_pconv_f)
                  00002f62    00000002     --HOLE-- [fill = 0]
                  00002f64    00000054     main.obj (.text:GPIO_Init)
                  00002fb8    00000054     main.obj (.text:Timer_Init)
                  0000300c    00000054     rtsv7M4_T_le_v4SPD16_eabi.lib : _ltoa.c.obj (.text:__TI_ltoa)
                  00003060    00000054     engr2350_msp432.obj (.text:dread)
                  000030b4    00000052     rtsv7M4_T_le_v4SPD16_eabi.lib : _printfi.c.obj (.text:_ecpy)
                  00003106    00000002     --HOLE-- [fill = 0]
                  00003108    00000050     main.obj (.text:main)
                  00003158    0000004c     rtsv7M4_T_le_v4SPD16_eabi.lib : fflush.c.obj (.text:__TI_doflush)
                  000031a4    0000004c                                   : atoi.c.obj (.text:atoi)
                  000031f0    00000048     engr2350_msp432.obj (.text:dwrite)
                  00003238    00000048     rtsv7M4_T_le_v4SPD16_eabi.lib : exit.c.obj (.text:exit)
                  00003280    00000048                                   : fd_toi_t2.asm.obj (.text)
                  000032c8    00000044                                   : hostclose.c.obj (.text:HOSTclose)
                  0000330c    00000044                                   : hostunlink.c.obj (.text:HOSTunlink)
                  00003350    00000044                                   : autoinit.c.obj (.text:__TI_auto_init_nobinit_nopinit:__TI_auto_init_nobinit_nopinit)
                  00003394    00000044                                   : getdevice.c.obj (.text:getdevice)
                  000033d8    0000003e                                   : _printfi.c.obj (.text:_fcpy)
                  00003416    00000002     --HOLE-- [fill = 0]
                  00003418    0000003c     msp432p4xx_driverlib.lib : gpio.o (.text:GPIO_interruptEdgeSelect)
                  00003454    00000038     rtsv7M4_T_le_v4SPD16_eabi.lib : trgmsg.c.obj (.text:__TI_writemsg)
                  0000348c    00000036                                   : strncpy.c.obj (.text:strncpy)
                  000034c2    00000002     --HOLE-- [fill = 0]
                  000034c4    00000034                                   : fopen.c.obj (.text:__TI_cleanup)
                  000034f8    00000034                                   : trgmsg.c.obj (.text:__TI_readmsg)
                  0000352c    00000034                                   : boot_cortex_m.c.obj (.text:_c_int00_noargs:_c_int00_noargs)
                  00003560    00000034                                   : fopen.c.obj (.text:freopen)
                  00003594    00000030     msp432p4xx_driverlib.lib : gpio.o (.text:GPIO_getInputPinValue)
                  000035c4    00000030     rtsv7M4_T_le_v4SPD16_eabi.lib : getdevice.c.obj (.text:finddevice)
                  000035f4    0000002e                                   : i_tofd_t2.asm.obj (.text)
                  00003622    00000002     --HOLE-- [fill = 0]
                  00003624    0000002c                                   : unlink.c.obj (.text:unlink)
                  00003650    00000028     msp432p4xx_driverlib.lib : gpio.o (.text:GPIO_clearInterruptFlag)
                  00003678    00000028                              : gpio.o (.text:GPIO_enableInterrupt)
                  000036a0    00000028     rtsv7M4_T_le_v4SPD16_eabi.lib : memory.c.obj (.text:free_list_insert)
                  000036c8    00000028                                   : lseek.c.obj (.text:lseek)
                  000036f0    00000028                                   : write.c.obj (.text:write)
                  00003718    00000024     msp432p4xx_driverlib.lib : gpio.o (.text:GPIO_getInterruptStatus)
                  0000373c    00000024                              : gpio.o (.text:GPIO_registerInterrupt)
                  00003760    00000020     rtsv7M4_T_le_v4SPD16_eabi.lib : memchr.c.obj (.text:memchr)
                  00003780    0000001c     engr2350_msp432.obj (.text:dclose)
                  0000379c    0000001c     rtsv7M4_T_le_v4SPD16_eabi.lib : copy_zero_init.c.obj (.text:decompress:ZI:__TI_zero_init_nomemset:__TI_zero_init_nomemset)
                  000037b8    0000001c                                   : memory.c.obj (.text:free_list_remove)
                  000037d4    0000001c                                   : memccpy.c.obj (.text:memccpy)
                  000037f0    0000001a                                   : s_copysign.c.obj (.text:copysign)
                  0000380a    00000002     --HOLE-- [fill = 0]
                  0000380c    00000018     main.obj (.text:Timer_ISR)
                  00003824    00000018     rtsv7M4_T_le_v4SPD16_eabi.lib : strcmp.c.obj (.text:strcmp)
                  0000383c    00000016     msp432p4xx_driverlib.lib : timer_a.o (.text:Timer_A_clearInterruptFlag)
                  00003852    00000016                              : timer_a.o (.text:Timer_A_startCounter)
                  00003868    00000016     rtsv7M4_T_le_v4SPD16_eabi.lib : strchr.c.obj (.text:strchr)
                  0000387e    00000014                                   : strcpy.c.obj (.text:strcpy)
                  00003892    00000014                                   : strlen.c.obj (.text:strlen)
                  000038a6    00000012     engr2350_msp432.obj (.text:dlseek)
                  000038b8    00000012     rtsv7M4_T_le_v4SPD16_eabi.lib : wcslen.c.obj (.text:wcslen)
                  000038ca    00000010     engr2350_msp432.obj (.text:drename)
                  000038da    0000000e     rtsv7M4_T_le_v4SPD16_eabi.lib : copy_decompress_none.c.obj (.text:decompress:none:__TI_decompress_none)
                  000038e8    0000000e     engr2350_msp432.obj (.text:dunlink)
                  000038f6    0000000c     startup_msp432p401r_ccs.obj (.text:Reset_Handler)
                  00003902    00000008     engr2350_msp432.obj (.text:SysInit)
                  0000390a    00000002     --HOLE-- [fill = 0]
                  0000390c    00000008     rtsv7M4_T_le_v4SPD16_eabi.lib : errno.c.obj (.text:__aeabi_errno_addr)
                  00003914    00000008                                   : memory.c.obj (.text:malloc)
                  0000391c    00000004                                   : printf.c.obj (.text:_outc)
                  00003920    00000004                                   : printf.c.obj (.text:_outs)
                  00003924    00000004                                   : pre_init.c.obj (.text:_system_pre_init)
                  00003928    00000004                                   : exit.c.obj (.text:abort:abort)

.const     0    0000392c    00000185     
                  0000392c    00000101     rtsv7M4_T_le_v4SPD16_eabi.lib : ctype.c.obj (.const:.string:_ctypes_)
                  00003a2d    00000003     --HOLE-- [fill = 0]
                  00003a30    00000030     msp432p4xx_driverlib.lib : gpio.o (.const:GPIO_PORT_TO_BASE)
                  00003a60    00000028     engr2350_msp432.obj (.const:$P$T1$2)
                  00003a88    0000001c     msp432p4xx_driverlib.lib : gpio.o (.const:GPIO_PORT_TO_INT)
                  00003aa4    00000008                              : interrupt.o (.const:g_pulEnRegs)
                  00003aac    00000005     engr2350_msp432.obj (.const:.string:$P$T0$1)

.cinit     0    00003ab8    000000a0     
                  00003ab8    0000006b     (.cinit..data.load) [load image, compression = lzss]
                  00003b23    00000001     --HOLE-- [fill = 0]
                  00003b24    0000000c     (__TI_handler_table)
                  00003b30    00000008     (.cinit..bss.load) [load image, compression = zero_init]
                  00003b38    00000008     (.cinit..vtable.load) [load image, compression = zero_init]
                  00003b40    00000018     (__TI_cinit_table)

.init_array 
*          0    00000000    00000000     UNINITIALIZED

.binit     0    00000000    00000000     

.vtable    0    20000000    000000e8     UNINITIALIZED
                  20000000    000000e8     msp432p4xx_driverlib.lib : interrupt.o (.vtable)

.sysmem    0    200000e8    00000400     UNINITIALIZED
                  200000e8    00000010     rtsv7M4_T_le_v4SPD16_eabi.lib : memory.c.obj (.sysmem)
                  200000f8    000003f0     --HOLE--

.data      0    200004e8    000001f0     UNINITIALIZED
                  200004e8    000000f0     rtsv7M4_T_le_v4SPD16_eabi.lib : defs.c.obj (.data:_ftable)
                  200005d8    00000078                                   : host_device.c.obj (.data:_device)
                  20000650    00000050                                   : host_device.c.obj (.data:_stream)
                  200006a0    00000010                                   : defs.c.obj (.data)
                  200006b0    0000000c                                   : exit.c.obj (.data:$O1$$)
                  200006bc    00000008                                   : _lock.c.obj (.data:$O1$$)
                  200006c4    00000008                                   : memory.c.obj (.data:$O1$$)
                  200006cc    00000004                                   : add_device.c.obj (.data)
                  200006d0    00000004                                   : errno.c.obj (.data)
                  200006d4    00000004                                   : open.c.obj (.data)

.bss       0    200006d8    000001e6     UNINITIALIZED
                  200006d8    00000120     rtsv7M4_T_le_v4SPD16_eabi.lib : trgmsg.c.obj (.bss:_CIOBUF_)
                  200007f8    000000a0     (.common:__TI_tmpnams)
                  20000898    00000018     (.common:config)
                  200008b0    00000008     (.common:parmbuf)
                  200008b8    00000004     (.common:time)
                  200008bc    00000001     (.common:flag)
                  200008bd    00000001     (.common:gpio_flag)

.stack     0    2000fc00    00000400     UNINITIALIZED
                  2000fc00    00000004     rtsv7M4_T_le_v4SPD16_eabi.lib : boot_cortex_m.c.obj (.stack)
                  2000fc04    000003fc     --HOLE--

__llvm_prf_cnts 
*          0    20000000    00000000     UNINITIALIZED

MODULE SUMMARY

       Module                        code    ro data   rw data
       ------                        ----    -------   -------
    .\
       main.obj                      608     0         60     
    +--+-----------------------------+-------+---------+---------+
       Total:                        608     0         60     
                                                              
    .\src\
       engr2350_msp432.obj           524     45        0      
       startup_msp432p401r_ccs.obj   14      228       0      
       system_msp432p401r.obj        152     0         0      
    +--+-----------------------------+-------+---------+---------+
       Total:                        690     273       0      
                                                              
    C:/ti/simplelink_msp432p4_sdk_3_40_01_02/source/ti/devices/msp432p4xx/driverlib/ccs/msp432p4xx_driverlib.lib
       interrupt.o                   220     8         464    
       timer_a.o                     682     0         0      
       gpio.o                        480     76        0      
       uart.o                        284     0         0      
    +--+-----------------------------+-------+---------+---------+
       Total:                        1666    84        464    
                                                              
    C:\ti\ccs1200\ccs\tools\compiler\ti-cgt-arm_20.2.6.LTS\lib\rtsv7M4_T_le_v4SPD16_eabi.lib
       _printfi.c.obj                4851    0         0      
       defs.c.obj                    0       0         832    
       memory.c.obj                  672     0         16     
       trgmsg.c.obj                  108     0         576    
       fd_add_t2.asm.obj             438     0         0      
       host_device.c.obj             0       0         400    
       fopen.c.obj                   376     0         0      
       fd_div_t2.asm.obj             310     0         0      
       fputs.c.obj                   276     0         0      
       s_scalbn.c.obj                272     0         0      
       fd_cmp_t2.asm.obj             268     0         0      
       ctype.c.obj                   0       257       0      
       fd_mul_t2.asm.obj             252     0         0      
       setvbuf.c.obj                 220     0         0      
       open.c.obj                    188     0         8      
       add_device.c.obj              184     0         8      
       memcpy_t2.asm.obj             156     0         0      
       ull_div_t2.asm.obj            150     0         0      
       fputc.c.obj                   140     0         0      
       memset_t2.asm.obj             122     0         0      
       fclose.c.obj                  116     0         0      
       getdevice.c.obj               116     0         0      
       hostopen.c.obj                96      0         16     
       printf.c.obj                  112     0         0      
       hostrename.c.obj              108     0         0      
       copy_decompress_lzss.c.obj    104     0         0      
       hostlseek.c.obj               104     0         0      
       exit.c.obj                    76      0         24     
       fseek.c.obj                   100     0         0      
       s_frexp.c.obj                 100     0         0      
       _io_perm.c.obj                98      0         0      
       close.c.obj                   92      0         0      
       hostread.c.obj                88      0         0      
       hostwrite.c.obj               88      0         0      
       _ltoa.c.obj                   84      0         0      
       atoi.c.obj                    76      0         0      
       fflush.c.obj                  76      0         0      
       fd_toi_t2.asm.obj             72      0         0      
       autoinit.c.obj                68      0         0      
       hostclose.c.obj               68      0         0      
       hostunlink.c.obj              68      0         0      
       strncpy.c.obj                 54      0         0      
       boot_cortex_m.c.obj           52      0         0      
       i_tofd_t2.asm.obj             46      0         0      
       unlink.c.obj                  44      0         0      
       lseek.c.obj                   40      0         0      
       write.c.obj                   40      0         0      
       memchr.c.obj                  32      0         0      
       copy_zero_init.c.obj          28      0         0      
       memccpy.c.obj                 28      0         0      
       s_copysign.c.obj              26      0         0      
       strcmp.c.obj                  24      0         0      
       strchr.c.obj                  22      0         0      
       strcpy.c.obj                  20      0         0      
       strlen.c.obj                  20      0         0      
       _lock.c.obj                   2       0         16     
       wcslen.c.obj                  18      0         0      
       errno.c.obj                   8       0         8      
       copy_decompress_none.c.obj    14      0         0      
       pre_init.c.obj                4       0         0      
       div0.asm.obj                  2       0         0      
    +--+-----------------------------+-------+---------+---------+
       Total:                        11417   257       1904   
                                                              
       Heap:                         0       0         2048   
       Stack:                        0       0         2048   
       Linker Generated:             0       159       0      
    +--+-----------------------------+-------+---------+---------+
       Grand Total:                  14381   773       6524   


LINKER GENERATED COPY TABLES

__TI_cinit_table @ 00003b40 records: 3, size/record: 8, table size: 24
	.data: load addr=00003ab8, load size=0000006b bytes, run addr=200004e8, run size=000001f0 bytes, compression=lzss
	.bss: load addr=00003b30, load size=00000008 bytes, run addr=200006d8, run size=000001e6 bytes, compression=zero_init
	.vtable: load addr=00003b38, load size=00000008 bytes, run addr=20000000, run size=000000e8 bytes, compression=zero_init


LINKER GENERATED HANDLER TABLE

__TI_handler_table @ 00003b24 records: 3, size/record: 4, table size: 12
	index: 0, handler: __TI_zero_init
	index: 1, handler: __TI_decompress_lzss
	index: 2, handler: __TI_decompress_none


GLOBAL SYMBOLS: SORTED ALPHABETICALLY BY Name 

address   name                                
-------   ----                                
00000b33  ADC14_IRQHandler                    
00000b33  AES256_IRQHandler                   
00000b33  BusFault_Handler                    
00003929  C$$EXIT                             
00003483  C$$IO$$                             
00000b33  COMP_E0_IRQHandler                  
00000b33  COMP_E1_IRQHandler                  
00000b33  CS_IRQHandler                       
00000b33  DMA_ERR_IRQHandler                  
00000b33  DMA_INT0_IRQHandler                 
00000b33  DMA_INT1_IRQHandler                 
00000b33  DMA_INT2_IRQHandler                 
00000b33  DMA_INT3_IRQHandler                 
00000b33  DebugMon_Handler                    
00000b33  Default_Handler                     
00000b33  EUSCIA0_IRQHandler                  
00000b33  EUSCIA1_IRQHandler                  
00000b33  EUSCIA2_IRQHandler                  
00000b33  EUSCIA3_IRQHandler                  
00000b33  EUSCIB0_IRQHandler                  
00000b33  EUSCIB1_IRQHandler                  
00000b33  EUSCIB2_IRQHandler                  
00000b33  EUSCIB3_IRQHandler                  
00000b33  FLCTL_IRQHandler                    
00000b33  FPU_IRQHandler                      
00002f65  GPIO_Init                           
00003651  GPIO_clearInterruptFlag             
00003679  GPIO_enableInterrupt                
00002601  GPIO_getEnabledInterruptStatus      
00003595  GPIO_getInputPinValue               
00003719  GPIO_getInterruptStatus             
00003419  GPIO_interruptEdgeSelect            
0000373d  GPIO_registerInterrupt              
00002e05  GPIO_setAsInputPinWithPullUpResistor
000032c9  HOSTclose                           
000029c1  HOSTlseek                           
00002c8d  HOSTopen                            
00002e5d  HOSTread                            
00002955  HOSTrename                          
0000330d  HOSTunlink                          
00002eb5  HOSTwrite                           
00000b33  HardFault_Handler                   
00002685  Interrupt_enableInterrupt           
00002d4d  Interrupt_registerInterrupt         
00000b33  MemManage_Handler                   
00000b33  NMI_Handler                         
00000b33  PCM_IRQHandler                      
00000b33  PORT1_IRQHandler                    
00000b33  PORT2_IRQHandler                    
00000b33  PORT3_IRQHandler                    
00000b33  PORT4_IRQHandler                    
00000b33  PORT5_IRQHandler                    
00000b33  PORT6_IRQHandler                    
00000b33  PSS_IRQHandler                      
00000b33  PendSV_Handler                      
00002ced  Port4_ISR                           
00000b33  RTC_C_IRQHandler                    
000038f7  Reset_Handler                       
00000b33  SVC_Handler                         
00003903  SysInit                             
00000b33  SysTick_Handler                     
00002339  SystemInit                          
00000b33  T32_INT1_IRQHandler                 
00000b33  T32_INT2_IRQHandler                 
00000b33  T32_INTC_IRQHandler                 
00000b33  TA0_0_IRQHandler                    
00000b33  TA0_N_IRQHandler                    
00000b33  TA1_0_IRQHandler                    
00000b33  TA1_N_IRQHandler                    
00000b33  TA2_0_IRQHandler                    
00000b33  TA2_N_IRQHandler                    
00000b33  TA3_0_IRQHandler                    
00000b33  TA3_N_IRQHandler                    
0000383d  Timer_A_clearInterruptFlag          
00002a29  Timer_A_configureUpMode             
00001f05  Timer_A_registerInterrupt           
00003853  Timer_A_startCounter                
0000380d  Timer_ISR                           
00002fb9  Timer_Init                          
00001609  UART_initModule                     
00001c55  UpdateTime                          
00000b33  UsageFault_Handler                  
4000480c  WDTCTL_SYM                          
00000b33  WDT_A_IRQHandler                    
200006d8  __CIOBUF_                           
20010000  __STACK_END                         
00000400  __STACK_SIZE                        
00000400  __SYSMEM_SIZE                       
00003b40  __TI_CINIT_Base                     
00003b58  __TI_CINIT_Limit                    
00003b24  __TI_Handler_Table_Base             
00003b30  __TI_Handler_Table_Limit            
00003351  __TI_auto_init_nobinit_nopinit      
000034c5  __TI_cleanup                        
200006b0  __TI_cleanup_ptr                    
00002801  __TI_closefile                      
00002a91  __TI_decompress_lzss                
000038db  __TI_decompress_none                
00003159  __TI_doflush                        
200006b4  __TI_dtors_ptr                      
200006b8  __TI_enable_exit_profile_output     
200006a0  __TI_ft_end                         
0000300d  __TI_ltoa                           
ffffffff  __TI_pprof_out_hndl                 
000000e5  __TI_printfi                        
ffffffff  __TI_prof_data_size                 
ffffffff  __TI_prof_data_start                
000034f9  __TI_readmsg                        
00000000  __TI_static_base__                  
200007f8  __TI_tmpnams                        
00003455  __TI_writemsg                       
00002c29  __TI_wrt_ok                         
0000379d  __TI_zero_init_nomemset             
000024f5  __aeabi_cdcmpeq                     
000024f5  __aeabi_cdcmple                     
0000257b  __aeabi_cdrcmple                    
00003281  __aeabi_d2iz                        
00000f7f  __aeabi_dadd                        
000013ad  __aeabi_ddiv                        
00001b59  __aeabi_dmul                        
00000f75  __aeabi_dsub                        
0000390d  __aeabi_errno_addr                  
000035f5  __aeabi_i2d                         
000014e3  __aeabi_idiv0                       
000014e3  __aeabi_ldiv0                       
00002785  __aeabi_memclr                      
00002785  __aeabi_memclr4                     
00002785  __aeabi_memclr8                     
0000229d  __aeabi_memcpy                      
0000229d  __aeabi_memcpy4                     
0000229d  __aeabi_memcpy8                     
00002787  __aeabi_memset                      
00002787  __aeabi_memset4                     
00002787  __aeabi_memset8                     
200006ac  __aeabi_stderr                      
200006a4  __aeabi_stdin                       
200006a8  __aeabi_stdout                      
000023d1  __aeabi_uldivmod                    
ffffffff  __binit__                           
ffffffff  __c_args__                          
UNDEFED   __mpu_init                          
2000fc00  __stack                             
20000000  __start___llvm_prf_cnts             
20000000  __stop___llvm_prf_cnts              
0000352d  _c_int00_noargs                     
0000392c  _ctypes_                            
200005d8  _device                             
200004e8  _ftable                             
200006bc  _lock                               
0000112b  _nop                                
20000650  _stream                             
200000e8  _sys_memory                         
UNDEFED   _system_post_cinit                  
00003925  _system_pre_init                    
200006c0  _unlock                             
00003929  abort                               
00002095  add_device                          
00001a59  aligned_alloc                       
000031a5  atoi                                
ffffffff  binit                               
00002da9  close                               
20000898  config                              
000037f1  copysign                            
000037f1  copysignl                           
00003781  dclose                              
000038a7  dlseek                              
00002705  dopen                               
00003061  dread                               
000038cb  drename                             
000038e9  dunlink                             
000031f1  dwrite                              
200006d0  errno                               
00003239  exit                                
000035c5  finddevice                          
200008bc  flag                                
00002469  fputc                               
00001725  fputs                               
00001d45  free                                
00003561  freopen                             
00002b61  frexp                               
00002b61  frexpl                              
00002bc5  fseek                               
20000000  g_pfnRAMVectors                     
00003395  getdevice                           
200008bd  gpio_flag                           
00002201  init_std_uart                       
00000000  interruptVectors                    
00001949  ldexp                               
00001949  ldexpl                              
000036c9  lseek                               
00003109  main                                
00003915  malloc                              
00001a59  memalign                            
000037d5  memccpy                             
00003761  memchr                              
0000229d  memcpy                              
0000278d  memset                              
00001fd9  open                                
200008b0  parmbuf                             
00002af9  printf                              
00002469  putc                                
00003625  remove                              
00001949  scalbn                              
00001949  scalbnl                             
00001e29  setvbuf                             
00003869  strchr                              
00003825  strcmp                              
0000387f  strcpy                              
00003893  strlen                              
0000348d  strncpy                             
200008b8  time                                
00003625  unlink                              
000038b9  wcslen                              
000036f1  write                               


GLOBAL SYMBOLS: SORTED BY Symbol Address 

address   name                                
-------   ----                                
00000000  __TI_static_base__                  
00000000  interruptVectors                    
000000e5  __TI_printfi                        
00000400  __STACK_SIZE                        
00000400  __SYSMEM_SIZE                       
00000b33  ADC14_IRQHandler                    
00000b33  AES256_IRQHandler                   
00000b33  BusFault_Handler                    
00000b33  COMP_E0_IRQHandler                  
00000b33  COMP_E1_IRQHandler                  
00000b33  CS_IRQHandler                       
00000b33  DMA_ERR_IRQHandler                  
00000b33  DMA_INT0_IRQHandler                 
00000b33  DMA_INT1_IRQHandler                 
00000b33  DMA_INT2_IRQHandler                 
00000b33  DMA_INT3_IRQHandler                 
00000b33  DebugMon_Handler                    
00000b33  Default_Handler                     
00000b33  EUSCIA0_IRQHandler                  
00000b33  EUSCIA1_IRQHandler                  
00000b33  EUSCIA2_IRQHandler                  
00000b33  EUSCIA3_IRQHandler                  
00000b33  EUSCIB0_IRQHandler                  
00000b33  EUSCIB1_IRQHandler                  
00000b33  EUSCIB2_IRQHandler                  
00000b33  EUSCIB3_IRQHandler                  
00000b33  FLCTL_IRQHandler                    
00000b33  FPU_IRQHandler                      
00000b33  HardFault_Handler                   
00000b33  MemManage_Handler                   
00000b33  NMI_Handler                         
00000b33  PCM_IRQHandler                      
00000b33  PORT1_IRQHandler                    
00000b33  PORT2_IRQHandler                    
00000b33  PORT3_IRQHandler                    
00000b33  PORT4_IRQHandler                    
00000b33  PORT5_IRQHandler                    
00000b33  PORT6_IRQHandler                    
00000b33  PSS_IRQHandler                      
00000b33  PendSV_Handler                      
00000b33  RTC_C_IRQHandler                    
00000b33  SVC_Handler                         
00000b33  SysTick_Handler                     
00000b33  T32_INT1_IRQHandler                 
00000b33  T32_INT2_IRQHandler                 
00000b33  T32_INTC_IRQHandler                 
00000b33  TA0_0_IRQHandler                    
00000b33  TA0_N_IRQHandler                    
00000b33  TA1_0_IRQHandler                    
00000b33  TA1_N_IRQHandler                    
00000b33  TA2_0_IRQHandler                    
00000b33  TA2_N_IRQHandler                    
00000b33  TA3_0_IRQHandler                    
00000b33  TA3_N_IRQHandler                    
00000b33  UsageFault_Handler                  
00000b33  WDT_A_IRQHandler                    
00000f75  __aeabi_dsub                        
00000f7f  __aeabi_dadd                        
0000112b  _nop                                
000013ad  __aeabi_ddiv                        
000014e3  __aeabi_idiv0                       
000014e3  __aeabi_ldiv0                       
00001609  UART_initModule                     
00001725  fputs                               
00001949  ldexp                               
00001949  ldexpl                              
00001949  scalbn                              
00001949  scalbnl                             
00001a59  aligned_alloc                       
00001a59  memalign                            
00001b59  __aeabi_dmul                        
00001c55  UpdateTime                          
00001d45  free                                
00001e29  setvbuf                             
00001f05  Timer_A_registerInterrupt           
00001fd9  open                                
00002095  add_device                          
00002201  init_std_uart                       
0000229d  __aeabi_memcpy                      
0000229d  __aeabi_memcpy4                     
0000229d  __aeabi_memcpy8                     
0000229d  memcpy                              
00002339  SystemInit                          
000023d1  __aeabi_uldivmod                    
00002469  fputc                               
00002469  putc                                
000024f5  __aeabi_cdcmpeq                     
000024f5  __aeabi_cdcmple                     
0000257b  __aeabi_cdrcmple                    
00002601  GPIO_getEnabledInterruptStatus      
00002685  Interrupt_enableInterrupt           
00002705  dopen                               
00002785  __aeabi_memclr                      
00002785  __aeabi_memclr4                     
00002785  __aeabi_memclr8                     
00002787  __aeabi_memset                      
00002787  __aeabi_memset4                     
00002787  __aeabi_memset8                     
0000278d  memset                              
00002801  __TI_closefile                      
00002955  HOSTrename                          
000029c1  HOSTlseek                           
00002a29  Timer_A_configureUpMode             
00002a91  __TI_decompress_lzss                
00002af9  printf                              
00002b61  frexp                               
00002b61  frexpl                              
00002bc5  fseek                               
00002c29  __TI_wrt_ok                         
00002c8d  HOSTopen                            
00002ced  Port4_ISR                           
00002d4d  Interrupt_registerInterrupt         
00002da9  close                               
00002e05  GPIO_setAsInputPinWithPullUpResistor
00002e5d  HOSTread                            
00002eb5  HOSTwrite                           
00002f65  GPIO_Init                           
00002fb9  Timer_Init                          
0000300d  __TI_ltoa                           
00003061  dread                               
00003109  main                                
00003159  __TI_doflush                        
000031a5  atoi                                
000031f1  dwrite                              
00003239  exit                                
00003281  __aeabi_d2iz                        
000032c9  HOSTclose                           
0000330d  HOSTunlink                          
00003351  __TI_auto_init_nobinit_nopinit      
00003395  getdevice                           
00003419  GPIO_interruptEdgeSelect            
00003455  __TI_writemsg                       
00003483  C$$IO$$                             
0000348d  strncpy                             
000034c5  __TI_cleanup                        
000034f9  __TI_readmsg                        
0000352d  _c_int00_noargs                     
00003561  freopen                             
00003595  GPIO_getInputPinValue               
000035c5  finddevice                          
000035f5  __aeabi_i2d                         
00003625  remove                              
00003625  unlink                              
00003651  GPIO_clearInterruptFlag             
00003679  GPIO_enableInterrupt                
000036c9  lseek                               
000036f1  write                               
00003719  GPIO_getInterruptStatus             
0000373d  GPIO_registerInterrupt              
00003761  memchr                              
00003781  dclose                              
0000379d  __TI_zero_init_nomemset             
000037d5  memccpy                             
000037f1  copysign                            
000037f1  copysignl                           
0000380d  Timer_ISR                           
00003825  strcmp                              
0000383d  Timer_A_clearInterruptFlag          
00003853  Timer_A_startCounter                
00003869  strchr                              
0000387f  strcpy                              
00003893  strlen                              
000038a7  dlseek                              
000038b9  wcslen                              
000038cb  drename                             
000038db  __TI_decompress_none                
000038e9  dunlink                             
000038f7  Reset_Handler                       
00003903  SysInit                             
0000390d  __aeabi_errno_addr                  
00003915  malloc                              
00003925  _system_pre_init                    
00003929  C$$EXIT                             
00003929  abort                               
0000392c  _ctypes_                            
00003b24  __TI_Handler_Table_Base             
00003b30  __TI_Handler_Table_Limit            
00003b40  __TI_CINIT_Base                     
00003b58  __TI_CINIT_Limit                    
20000000  __start___llvm_prf_cnts             
20000000  __stop___llvm_prf_cnts              
20000000  g_pfnRAMVectors                     
200000e8  _sys_memory                         
200004e8  _ftable                             
200005d8  _device                             
20000650  _stream                             
200006a0  __TI_ft_end                         
200006a4  __aeabi_stdin                       
200006a8  __aeabi_stdout                      
200006ac  __aeabi_stderr                      
200006b0  __TI_cleanup_ptr                    
200006b4  __TI_dtors_ptr                      
200006b8  __TI_enable_exit_profile_output     
200006bc  _lock                               
200006c0  _unlock                             
200006d0  errno                               
200006d8  __CIOBUF_                           
200007f8  __TI_tmpnams                        
20000898  config                              
200008b0  parmbuf                             
200008b8  time                                
200008bc  flag                                
200008bd  gpio_flag                           
2000fc00  __stack                             
20010000  __STACK_END                         
4000480c  WDTCTL_SYM                          
ffffffff  __TI_pprof_out_hndl                 
ffffffff  __TI_prof_data_size                 
ffffffff  __TI_prof_data_start                
ffffffff  __binit__                           
ffffffff  __c_args__                          
ffffffff  binit                               
UNDEFED   __mpu_init                          
UNDEFED   _system_post_cinit                  

[214 symbols]
