<?xml version="1.0" encoding="ISO-8859-1" ?>
<link_info>
   <banner>TI ARM Linker PC v20.2.6.LTS</banner>
   <copyright>Copyright (c) 1996-2018 Texas Instruments Incorporated</copyright>
   <link_time>0x635a9b01</link_time>
   <link_errors>0x0</link_errors>
   <output_file>Activity_10_pt2.out</output_file>
   <entry_point>
      <name>_c_int00_noargs</name>
      <address>0x3535</address>
   </entry_point>
   <input_file_list>
      <input_file id="fl-2">
         <path>.\</path>
         <kind>object</kind>
         <file>main.obj</file>
         <name>main.obj</name>
      </input_file>
      <input_file id="fl-3">
         <path>.\src\</path>
         <kind>object</kind>
         <file>engr2350_msp432.obj</file>
         <name>engr2350_msp432.obj</name>
      </input_file>
      <input_file id="fl-4">
         <path>.\src\</path>
         <kind>object</kind>
         <file>startup_msp432p401r_ccs.obj</file>
         <name>startup_msp432p401r_ccs.obj</name>
      </input_file>
      <input_file id="fl-5">
         <path>.\src\</path>
         <kind>object</kind>
         <file>system_msp432p401r.obj</file>
         <name>system_msp432p401r.obj</name>
      </input_file>
      <input_file id="fl-f">
         <kind>object</kind>
         <file>&lt;internal&gt;</file>
         <name>&lt;internal&gt;</name>
      </input_file>
      <input_file id="fl-10">
         <path>C:\ti\simplelink_msp432p4_sdk_3_40_01_02\source\ti\devices\msp432p4xx\driverlib\ccs\</path>
         <kind>archive</kind>
         <file>msp432p4xx_driverlib.lib</file>
         <name>gpio.o</name>
      </input_file>
      <input_file id="fl-11">
         <path>C:\ti\simplelink_msp432p4_sdk_3_40_01_02\source\ti\devices\msp432p4xx\driverlib\ccs\</path>
         <kind>archive</kind>
         <file>msp432p4xx_driverlib.lib</file>
         <name>interrupt.o</name>
      </input_file>
      <input_file id="fl-12">
         <path>C:\ti\simplelink_msp432p4_sdk_3_40_01_02\source\ti\devices\msp432p4xx\driverlib\ccs\</path>
         <kind>archive</kind>
         <file>msp432p4xx_driverlib.lib</file>
         <name>timer_a.o</name>
      </input_file>
      <input_file id="fl-13">
         <path>C:\ti\simplelink_msp432p4_sdk_3_40_01_02\source\ti\devices\msp432p4xx\driverlib\ccs\</path>
         <kind>archive</kind>
         <file>msp432p4xx_driverlib.lib</file>
         <name>uart.o</name>
      </input_file>
      <input_file id="fl-14">
         <path>C:\ti\simplelink_msp432p4_sdk_3_40_01_02\source\ti\devices\msp432p4xx\driverlib\ccs\</path>
         <kind>archive</kind>
         <file>msp432p4xx_driverlib.lib</file>
         <name>cpu.o</name>
      </input_file>
      <input_file id="fl-ca">
         <path>C:\ti\ccs1200\ccs\tools\compiler\ti-cgt-arm_20.2.6.LTS\lib\</path>
         <kind>archive</kind>
         <file>rtsv7M4_T_le_v4SPD16_eabi.lib</file>
         <name>printf.c.obj</name>
      </input_file>
      <input_file id="fl-cb">
         <path>C:\ti\ccs1200\ccs\tools\compiler\ti-cgt-arm_20.2.6.LTS\lib\</path>
         <kind>archive</kind>
         <file>rtsv7M4_T_le_v4SPD16_eabi.lib</file>
         <name>_printfi.c.obj</name>
      </input_file>
      <input_file id="fl-cc">
         <path>C:\ti\ccs1200\ccs\tools\compiler\ti-cgt-arm_20.2.6.LTS\lib\</path>
         <kind>archive</kind>
         <file>rtsv7M4_T_le_v4SPD16_eabi.lib</file>
         <name>fopen.c.obj</name>
      </input_file>
      <input_file id="fl-cd">
         <path>C:\ti\ccs1200\ccs\tools\compiler\ti-cgt-arm_20.2.6.LTS\lib\</path>
         <kind>archive</kind>
         <file>rtsv7M4_T_le_v4SPD16_eabi.lib</file>
         <name>fputc.c.obj</name>
      </input_file>
      <input_file id="fl-ce">
         <path>C:\ti\ccs1200\ccs\tools\compiler\ti-cgt-arm_20.2.6.LTS\lib\</path>
         <kind>archive</kind>
         <file>rtsv7M4_T_le_v4SPD16_eabi.lib</file>
         <name>fputs.c.obj</name>
      </input_file>
      <input_file id="fl-cf">
         <path>C:\ti\ccs1200\ccs\tools\compiler\ti-cgt-arm_20.2.6.LTS\lib\</path>
         <kind>archive</kind>
         <file>rtsv7M4_T_le_v4SPD16_eabi.lib</file>
         <name>_io_perm.c.obj</name>
      </input_file>
      <input_file id="fl-d0">
         <path>C:\ti\ccs1200\ccs\tools\compiler\ti-cgt-arm_20.2.6.LTS\lib\</path>
         <kind>archive</kind>
         <file>rtsv7M4_T_le_v4SPD16_eabi.lib</file>
         <name>setvbuf.c.obj</name>
      </input_file>
      <input_file id="fl-d1">
         <path>C:\ti\ccs1200\ccs\tools\compiler\ti-cgt-arm_20.2.6.LTS\lib\</path>
         <kind>archive</kind>
         <file>rtsv7M4_T_le_v4SPD16_eabi.lib</file>
         <name>fd_add_t2.asm.obj</name>
      </input_file>
      <input_file id="fl-d2">
         <path>C:\ti\ccs1200\ccs\tools\compiler\ti-cgt-arm_20.2.6.LTS\lib\</path>
         <kind>archive</kind>
         <file>rtsv7M4_T_le_v4SPD16_eabi.lib</file>
         <name>fd_cmp_t2.asm.obj</name>
      </input_file>
      <input_file id="fl-d3">
         <path>C:\ti\ccs1200\ccs\tools\compiler\ti-cgt-arm_20.2.6.LTS\lib\</path>
         <kind>archive</kind>
         <file>rtsv7M4_T_le_v4SPD16_eabi.lib</file>
         <name>fd_div_t2.asm.obj</name>
      </input_file>
      <input_file id="fl-d4">
         <path>C:\ti\ccs1200\ccs\tools\compiler\ti-cgt-arm_20.2.6.LTS\lib\</path>
         <kind>archive</kind>
         <file>rtsv7M4_T_le_v4SPD16_eabi.lib</file>
         <name>fd_mul_t2.asm.obj</name>
      </input_file>
      <input_file id="fl-d5">
         <path>C:\ti\ccs1200\ccs\tools\compiler\ti-cgt-arm_20.2.6.LTS\lib\</path>
         <kind>archive</kind>
         <file>rtsv7M4_T_le_v4SPD16_eabi.lib</file>
         <name>fd_toi_t2.asm.obj</name>
      </input_file>
      <input_file id="fl-d6">
         <path>C:\ti\ccs1200\ccs\tools\compiler\ti-cgt-arm_20.2.6.LTS\lib\</path>
         <kind>archive</kind>
         <file>rtsv7M4_T_le_v4SPD16_eabi.lib</file>
         <name>fd_tos_t2.asm.obj</name>
      </input_file>
      <input_file id="fl-d7">
         <path>C:\ti\ccs1200\ccs\tools\compiler\ti-cgt-arm_20.2.6.LTS\lib\</path>
         <kind>archive</kind>
         <file>rtsv7M4_T_le_v4SPD16_eabi.lib</file>
         <name>fs_tod_t2.asm.obj</name>
      </input_file>
      <input_file id="fl-d8">
         <path>C:\ti\ccs1200\ccs\tools\compiler\ti-cgt-arm_20.2.6.LTS\lib\</path>
         <kind>archive</kind>
         <file>rtsv7M4_T_le_v4SPD16_eabi.lib</file>
         <name>i_tofd_t2.asm.obj</name>
      </input_file>
      <input_file id="fl-d9">
         <path>C:\ti\ccs1200\ccs\tools\compiler\ti-cgt-arm_20.2.6.LTS\lib\</path>
         <kind>archive</kind>
         <file>rtsv7M4_T_le_v4SPD16_eabi.lib</file>
         <name>memcpy_t2.asm.obj</name>
      </input_file>
      <input_file id="fl-da">
         <path>C:\ti\ccs1200\ccs\tools\compiler\ti-cgt-arm_20.2.6.LTS\lib\</path>
         <kind>archive</kind>
         <file>rtsv7M4_T_le_v4SPD16_eabi.lib</file>
         <name>u_tofd_t2.asm.obj</name>
      </input_file>
      <input_file id="fl-db">
         <path>C:\ti\ccs1200\ccs\tools\compiler\ti-cgt-arm_20.2.6.LTS\lib\</path>
         <kind>archive</kind>
         <file>rtsv7M4_T_le_v4SPD16_eabi.lib</file>
         <name>memset_t2.asm.obj</name>
      </input_file>
      <input_file id="fl-dc">
         <path>C:\ti\ccs1200\ccs\tools\compiler\ti-cgt-arm_20.2.6.LTS\lib\</path>
         <kind>archive</kind>
         <file>rtsv7M4_T_le_v4SPD16_eabi.lib</file>
         <name>ull_div_t2.asm.obj</name>
      </input_file>
      <input_file id="fl-dd">
         <path>C:\ti\ccs1200\ccs\tools\compiler\ti-cgt-arm_20.2.6.LTS\lib\</path>
         <kind>archive</kind>
         <file>rtsv7M4_T_le_v4SPD16_eabi.lib</file>
         <name>copy_zero_init.c.obj</name>
      </input_file>
      <input_file id="fl-de">
         <path>C:\ti\ccs1200\ccs\tools\compiler\ti-cgt-arm_20.2.6.LTS\lib\</path>
         <kind>archive</kind>
         <file>rtsv7M4_T_le_v4SPD16_eabi.lib</file>
         <name>copy_decompress_none.c.obj</name>
      </input_file>
      <input_file id="fl-df">
         <path>C:\ti\ccs1200\ccs\tools\compiler\ti-cgt-arm_20.2.6.LTS\lib\</path>
         <kind>archive</kind>
         <file>rtsv7M4_T_le_v4SPD16_eabi.lib</file>
         <name>copy_decompress_lzss.c.obj</name>
      </input_file>
      <input_file id="fl-e0">
         <path>C:\ti\ccs1200\ccs\tools\compiler\ti-cgt-arm_20.2.6.LTS\lib\</path>
         <kind>archive</kind>
         <file>rtsv7M4_T_le_v4SPD16_eabi.lib</file>
         <name>exit.c.obj</name>
      </input_file>
      <input_file id="fl-e1">
         <path>C:\ti\ccs1200\ccs\tools\compiler\ti-cgt-arm_20.2.6.LTS\lib\</path>
         <kind>archive</kind>
         <file>rtsv7M4_T_le_v4SPD16_eabi.lib</file>
         <name>_lock.c.obj</name>
      </input_file>
      <input_file id="fl-e2">
         <path>C:\ti\ccs1200\ccs\tools\compiler\ti-cgt-arm_20.2.6.LTS\lib\</path>
         <kind>archive</kind>
         <file>rtsv7M4_T_le_v4SPD16_eabi.lib</file>
         <name>_ltoa.c.obj</name>
      </input_file>
      <input_file id="fl-e3">
         <path>C:\ti\ccs1200\ccs\tools\compiler\ti-cgt-arm_20.2.6.LTS\lib\</path>
         <kind>archive</kind>
         <file>rtsv7M4_T_le_v4SPD16_eabi.lib</file>
         <name>atoi.c.obj</name>
      </input_file>
      <input_file id="fl-e4">
         <path>C:\ti\ccs1200\ccs\tools\compiler\ti-cgt-arm_20.2.6.LTS\lib\</path>
         <kind>archive</kind>
         <file>rtsv7M4_T_le_v4SPD16_eabi.lib</file>
         <name>ctype.c.obj</name>
      </input_file>
      <input_file id="fl-e5">
         <path>C:\ti\ccs1200\ccs\tools\compiler\ti-cgt-arm_20.2.6.LTS\lib\</path>
         <kind>archive</kind>
         <file>rtsv7M4_T_le_v4SPD16_eabi.lib</file>
         <name>defs.c.obj</name>
      </input_file>
      <input_file id="fl-e6">
         <path>C:\ti\ccs1200\ccs\tools\compiler\ti-cgt-arm_20.2.6.LTS\lib\</path>
         <kind>archive</kind>
         <file>rtsv7M4_T_le_v4SPD16_eabi.lib</file>
         <name>memccpy.c.obj</name>
      </input_file>
      <input_file id="fl-e7">
         <path>C:\ti\ccs1200\ccs\tools\compiler\ti-cgt-arm_20.2.6.LTS\lib\</path>
         <kind>archive</kind>
         <file>rtsv7M4_T_le_v4SPD16_eabi.lib</file>
         <name>memchr.c.obj</name>
      </input_file>
      <input_file id="fl-e8">
         <path>C:\ti\ccs1200\ccs\tools\compiler\ti-cgt-arm_20.2.6.LTS\lib\</path>
         <kind>archive</kind>
         <file>rtsv7M4_T_le_v4SPD16_eabi.lib</file>
         <name>memory.c.obj</name>
      </input_file>
      <input_file id="fl-e9">
         <path>C:\ti\ccs1200\ccs\tools\compiler\ti-cgt-arm_20.2.6.LTS\lib\</path>
         <kind>archive</kind>
         <file>rtsv7M4_T_le_v4SPD16_eabi.lib</file>
         <name>strchr.c.obj</name>
      </input_file>
      <input_file id="fl-ea">
         <path>C:\ti\ccs1200\ccs\tools\compiler\ti-cgt-arm_20.2.6.LTS\lib\</path>
         <kind>archive</kind>
         <file>rtsv7M4_T_le_v4SPD16_eabi.lib</file>
         <name>strlen.c.obj</name>
      </input_file>
      <input_file id="fl-eb">
         <path>C:\ti\ccs1200\ccs\tools\compiler\ti-cgt-arm_20.2.6.LTS\lib\</path>
         <kind>archive</kind>
         <file>rtsv7M4_T_le_v4SPD16_eabi.lib</file>
         <name>write.c.obj</name>
      </input_file>
      <input_file id="fl-ec">
         <path>C:\ti\ccs1200\ccs\tools\compiler\ti-cgt-arm_20.2.6.LTS\lib\</path>
         <kind>archive</kind>
         <file>rtsv7M4_T_le_v4SPD16_eabi.lib</file>
         <name>host_device.c.obj</name>
      </input_file>
      <input_file id="fl-ed">
         <path>C:\ti\ccs1200\ccs\tools\compiler\ti-cgt-arm_20.2.6.LTS\lib\</path>
         <kind>archive</kind>
         <file>rtsv7M4_T_le_v4SPD16_eabi.lib</file>
         <name>open.c.obj</name>
      </input_file>
      <input_file id="fl-ee">
         <path>C:\ti\ccs1200\ccs\tools\compiler\ti-cgt-arm_20.2.6.LTS\lib\</path>
         <kind>archive</kind>
         <file>rtsv7M4_T_le_v4SPD16_eabi.lib</file>
         <name>add_device.c.obj</name>
      </input_file>
      <input_file id="fl-ef">
         <path>C:\ti\ccs1200\ccs\tools\compiler\ti-cgt-arm_20.2.6.LTS\lib\</path>
         <kind>archive</kind>
         <file>rtsv7M4_T_le_v4SPD16_eabi.lib</file>
         <name>errno.c.obj</name>
      </input_file>
      <input_file id="fl-f0">
         <path>C:\ti\ccs1200\ccs\tools\compiler\ti-cgt-arm_20.2.6.LTS\lib\</path>
         <kind>archive</kind>
         <file>rtsv7M4_T_le_v4SPD16_eabi.lib</file>
         <name>boot_cortex_m.c.obj</name>
      </input_file>
      <input_file id="fl-f1">
         <path>C:\ti\ccs1200\ccs\tools\compiler\ti-cgt-arm_20.2.6.LTS\lib\</path>
         <kind>archive</kind>
         <file>rtsv7M4_T_le_v4SPD16_eabi.lib</file>
         <name>s_frexp.c.obj</name>
      </input_file>
      <input_file id="fl-f2">
         <path>C:\ti\ccs1200\ccs\tools\compiler\ti-cgt-arm_20.2.6.LTS\lib\</path>
         <kind>archive</kind>
         <file>rtsv7M4_T_le_v4SPD16_eabi.lib</file>
         <name>s_scalbn.c.obj</name>
      </input_file>
      <input_file id="fl-f3">
         <path>C:\ti\ccs1200\ccs\tools\compiler\ti-cgt-arm_20.2.6.LTS\lib\</path>
         <kind>archive</kind>
         <file>rtsv7M4_T_le_v4SPD16_eabi.lib</file>
         <name>s_copysign.c.obj</name>
      </input_file>
      <input_file id="fl-f4">
         <path>C:\ti\ccs1200\ccs\tools\compiler\ti-cgt-arm_20.2.6.LTS\lib\</path>
         <kind>archive</kind>
         <file>rtsv7M4_T_le_v4SPD16_eabi.lib</file>
         <name>wcslen.c.obj</name>
      </input_file>
      <input_file id="fl-f5">
         <path>C:\ti\ccs1200\ccs\tools\compiler\ti-cgt-arm_20.2.6.LTS\lib\</path>
         <kind>archive</kind>
         <file>rtsv7M4_T_le_v4SPD16_eabi.lib</file>
         <name>fclose.c.obj</name>
      </input_file>
      <input_file id="fl-f6">
         <path>C:\ti\ccs1200\ccs\tools\compiler\ti-cgt-arm_20.2.6.LTS\lib\</path>
         <kind>archive</kind>
         <file>rtsv7M4_T_le_v4SPD16_eabi.lib</file>
         <name>fflush.c.obj</name>
      </input_file>
      <input_file id="fl-f7">
         <path>C:\ti\ccs1200\ccs\tools\compiler\ti-cgt-arm_20.2.6.LTS\lib\</path>
         <kind>archive</kind>
         <file>rtsv7M4_T_le_v4SPD16_eabi.lib</file>
         <name>fseek.c.obj</name>
      </input_file>
      <input_file id="fl-f8">
         <path>C:\ti\ccs1200\ccs\tools\compiler\ti-cgt-arm_20.2.6.LTS\lib\</path>
         <kind>archive</kind>
         <file>rtsv7M4_T_le_v4SPD16_eabi.lib</file>
         <name>getdevice.c.obj</name>
      </input_file>
      <input_file id="fl-f9">
         <path>C:\ti\ccs1200\ccs\tools\compiler\ti-cgt-arm_20.2.6.LTS\lib\</path>
         <kind>archive</kind>
         <file>rtsv7M4_T_le_v4SPD16_eabi.lib</file>
         <name>div0.asm.obj</name>
      </input_file>
      <input_file id="fl-fa">
         <path>C:\ti\ccs1200\ccs\tools\compiler\ti-cgt-arm_20.2.6.LTS\lib\</path>
         <kind>archive</kind>
         <file>rtsv7M4_T_le_v4SPD16_eabi.lib</file>
         <name>autoinit.c.obj</name>
      </input_file>
      <input_file id="fl-fb">
         <path>C:\ti\ccs1200\ccs\tools\compiler\ti-cgt-arm_20.2.6.LTS\lib\</path>
         <kind>archive</kind>
         <file>rtsv7M4_T_le_v4SPD16_eabi.lib</file>
         <name>pre_init.c.obj</name>
      </input_file>
      <input_file id="fl-fc">
         <path>C:\ti\ccs1200\ccs\tools\compiler\ti-cgt-arm_20.2.6.LTS\lib\</path>
         <kind>archive</kind>
         <file>rtsv7M4_T_le_v4SPD16_eabi.lib</file>
         <name>cpy_tbl.c.obj</name>
      </input_file>
      <input_file id="fl-fd">
         <path>C:\ti\ccs1200\ccs\tools\compiler\ti-cgt-arm_20.2.6.LTS\lib\</path>
         <kind>archive</kind>
         <file>rtsv7M4_T_le_v4SPD16_eabi.lib</file>
         <name>args_main.c.obj</name>
      </input_file>
      <input_file id="fl-fe">
         <path>C:\ti\ccs1200\ccs\tools\compiler\ti-cgt-arm_20.2.6.LTS\lib\</path>
         <kind>archive</kind>
         <file>rtsv7M4_T_le_v4SPD16_eabi.lib</file>
         <name>strcmp.c.obj</name>
      </input_file>
      <input_file id="fl-ff">
         <path>C:\ti\ccs1200\ccs\tools\compiler\ti-cgt-arm_20.2.6.LTS\lib\</path>
         <kind>archive</kind>
         <file>rtsv7M4_T_le_v4SPD16_eabi.lib</file>
         <name>strncpy.c.obj</name>
      </input_file>
      <input_file id="fl-100">
         <path>C:\ti\ccs1200\ccs\tools\compiler\ti-cgt-arm_20.2.6.LTS\lib\</path>
         <kind>archive</kind>
         <file>rtsv7M4_T_le_v4SPD16_eabi.lib</file>
         <name>hostclose.c.obj</name>
      </input_file>
      <input_file id="fl-101">
         <path>C:\ti\ccs1200\ccs\tools\compiler\ti-cgt-arm_20.2.6.LTS\lib\</path>
         <kind>archive</kind>
         <file>rtsv7M4_T_le_v4SPD16_eabi.lib</file>
         <name>hostlseek.c.obj</name>
      </input_file>
      <input_file id="fl-102">
         <path>C:\ti\ccs1200\ccs\tools\compiler\ti-cgt-arm_20.2.6.LTS\lib\</path>
         <kind>archive</kind>
         <file>rtsv7M4_T_le_v4SPD16_eabi.lib</file>
         <name>hostopen.c.obj</name>
      </input_file>
      <input_file id="fl-103">
         <path>C:\ti\ccs1200\ccs\tools\compiler\ti-cgt-arm_20.2.6.LTS\lib\</path>
         <kind>archive</kind>
         <file>rtsv7M4_T_le_v4SPD16_eabi.lib</file>
         <name>hostread.c.obj</name>
      </input_file>
      <input_file id="fl-104">
         <path>C:\ti\ccs1200\ccs\tools\compiler\ti-cgt-arm_20.2.6.LTS\lib\</path>
         <kind>archive</kind>
         <file>rtsv7M4_T_le_v4SPD16_eabi.lib</file>
         <name>hostrename.c.obj</name>
      </input_file>
      <input_file id="fl-105">
         <path>C:\ti\ccs1200\ccs\tools\compiler\ti-cgt-arm_20.2.6.LTS\lib\</path>
         <kind>archive</kind>
         <file>rtsv7M4_T_le_v4SPD16_eabi.lib</file>
         <name>hostunlink.c.obj</name>
      </input_file>
      <input_file id="fl-106">
         <path>C:\ti\ccs1200\ccs\tools\compiler\ti-cgt-arm_20.2.6.LTS\lib\</path>
         <kind>archive</kind>
         <file>rtsv7M4_T_le_v4SPD16_eabi.lib</file>
         <name>hostwrite.c.obj</name>
      </input_file>
      <input_file id="fl-107">
         <path>C:\ti\ccs1200\ccs\tools\compiler\ti-cgt-arm_20.2.6.LTS\lib\</path>
         <kind>archive</kind>
         <file>rtsv7M4_T_le_v4SPD16_eabi.lib</file>
         <name>trgmsg.c.obj</name>
      </input_file>
      <input_file id="fl-108">
         <path>C:\ti\ccs1200\ccs\tools\compiler\ti-cgt-arm_20.2.6.LTS\lib\</path>
         <kind>archive</kind>
         <file>rtsv7M4_T_le_v4SPD16_eabi.lib</file>
         <name>remove.c.obj</name>
      </input_file>
      <input_file id="fl-109">
         <path>C:\ti\ccs1200\ccs\tools\compiler\ti-cgt-arm_20.2.6.LTS\lib\</path>
         <kind>archive</kind>
         <file>rtsv7M4_T_le_v4SPD16_eabi.lib</file>
         <name>lseek.c.obj</name>
      </input_file>
      <input_file id="fl-10a">
         <path>C:\ti\ccs1200\ccs\tools\compiler\ti-cgt-arm_20.2.6.LTS\lib\</path>
         <kind>archive</kind>
         <file>rtsv7M4_T_le_v4SPD16_eabi.lib</file>
         <name>close.c.obj</name>
      </input_file>
      <input_file id="fl-10b">
         <path>C:\ti\ccs1200\ccs\tools\compiler\ti-cgt-arm_20.2.6.LTS\lib\</path>
         <kind>archive</kind>
         <file>rtsv7M4_T_le_v4SPD16_eabi.lib</file>
         <name>strcpy.c.obj</name>
      </input_file>
      <input_file id="fl-10c">
         <path>C:\ti\ccs1200\ccs\tools\compiler\ti-cgt-arm_20.2.6.LTS\lib\</path>
         <kind>archive</kind>
         <file>rtsv7M4_T_le_v4SPD16_eabi.lib</file>
         <name>unlink.c.obj</name>
      </input_file>
   </input_file_list>
   <object_component_list>
      <object_component id="oc-26">
         <name>.intvecs:retain</name>
         <load_address>0x0</load_address>
         <run_address>0x0</run_address>
         <size>0xe4</size>
         <input_file_ref idref="fl-4"/>
      </object_component>
      <object_component id="oc-19d">
         <name>.text:__TI_printfi</name>
         <load_address>0xe4</load_address>
         <run_address>0xe4</run_address>
         <size>0xa4e</size>
         <input_file_ref idref="fl-cb"/>
      </object_component>
      <object_component id="oc-70">
         <name>.text:Default_Handler</name>
         <load_address>0xb32</load_address>
         <run_address>0xb32</run_address>
         <size>0x2</size>
         <input_file_ref idref="fl-4"/>
      </object_component>
      <object_component id="oc-29f">
         <name>.text:_pconv_a</name>
         <load_address>0xb34</load_address>
         <run_address>0xb34</run_address>
         <size>0x270</size>
         <input_file_ref idref="fl-cb"/>
      </object_component>
      <object_component id="oc-28d">
         <name>.text:_pconv_g</name>
         <load_address>0xda4</load_address>
         <run_address>0xda4</run_address>
         <size>0x1d0</size>
         <input_file_ref idref="fl-cb"/>
      </object_component>
      <object_component id="oc-3b5">
         <name>.text</name>
         <load_address>0xf74</load_address>
         <run_address>0xf74</run_address>
         <size>0x1b6</size>
         <input_file_ref idref="fl-d1"/>
      </object_component>
      <object_component id="oc-2c3">
         <name>.text:_nop</name>
         <load_address>0x112a</load_address>
         <run_address>0x112a</run_address>
         <size>0x2</size>
         <input_file_ref idref="fl-e1"/>
      </object_component>
      <object_component id="oc-240">
         <name>.text:privateTimer_AProcessClockSourceDivider</name>
         <load_address>0x112c</load_address>
         <run_address>0x112c</run_address>
         <size>0x144</size>
         <input_file_ref idref="fl-12"/>
      </object_component>
      <object_component id="oc-299">
         <name>.text:_pconv_e</name>
         <load_address>0x1270</load_address>
         <run_address>0x1270</run_address>
         <size>0x13c</size>
         <input_file_ref idref="fl-cb"/>
      </object_component>
      <object_component id="oc-f4">
         <name>.text</name>
         <load_address>0x13ac</load_address>
         <run_address>0x13ac</run_address>
         <size>0x136</size>
         <input_file_ref idref="fl-d3"/>
      </object_component>
      <object_component id="oc-4ba">
         <name>.text</name>
         <load_address>0x14e2</load_address>
         <run_address>0x14e2</run_address>
         <size>0x2</size>
         <input_file_ref idref="fl-f9"/>
      </object_component>
      <object_component id="oc-3c7">
         <name>.text:fcvt</name>
         <load_address>0x14e4</load_address>
         <run_address>0x14e4</run_address>
         <size>0x124</size>
         <input_file_ref idref="fl-cb"/>
      </object_component>
      <object_component id="oc-347">
         <name>.text:UART_initModule</name>
         <load_address>0x1608</load_address>
         <run_address>0x1608</run_address>
         <size>0x11c</size>
         <input_file_ref idref="fl-13"/>
      </object_component>
      <object_component id="oc-2d1">
         <name>.text:fputs</name>
         <load_address>0x1724</load_address>
         <run_address>0x1724</run_address>
         <size>0x114</size>
         <input_file_ref idref="fl-ce"/>
      </object_component>
      <object_component id="oc-315">
         <name>.text:_openfile</name>
         <load_address>0x1838</load_address>
         <run_address>0x1838</run_address>
         <size>0x110</size>
         <input_file_ref idref="fl-cc"/>
      </object_component>
      <object_component id="oc-3db">
         <name>.text:scalbn</name>
         <load_address>0x1948</load_address>
         <run_address>0x1948</run_address>
         <size>0x110</size>
         <input_file_ref idref="fl-f2"/>
      </object_component>
      <object_component id="oc-497">
         <name>.text:aligned_alloc</name>
         <load_address>0x1a58</load_address>
         <run_address>0x1a58</run_address>
         <size>0x100</size>
         <input_file_ref idref="fl-e8"/>
      </object_component>
      <object_component id="oc-103">
         <name>.text</name>
         <load_address>0x1b58</load_address>
         <run_address>0x1b58</run_address>
         <size>0xfc</size>
         <input_file_ref idref="fl-d4"/>
      </object_component>
      <object_component id="oc-31d">
         <name>.text:free</name>
         <load_address>0x1c54</load_address>
         <run_address>0x1c54</run_address>
         <size>0xe4</size>
         <input_file_ref idref="fl-e8"/>
      </object_component>
      <object_component id="oc-1fd">
         <name>.text:setvbuf</name>
         <load_address>0x1d38</load_address>
         <run_address>0x1d38</run_address>
         <size>0xdc</size>
         <input_file_ref idref="fl-d0"/>
      </object_component>
      <object_component id="oc-a0">
         <name>.text:main</name>
         <load_address>0x1e14</load_address>
         <run_address>0x1e14</run_address>
         <size>0xd8</size>
         <input_file_ref idref="fl-2"/>
      </object_component>
      <object_component id="oc-17b">
         <name>.text:Timer_A_registerInterrupt</name>
         <load_address>0x1eec</load_address>
         <run_address>0x1eec</run_address>
         <size>0xd2</size>
         <input_file_ref idref="fl-12"/>
      </object_component>
      <object_component id="oc-481">
         <name>.text:open</name>
         <load_address>0x1fc0</load_address>
         <run_address>0x1fc0</run_address>
         <size>0xbc</size>
         <input_file_ref idref="fl-ed"/>
      </object_component>
      <object_component id="oc-1f1">
         <name>.text:add_device</name>
         <load_address>0x207c</load_address>
         <run_address>0x207c</run_address>
         <size>0xb8</size>
         <input_file_ref idref="fl-ee"/>
      </object_component>
      <object_component id="oc-282">
         <name>.text:_ltostr</name>
         <load_address>0x2134</load_address>
         <run_address>0x2134</run_address>
         <size>0xb1</size>
         <input_file_ref idref="fl-cb"/>
      </object_component>
      <object_component id="oc-167">
         <name>.text:init_std_uart</name>
         <load_address>0x21e8</load_address>
         <run_address>0x21e8</run_address>
         <size>0x9c</size>
         <input_file_ref idref="fl-3"/>
      </object_component>
      <object_component id="oc-3a">
         <name>.text</name>
         <load_address>0x2284</load_address>
         <run_address>0x2284</run_address>
         <size>0x9c</size>
         <input_file_ref idref="fl-d9"/>
      </object_component>
      <object_component id="oc-b2">
         <name>.text:SystemInit</name>
         <load_address>0x2320</load_address>
         <run_address>0x2320</run_address>
         <size>0x98</size>
         <input_file_ref idref="fl-5"/>
      </object_component>
      <object_component id="oc-3a3">
         <name>.text</name>
         <load_address>0x23b8</load_address>
         <run_address>0x23b8</run_address>
         <size>0x96</size>
         <input_file_ref idref="fl-dc"/>
      </object_component>
      <object_component id="oc-e9">
         <name>.text:TimerInit</name>
         <load_address>0x2450</load_address>
         <run_address>0x2450</run_address>
         <size>0x90</size>
         <input_file_ref idref="fl-2"/>
      </object_component>
      <object_component id="oc-2d8">
         <name>.text:fputc</name>
         <load_address>0x24e0</load_address>
         <run_address>0x24e0</run_address>
         <size>0x8c</size>
         <input_file_ref idref="fl-cd"/>
      </object_component>
      <object_component id="oc-16e">
         <name>.text:GPIO_setAsPeripheralModuleFunctionInputPin</name>
         <load_address>0x256c</load_address>
         <run_address>0x256c</run_address>
         <size>0x88</size>
         <input_file_ref idref="fl-10"/>
      </object_component>
      <object_component id="oc-288">
         <name>.text:__aeabi_cdcmple</name>
         <load_address>0x25f4</load_address>
         <run_address>0x25f4</run_address>
         <size>0x86</size>
         <input_file_ref idref="fl-d2"/>
      </object_component>
      <object_component id="oc-3aa">
         <name>.text:__aeabi_cdrcmple</name>
         <load_address>0x267a</load_address>
         <run_address>0x267a</run_address>
         <size>0x86</size>
         <input_file_ref idref="fl-d2"/>
      </object_component>
      <object_component id="oc-24e">
         <name>.text:Interrupt_enableInterrupt</name>
         <load_address>0x2700</load_address>
         <run_address>0x2700</run_address>
         <size>0x80</size>
         <input_file_ref idref="fl-11"/>
      </object_component>
      <object_component id="oc-224">
         <name>.text:dopen</name>
         <load_address>0x2780</load_address>
         <run_address>0x2780</run_address>
         <size>0x80</size>
         <input_file_ref idref="fl-3"/>
      </object_component>
      <object_component id="oc-94">
         <name>.text</name>
         <load_address>0x2800</load_address>
         <run_address>0x2800</run_address>
         <size>0x7a</size>
         <input_file_ref idref="fl-db"/>
      </object_component>
      <object_component id="oc-18e">
         <name>.text:Encoder_ISR</name>
         <load_address>0x287c</load_address>
         <run_address>0x287c</run_address>
         <size>0x78</size>
         <input_file_ref idref="fl-2"/>
      </object_component>
      <object_component id="oc-30f">
         <name>.text:__TI_closefile</name>
         <load_address>0x28f4</load_address>
         <run_address>0x28f4</run_address>
         <size>0x74</size>
         <input_file_ref idref="fl-f5"/>
      </object_component>
      <object_component id="oc-542">
         <name>.text:split</name>
         <load_address>0x2968</load_address>
         <run_address>0x2968</run_address>
         <size>0x70</size>
         <input_file_ref idref="fl-e8"/>
      </object_component>
      <object_component id="oc-3c0">
         <name>.text:_mcpy</name>
         <load_address>0x29d8</load_address>
         <run_address>0x29d8</run_address>
         <size>0x6e</size>
         <input_file_ref idref="fl-cb"/>
      </object_component>
      <object_component id="oc-f9">
         <name>.text</name>
         <load_address>0x2a46</load_address>
         <run_address>0x2a46</run_address>
         <size>0x6e</size>
         <input_file_ref idref="fl-d6"/>
      </object_component>
      <object_component id="oc-462">
         <name>.text:HOSTrename</name>
         <load_address>0x2ab4</load_address>
         <run_address>0x2ab4</run_address>
         <size>0x6c</size>
         <input_file_ref idref="fl-104"/>
      </object_component>
      <object_component id="oc-456">
         <name>.text:HOSTlseek</name>
         <load_address>0x2b20</load_address>
         <run_address>0x2b20</run_address>
         <size>0x68</size>
         <input_file_ref idref="fl-101"/>
      </object_component>
      <object_component id="oc-17">
         <name>.text:decompress:lzss:__TI_decompress_lzss</name>
         <load_address>0x2b88</load_address>
         <run_address>0x2b88</run_address>
         <size>0x68</size>
         <input_file_ref idref="fl-df"/>
      </object_component>
      <object_component id="oc-112">
         <name>.text:printf</name>
         <load_address>0x2bf0</load_address>
         <run_address>0x2bf0</run_address>
         <size>0x68</size>
         <input_file_ref idref="fl-ca"/>
      </object_component>
      <object_component id="oc-3d5">
         <name>.text:frexp</name>
         <load_address>0x2c58</load_address>
         <run_address>0x2c58</run_address>
         <size>0x64</size>
         <input_file_ref idref="fl-f1"/>
      </object_component>
      <object_component id="oc-4eb">
         <name>.text:fseek</name>
         <load_address>0x2cbc</load_address>
         <run_address>0x2cbc</run_address>
         <size>0x64</size>
         <input_file_ref idref="fl-f7"/>
      </object_component>
      <object_component id="oc-40c">
         <name>.text:__TI_wrt_ok</name>
         <load_address>0x2d20</load_address>
         <run_address>0x2d20</run_address>
         <size>0x62</size>
         <input_file_ref idref="fl-cf"/>
      </object_component>
      <object_component id="oc-43e">
         <name>.text:HOSTopen</name>
         <load_address>0x2d84</load_address>
         <run_address>0x2d84</run_address>
         <size>0x60</size>
         <input_file_ref idref="fl-102"/>
      </object_component>
      <object_component id="oc-248">
         <name>.text:Interrupt_registerInterrupt</name>
         <load_address>0x2de4</load_address>
         <run_address>0x2de4</run_address>
         <size>0x5c</size>
         <input_file_ref idref="fl-11"/>
      </object_component>
      <object_component id="oc-472">
         <name>.text:close</name>
         <load_address>0x2e40</load_address>
         <run_address>0x2e40</run_address>
         <size>0x5c</size>
         <input_file_ref idref="fl-10a"/>
      </object_component>
      <object_component id="oc-44a">
         <name>.text:HOSTread</name>
         <load_address>0x2e9c</load_address>
         <run_address>0x2e9c</run_address>
         <size>0x58</size>
         <input_file_ref idref="fl-103"/>
      </object_component>
      <object_component id="oc-450">
         <name>.text:HOSTwrite</name>
         <load_address>0x2ef4</load_address>
         <run_address>0x2ef4</run_address>
         <size>0x58</size>
         <input_file_ref idref="fl-106"/>
      </object_component>
      <object_component id="oc-181">
         <name>.text:Timer_A_initCapture</name>
         <load_address>0x2f4c</load_address>
         <run_address>0x2f4c</run_address>
         <size>0x58</size>
         <input_file_ref idref="fl-12"/>
      </object_component>
      <object_component id="oc-293">
         <name>.text:_pconv_f</name>
         <load_address>0x2fa4</load_address>
         <run_address>0x2fa4</run_address>
         <size>0x56</size>
         <input_file_ref idref="fl-cb"/>
      </object_component>
      <object_component id="oc-3af">
         <name>.text:__TI_ltoa</name>
         <load_address>0x2ffa</load_address>
         <run_address>0x2ffa</run_address>
         <size>0x54</size>
         <input_file_ref idref="fl-e2"/>
      </object_component>
      <object_component id="oc-206">
         <name>.text:dread</name>
         <load_address>0x3050</load_address>
         <run_address>0x3050</run_address>
         <size>0x54</size>
         <input_file_ref idref="fl-3"/>
      </object_component>
      <object_component id="oc-3ba">
         <name>.text:_ecpy</name>
         <load_address>0x30a4</load_address>
         <run_address>0x30a4</run_address>
         <size>0x52</size>
         <input_file_ref idref="fl-cb"/>
      </object_component>
      <object_component id="oc-418">
         <name>.text:__TI_doflush</name>
         <load_address>0x30f6</load_address>
         <run_address>0x30f6</run_address>
         <size>0x4c</size>
         <input_file_ref idref="fl-f6"/>
      </object_component>
      <object_component id="oc-27c">
         <name>.text:atoi</name>
         <load_address>0x3144</load_address>
         <run_address>0x3144</run_address>
         <size>0x4c</size>
         <input_file_ref idref="fl-e3"/>
      </object_component>
      <object_component id="oc-20c">
         <name>.text:dwrite</name>
         <load_address>0x3190</load_address>
         <run_address>0x3190</run_address>
         <size>0x48</size>
         <input_file_ref idref="fl-3"/>
      </object_component>
      <object_component id="oc-127">
         <name>.text:exit</name>
         <load_address>0x31d8</load_address>
         <run_address>0x31d8</run_address>
         <size>0x48</size>
         <input_file_ref idref="fl-e0"/>
      </object_component>
      <object_component id="oc-108">
         <name>.text</name>
         <load_address>0x3220</load_address>
         <run_address>0x3220</run_address>
         <size>0x48</size>
         <input_file_ref idref="fl-d5"/>
      </object_component>
      <object_component id="oc-444">
         <name>.text:HOSTclose</name>
         <load_address>0x3268</load_address>
         <run_address>0x3268</run_address>
         <size>0x44</size>
         <input_file_ref idref="fl-100"/>
      </object_component>
      <object_component id="oc-45c">
         <name>.text:HOSTunlink</name>
         <load_address>0x32ac</load_address>
         <run_address>0x32ac</run_address>
         <size>0x44</size>
         <input_file_ref idref="fl-105"/>
      </object_component>
      <object_component id="oc-12d">
         <name>.text:__TI_auto_init_nobinit_nopinit:__TI_auto_init_nobinit_nopinit</name>
         <load_address>0x32f0</load_address>
         <run_address>0x32f0</run_address>
         <size>0x44</size>
         <input_file_ref idref="fl-fa"/>
      </object_component>
      <object_component id="oc-530">
         <name>.text:getdevice</name>
         <load_address>0x3334</load_address>
         <run_address>0x3334</run_address>
         <size>0x44</size>
         <input_file_ref idref="fl-f8"/>
      </object_component>
      <object_component id="oc-3cd">
         <name>.text:_fcpy</name>
         <load_address>0x3378</load_address>
         <run_address>0x3378</run_address>
         <size>0x3e</size>
         <input_file_ref idref="fl-cb"/>
      </object_component>
      <object_component id="oc-263">
         <name>.text:Timer_A_getCaptureCompareEnabledInterruptStatus</name>
         <load_address>0x33b8</load_address>
         <run_address>0x33b8</run_address>
         <size>0x38</size>
         <input_file_ref idref="fl-12"/>
      </object_component>
      <object_component id="oc-505">
         <name>.text:__TI_writemsg</name>
         <load_address>0x33f0</load_address>
         <run_address>0x33f0</run_address>
         <size>0x38</size>
         <input_file_ref idref="fl-107"/>
      </object_component>
      <object_component id="oc-10d">
         <name>.text</name>
         <load_address>0x3428</load_address>
         <run_address>0x3428</run_address>
         <size>0x38</size>
         <input_file_ref idref="fl-d7"/>
      </object_component>
      <object_component id="oc-303">
         <name>.text:strncpy</name>
         <load_address>0x3460</load_address>
         <run_address>0x3460</run_address>
         <size>0x36</size>
         <input_file_ref idref="fl-ff"/>
      </object_component>
      <object_component id="oc-175">
         <name>.text:Timer_A_configureContinuousMode</name>
         <load_address>0x3498</load_address>
         <run_address>0x3498</run_address>
         <size>0x34</size>
         <input_file_ref idref="fl-12"/>
      </object_component>
      <object_component id="oc-329">
         <name>.text:__TI_cleanup</name>
         <load_address>0x34cc</load_address>
         <run_address>0x34cc</run_address>
         <size>0x34</size>
         <input_file_ref idref="fl-cc"/>
      </object_component>
      <object_component id="oc-50b">
         <name>.text:__TI_readmsg</name>
         <load_address>0x3500</load_address>
         <run_address>0x3500</run_address>
         <size>0x34</size>
         <input_file_ref idref="fl-107"/>
      </object_component>
      <object_component id="oc-58">
         <name>.text:_c_int00_noargs:_c_int00_noargs</name>
         <load_address>0x3534</load_address>
         <run_address>0x3534</run_address>
         <size>0x34</size>
         <input_file_ref idref="fl-f0"/>
      </object_component>
      <object_component id="oc-1f7">
         <name>.text:freopen</name>
         <load_address>0x3568</load_address>
         <run_address>0x3568</run_address>
         <size>0x34</size>
         <input_file_ref idref="fl-cc"/>
      </object_component>
      <object_component id="oc-2fd">
         <name>.text:finddevice</name>
         <load_address>0x359c</load_address>
         <run_address>0x359c</run_address>
         <size>0x30</size>
         <input_file_ref idref="fl-f8"/>
      </object_component>
      <object_component id="oc-ef">
         <name>.text</name>
         <load_address>0x35cc</load_address>
         <run_address>0x35cc</run_address>
         <size>0x2e</size>
         <input_file_ref idref="fl-d8"/>
      </object_component>
      <object_component id="oc-269">
         <name>.text:Timer_A_clearCaptureCompareInterrupt</name>
         <load_address>0x35fc</load_address>
         <run_address>0x35fc</run_address>
         <size>0x2c</size>
         <input_file_ref idref="fl-12"/>
      </object_component>
      <object_component id="oc-478">
         <name>.text:unlink</name>
         <load_address>0x3628</load_address>
         <run_address>0x3628</run_address>
         <size>0x2c</size>
         <input_file_ref idref="fl-10c"/>
      </object_component>
      <object_component id="oc-393">
         <name>.text:Timer_A_getCaptureCompareInterruptStatus</name>
         <load_address>0x3654</load_address>
         <run_address>0x3654</run_address>
         <size>0x28</size>
         <input_file_ref idref="fl-12"/>
      </object_component>
      <object_component id="oc-490">
         <name>.text:free_list_insert</name>
         <load_address>0x367c</load_address>
         <run_address>0x367c</run_address>
         <size>0x28</size>
         <input_file_ref idref="fl-e8"/>
      </object_component>
      <object_component id="oc-565">
         <name>.text:lseek</name>
         <load_address>0x36a4</load_address>
         <run_address>0x36a4</run_address>
         <size>0x28</size>
         <input_file_ref idref="fl-109"/>
      </object_component>
      <object_component id="oc-41e">
         <name>.text:write</name>
         <load_address>0x36cc</load_address>
         <run_address>0x36cc</run_address>
         <size>0x28</size>
         <input_file_ref idref="fl-eb"/>
      </object_component>
      <object_component id="oc-26f">
         <name>.text:Timer_A_getCaptureCompareCount</name>
         <load_address>0x36f4</load_address>
         <run_address>0x36f4</run_address>
         <size>0x22</size>
         <input_file_ref idref="fl-12"/>
      </object_component>
      <object_component id="oc-412">
         <name>.text:memchr</name>
         <load_address>0x3716</load_address>
         <run_address>0x3716</run_address>
         <size>0x20</size>
         <input_file_ref idref="fl-e7"/>
      </object_component>
      <object_component id="oc-fe">
         <name>.text</name>
         <load_address>0x3736</load_address>
         <run_address>0x3736</run_address>
         <size>0x20</size>
         <input_file_ref idref="fl-da"/>
      </object_component>
      <object_component id="oc-22a">
         <name>.text:dclose</name>
         <load_address>0x3758</load_address>
         <run_address>0x3758</run_address>
         <size>0x1c</size>
         <input_file_ref idref="fl-3"/>
      </object_component>
      <object_component id="oc-46">
         <name>.text:decompress:ZI:__TI_zero_init_nomemset:__TI_zero_init_nomemset</name>
         <load_address>0x3774</load_address>
         <run_address>0x3774</run_address>
         <size>0x1c</size>
         <input_file_ref idref="fl-dd"/>
      </object_component>
      <object_component id="oc-48a">
         <name>.text:free_list_remove</name>
         <load_address>0x3790</load_address>
         <run_address>0x3790</run_address>
         <size>0x1c</size>
         <input_file_ref idref="fl-e8"/>
      </object_component>
      <object_component id="oc-2a5">
         <name>.text:memccpy</name>
         <load_address>0x37ac</load_address>
         <run_address>0x37ac</run_address>
         <size>0x1c</size>
         <input_file_ref idref="fl-e6"/>
      </object_component>
      <object_component id="oc-4cf">
         <name>.text:copysign</name>
         <load_address>0x37c8</load_address>
         <run_address>0x37c8</run_address>
         <size>0x1a</size>
         <input_file_ref idref="fl-f3"/>
      </object_component>
      <object_component id="oc-257">
         <name>.text:Timer_A_getEnabledInterruptStatus</name>
         <load_address>0x37e2</load_address>
         <run_address>0x37e2</run_address>
         <size>0x18</size>
         <input_file_ref idref="fl-12"/>
      </object_component>
      <object_component id="oc-434">
         <name>.text:strcmp</name>
         <load_address>0x37fa</load_address>
         <run_address>0x37fa</run_address>
         <size>0x18</size>
         <input_file_ref idref="fl-fe"/>
      </object_component>
      <object_component id="oc-25d">
         <name>.text:Timer_A_clearInterruptFlag</name>
         <load_address>0x3812</load_address>
         <run_address>0x3812</run_address>
         <size>0x16</size>
         <input_file_ref idref="fl-12"/>
      </object_component>
      <object_component id="oc-187">
         <name>.text:Timer_A_startCounter</name>
         <load_address>0x3828</load_address>
         <run_address>0x3828</run_address>
         <size>0x16</size>
         <input_file_ref idref="fl-12"/>
      </object_component>
      <object_component id="oc-3e1">
         <name>.text:strchr</name>
         <load_address>0x383e</load_address>
         <run_address>0x383e</run_address>
         <size>0x16</size>
         <input_file_ref idref="fl-e9"/>
      </object_component>
      <object_component id="oc-51f">
         <name>.text:strcpy</name>
         <load_address>0x3854</load_address>
         <run_address>0x3854</run_address>
         <size>0x14</size>
         <input_file_ref idref="fl-10b"/>
      </object_component>
      <object_component id="oc-276">
         <name>.text:strlen</name>
         <load_address>0x3868</load_address>
         <run_address>0x3868</run_address>
         <size>0x14</size>
         <input_file_ref idref="fl-ea"/>
      </object_component>
      <object_component id="oc-38b">
         <name>.text:Timer_A_getInterruptStatus</name>
         <load_address>0x387c</load_address>
         <run_address>0x387c</run_address>
         <size>0x12</size>
         <input_file_ref idref="fl-12"/>
      </object_component>
      <object_component id="oc-212">
         <name>.text:dlseek</name>
         <load_address>0x388e</load_address>
         <run_address>0x388e</run_address>
         <size>0x12</size>
         <input_file_ref idref="fl-3"/>
      </object_component>
      <object_component id="oc-2ab">
         <name>.text:wcslen</name>
         <load_address>0x38a0</load_address>
         <run_address>0x38a0</run_address>
         <size>0x12</size>
         <input_file_ref idref="fl-f4"/>
      </object_component>
      <object_component id="oc-21e">
         <name>.text:drename</name>
         <load_address>0x38b2</load_address>
         <run_address>0x38b2</run_address>
         <size>0x10</size>
         <input_file_ref idref="fl-3"/>
      </object_component>
      <object_component id="oc-e3">
         <name>.text:GPIOInit</name>
         <load_address>0x38c2</load_address>
         <run_address>0x38c2</run_address>
         <size>0xe</size>
         <input_file_ref idref="fl-2"/>
      </object_component>
      <object_component id="oc-1d">
         <name>.text:decompress:none:__TI_decompress_none</name>
         <load_address>0x38d0</load_address>
         <run_address>0x38d0</run_address>
         <size>0xe</size>
         <input_file_ref idref="fl-de"/>
      </object_component>
      <object_component id="oc-218">
         <name>.text:dunlink</name>
         <load_address>0x38de</load_address>
         <run_address>0x38de</run_address>
         <size>0xe</size>
         <input_file_ref idref="fl-3"/>
      </object_component>
      <object_component id="oc-6a">
         <name>.text:Reset_Handler</name>
         <load_address>0x38ec</load_address>
         <run_address>0x38ec</run_address>
         <size>0xc</size>
         <input_file_ref idref="fl-4"/>
      </object_component>
      <object_component id="oc-dd">
         <name>.text:SysInit</name>
         <load_address>0x38f8</load_address>
         <run_address>0x38f8</run_address>
         <size>0x8</size>
         <input_file_ref idref="fl-3"/>
      </object_component>
      <object_component id="oc-2b1">
         <name>.text:__aeabi_errno_addr</name>
         <load_address>0x3900</load_address>
         <run_address>0x3900</run_address>
         <size>0x8</size>
         <input_file_ref idref="fl-ef"/>
      </object_component>
      <object_component id="oc-323">
         <name>.text:malloc</name>
         <load_address>0x3908</load_address>
         <run_address>0x3908</run_address>
         <size>0x8</size>
         <input_file_ref idref="fl-e8"/>
      </object_component>
      <object_component id="oc-1af">
         <name>.text:_outc</name>
         <load_address>0x3910</load_address>
         <run_address>0x3910</run_address>
         <size>0x4</size>
         <input_file_ref idref="fl-ca"/>
      </object_component>
      <object_component id="oc-1a9">
         <name>.text:_outs</name>
         <load_address>0x3914</load_address>
         <run_address>0x3914</run_address>
         <size>0x4</size>
         <input_file_ref idref="fl-ca"/>
      </object_component>
      <object_component id="oc-9a">
         <name>.text:_system_pre_init</name>
         <load_address>0x3918</load_address>
         <run_address>0x3918</run_address>
         <size>0x4</size>
         <input_file_ref idref="fl-fb"/>
      </object_component>
      <object_component id="oc-121">
         <name>.text:abort:abort</name>
         <load_address>0x391c</load_address>
         <run_address>0x391c</run_address>
         <size>0x4</size>
         <input_file_ref idref="fl-e0"/>
      </object_component>
      <object_component id="oc-39e">
         <name>.const:.string:_ctypes_</name>
         <load_address>0x3920</load_address>
         <run_address>0x3920</run_address>
         <size>0x101</size>
         <input_file_ref idref="fl-e4"/>
      </object_component>
      <object_component id="oc-232">
         <name>.const:GPIO_PORT_TO_BASE</name>
         <load_address>0x3a24</load_address>
         <run_address>0x3a24</run_address>
         <size>0x30</size>
         <input_file_ref idref="fl-10"/>
      </object_component>
      <object_component id="oc-34d">
         <name>.const:$P$T1$2</name>
         <load_address>0x3a54</load_address>
         <run_address>0x3a54</run_address>
         <size>0x28</size>
         <input_file_ref idref="fl-3"/>
      </object_component>
      <object_component id="oc-387">
         <name>.const:g_pulEnRegs</name>
         <load_address>0x3a7c</load_address>
         <run_address>0x3a7c</run_address>
         <size>0x8</size>
         <input_file_ref idref="fl-11"/>
      </object_component>
      <object_component id="oc-203">
         <name>.const:.string:$P$T0$1</name>
         <load_address>0x3a84</load_address>
         <run_address>0x3a84</run_address>
         <size>0x5</size>
         <input_file_ref idref="fl-3"/>
      </object_component>
      <object_component id="oc-5d5">
         <name>.cinit..data.load</name>
         <load_address>0x3a90</load_address>
         <run_address>0x3a90</run_address>
         <size>0x6a</size>
      </object_component>
      <object_component id="oc-5d2">
         <name>__TI_handler_table</name>
         <load_address>0x3afc</load_address>
         <run_address>0x3afc</run_address>
         <size>0xc</size>
      </object_component>
      <object_component id="oc-5d6">
         <name>.cinit..bss.load</name>
         <load_address>0x3b08</load_address>
         <run_address>0x3b08</run_address>
         <size>0x8</size>
      </object_component>
      <object_component id="oc-5d4">
         <name>.cinit..vtable.load</name>
         <load_address>0x3b10</load_address>
         <run_address>0x3b10</run_address>
         <size>0x8</size>
      </object_component>
      <object_component id="oc-5d3">
         <name>__TI_cinit_table</name>
         <load_address>0x3b18</load_address>
         <run_address>0x3b18</run_address>
         <size>0x18</size>
      </object_component>
      <object_component id="oc-5a6">
         <name>.binit</name>
         <load_address>0x0</load_address>
         <run_address>0x0</run_address>
         <size>0x0</size>
      </object_component>
      <object_component id="oc-382">
         <name>.vtable</name>
         <uninitialized>true</uninitialized>
         <run_address>0x20000000</run_address>
         <size>0xe8</size>
         <input_file_ref idref="fl-11"/>
      </object_component>
      <object_component id="oc-118">
         <name>.data</name>
         <load_address>0x200006b0</load_address>
         <run_address>0x200006b0</run_address>
         <size>0xd</size>
         <input_file_ref idref="fl-2"/>
      </object_component>
      <object_component id="oc-1bf">
         <name>.data:$O1$$</name>
         <load_address>0x200006c0</load_address>
         <run_address>0x200006c0</run_address>
         <size>0xc</size>
         <input_file_ref idref="fl-e0"/>
      </object_component>
      <object_component id="oc-1a3">
         <name>.data:$O1$$</name>
         <load_address>0x200006cc</load_address>
         <run_address>0x200006cc</run_address>
         <size>0x8</size>
         <input_file_ref idref="fl-e1"/>
      </object_component>
      <object_component id="oc-1a6">
         <name>.data:_ftable</name>
         <load_address>0x200004e8</load_address>
         <run_address>0x200004e8</run_address>
         <size>0xf0</size>
         <input_file_ref idref="fl-e5"/>
      </object_component>
      <object_component id="oc-49e">
         <name>.data</name>
         <load_address>0x200006a0</load_address>
         <run_address>0x200006a0</run_address>
         <size>0x10</size>
         <input_file_ref idref="fl-e5"/>
      </object_component>
      <object_component id="oc-53d">
         <name>.data:$O1$$</name>
         <load_address>0x200006d4</load_address>
         <run_address>0x200006d4</run_address>
         <size>0x8</size>
         <input_file_ref idref="fl-e8"/>
      </object_component>
      <object_component id="oc-30a">
         <name>.data:_device</name>
         <load_address>0x200005d8</load_address>
         <run_address>0x200005d8</run_address>
         <size>0x78</size>
         <input_file_ref idref="fl-ec"/>
      </object_component>
      <object_component id="oc-4f6">
         <name>.data:_stream</name>
         <load_address>0x20000650</load_address>
         <run_address>0x20000650</run_address>
         <size>0x50</size>
         <input_file_ref idref="fl-ec"/>
      </object_component>
      <object_component id="oc-53a">
         <name>.data</name>
         <load_address>0x200006e4</load_address>
         <run_address>0x200006e4</run_address>
         <size>0x4</size>
         <input_file_ref idref="fl-ed"/>
      </object_component>
      <object_component id="oc-309">
         <name>.data</name>
         <load_address>0x200006dc</load_address>
         <run_address>0x200006dc</run_address>
         <size>0x4</size>
         <input_file_ref idref="fl-ee"/>
      </object_component>
      <object_component id="oc-3f1">
         <name>.data</name>
         <load_address>0x200006e0</load_address>
         <run_address>0x200006e0</run_address>
         <size>0x4</size>
         <input_file_ref idref="fl-ef"/>
      </object_component>
      <object_component id="oc-577">
         <name>.bss:_CIOBUF_</name>
         <uninitialized>true</uninitialized>
         <run_address>0x200006e8</run_address>
         <size>0x120</size>
         <input_file_ref idref="fl-107"/>
      </object_component>
      <object_component id="oc-194">
         <name>.common:comconfig1</name>
         <uninitialized>true</uninitialized>
         <run_address>0x200008a8</run_address>
         <size>0x18</size>
      </object_component>
      <object_component id="oc-18d">
         <name>.common:config</name>
         <uninitialized>true</uninitialized>
         <run_address>0x200008c0</run_address>
         <size>0x10</size>
      </object_component>
      <object_component id="oc-47e">
         <name>.common:__TI_tmpnams</name>
         <uninitialized>true</uninitialized>
         <run_address>0x20000808</run_address>
         <size>0xa0</size>
      </object_component>
      <object_component id="oc-511">
         <name>.common:parmbuf</name>
         <uninitialized>true</uninitialized>
         <run_address>0x200008d0</run_address>
         <size>0x8</size>
      </object_component>
      <object_component id="oc-29">
         <name>.sysmem</name>
         <uninitialized>true</uninitialized>
         <run_address>0x200000e8</run_address>
         <size>0x10</size>
         <input_file_ref idref="fl-e8"/>
      </object_component>
      <object_component id="oc-5d9">
         <name>.sysmem</name>
         <uninitialized>true</uninitialized>
         <run_address>0x200000e8</run_address>
         <size>0x0</size>
      </object_component>
      <object_component id="oc-2c">
         <name>.stack</name>
         <uninitialized>true</uninitialized>
         <run_address>0x2000fc00</run_address>
         <size>0x4</size>
         <input_file_ref idref="fl-f0"/>
      </object_component>
      <object_component id="oc-5d8">
         <name>.stack</name>
         <uninitialized>true</uninitialized>
         <run_address>0x2000fc00</run_address>
         <size>0x0</size>
      </object_component>
      <object_component id="oc-165">
         <name>.debug_info</name>
         <load_address>0x0</load_address>
         <run_address>0x0</run_address>
         <size>0x967</size>
         <input_file_ref idref="fl-2"/>
      </object_component>
      <object_component id="oc-119">
         <name>.debug_info</name>
         <load_address>0x967</load_address>
         <run_address>0x967</run_address>
         <size>0x169</size>
         <input_file_ref idref="fl-2"/>
      </object_component>
      <object_component id="oc-a1">
         <name>.debug_info</name>
         <load_address>0xad0</load_address>
         <run_address>0xad0</run_address>
         <size>0x2a4</size>
         <input_file_ref idref="fl-2"/>
      </object_component>
      <object_component id="oc-e4">
         <name>.debug_info</name>
         <load_address>0xd74</load_address>
         <run_address>0xd74</run_address>
         <size>0x14b</size>
         <input_file_ref idref="fl-2"/>
      </object_component>
      <object_component id="oc-ea">
         <name>.debug_info</name>
         <load_address>0xebf</load_address>
         <run_address>0xebf</run_address>
         <size>0x1b7</size>
         <input_file_ref idref="fl-2"/>
      </object_component>
      <object_component id="oc-18f">
         <name>.debug_info</name>
         <load_address>0x1076</load_address>
         <run_address>0x1076</run_address>
         <size>0x214</size>
         <input_file_ref idref="fl-2"/>
      </object_component>
      <object_component id="oc-bc">
         <name>.debug_info</name>
         <load_address>0x128a</load_address>
         <run_address>0x128a</run_address>
         <size>0x26b</size>
         <input_file_ref idref="fl-2"/>
      </object_component>
      <object_component id="oc-1e2">
         <name>.debug_info</name>
         <load_address>0x14f5</load_address>
         <run_address>0x14f5</run_address>
         <size>0x1028</size>
         <input_file_ref idref="fl-2"/>
      </object_component>
      <object_component id="oc-1dd">
         <name>.debug_info</name>
         <load_address>0x251d</load_address>
         <run_address>0x251d</run_address>
         <size>0x37e2</size>
         <input_file_ref idref="fl-2"/>
      </object_component>
      <object_component id="oc-1e7">
         <name>.debug_info</name>
         <load_address>0x5cff</load_address>
         <run_address>0x5cff</run_address>
         <size>0x341</size>
         <input_file_ref idref="fl-2"/>
      </object_component>
      <object_component id="oc-35">
         <name>.debug_info</name>
         <load_address>0x6040</load_address>
         <run_address>0x6040</run_address>
         <size>0x84</size>
         <input_file_ref idref="fl-2"/>
      </object_component>
      <object_component id="oc-160">
         <name>.debug_info</name>
         <load_address>0x60c4</load_address>
         <run_address>0x60c4</run_address>
         <size>0x2a4</size>
         <input_file_ref idref="fl-2"/>
      </object_component>
      <object_component id="oc-1ec">
         <name>.debug_info</name>
         <load_address>0x6368</load_address>
         <run_address>0x6368</run_address>
         <size>0xef</size>
         <input_file_ref idref="fl-2"/>
      </object_component>
      <object_component id="oc-11c">
         <name>.debug_info</name>
         <load_address>0x6457</load_address>
         <run_address>0x6457</run_address>
         <size>0xbb</size>
         <input_file_ref idref="fl-2"/>
      </object_component>
      <object_component id="oc-35e">
         <name>.debug_info</name>
         <load_address>0x6512</load_address>
         <run_address>0x6512</run_address>
         <size>0xcc</size>
         <input_file_ref idref="fl-2"/>
      </object_component>
      <object_component id="oc-340">
         <name>.debug_info</name>
         <load_address>0x65de</load_address>
         <run_address>0x65de</run_address>
         <size>0x2c</size>
         <input_file_ref idref="fl-2"/>
      </object_component>
      <object_component id="oc-1b7">
         <name>.debug_info</name>
         <load_address>0x660a</load_address>
         <run_address>0x660a</run_address>
         <size>0x2c</size>
         <input_file_ref idref="fl-2"/>
      </object_component>
      <object_component id="oc-351">
         <name>.debug_info</name>
         <load_address>0x6636</load_address>
         <run_address>0x6636</run_address>
         <size>0x102</size>
         <input_file_ref idref="fl-2"/>
      </object_component>
      <object_component id="oc-231">
         <name>.debug_info</name>
         <load_address>0x6738</load_address>
         <run_address>0x6738</run_address>
         <size>0x78f</size>
         <input_file_ref idref="fl-3"/>
      </object_component>
      <object_component id="oc-204">
         <name>.debug_info</name>
         <load_address>0x6ec7</load_address>
         <run_address>0x6ec7</run_address>
         <size>0xfc</size>
         <input_file_ref idref="fl-3"/>
      </object_component>
      <object_component id="oc-34e">
         <name>.debug_info</name>
         <load_address>0x6fc3</load_address>
         <run_address>0x6fc3</run_address>
         <size>0xfc</size>
         <input_file_ref idref="fl-3"/>
      </object_component>
      <object_component id="oc-de">
         <name>.debug_info</name>
         <load_address>0x70bf</load_address>
         <run_address>0x70bf</run_address>
         <size>0x159</size>
         <input_file_ref idref="fl-3"/>
      </object_component>
      <object_component id="oc-168">
         <name>.debug_info</name>
         <load_address>0x7218</load_address>
         <run_address>0x7218</run_address>
         <size>0x1aa</size>
         <input_file_ref idref="fl-3"/>
      </object_component>
      <object_component id="oc-225">
         <name>.debug_info</name>
         <load_address>0x73c2</load_address>
         <run_address>0x73c2</run_address>
         <size>0x1f0</size>
         <input_file_ref idref="fl-3"/>
      </object_component>
      <object_component id="oc-22b">
         <name>.debug_info</name>
         <load_address>0x75b2</load_address>
         <run_address>0x75b2</run_address>
         <size>0x179</size>
         <input_file_ref idref="fl-3"/>
      </object_component>
      <object_component id="oc-207">
         <name>.debug_info</name>
         <load_address>0x772b</load_address>
         <run_address>0x772b</run_address>
         <size>0x1c9</size>
         <input_file_ref idref="fl-3"/>
      </object_component>
      <object_component id="oc-20d">
         <name>.debug_info</name>
         <load_address>0x78f4</load_address>
         <run_address>0x78f4</run_address>
         <size>0x1cb</size>
         <input_file_ref idref="fl-3"/>
      </object_component>
      <object_component id="oc-213">
         <name>.debug_info</name>
         <load_address>0x7abf</load_address>
         <run_address>0x7abf</run_address>
         <size>0x1c8</size>
         <input_file_ref idref="fl-3"/>
      </object_component>
      <object_component id="oc-219">
         <name>.debug_info</name>
         <load_address>0x7c87</load_address>
         <run_address>0x7c87</run_address>
         <size>0x16c</size>
         <input_file_ref idref="fl-3"/>
      </object_component>
      <object_component id="oc-21f">
         <name>.debug_info</name>
         <load_address>0x7df3</load_address>
         <run_address>0x7df3</run_address>
         <size>0x1af</size>
         <input_file_ref idref="fl-3"/>
      </object_component>
      <object_component id="oc-359">
         <name>.debug_info</name>
         <load_address>0x7fa2</load_address>
         <run_address>0x7fa2</run_address>
         <size>0x37e2</size>
         <input_file_ref idref="fl-3"/>
      </object_component>
      <object_component id="oc-339">
         <name>.debug_info</name>
         <load_address>0xb784</load_address>
         <run_address>0xb784</run_address>
         <size>0x8b</size>
         <input_file_ref idref="fl-3"/>
      </object_component>
      <object_component id="oc-78">
         <name>.debug_info</name>
         <load_address>0xb80f</load_address>
         <run_address>0xb80f</run_address>
         <size>0x2eb</size>
         <input_file_ref idref="fl-4"/>
      </object_component>
      <object_component id="oc-27">
         <name>.debug_info</name>
         <load_address>0xbafa</load_address>
         <run_address>0xbafa</run_address>
         <size>0x117</size>
         <input_file_ref idref="fl-4"/>
      </object_component>
      <object_component id="oc-6e">
         <name>.debug_info</name>
         <load_address>0xbc11</load_address>
         <run_address>0xbc11</run_address>
         <size>0x17a</size>
         <input_file_ref idref="fl-4"/>
      </object_component>
      <object_component id="oc-73">
         <name>.debug_info</name>
         <load_address>0xbd8b</load_address>
         <run_address>0xbd8b</run_address>
         <size>0x162</size>
         <input_file_ref idref="fl-4"/>
      </object_component>
      <object_component id="oc-b5">
         <name>.debug_info</name>
         <load_address>0xbeed</load_address>
         <run_address>0xbeed</run_address>
         <size>0x157</size>
         <input_file_ref idref="fl-5"/>
      </object_component>
      <object_component id="oc-365">
         <name>.debug_info</name>
         <load_address>0xc044</load_address>
         <run_address>0xc044</run_address>
         <size>0x701</size>
         <input_file_ref idref="fl-10"/>
      </object_component>
      <object_component id="oc-233">
         <name>.debug_info</name>
         <load_address>0xc745</load_address>
         <run_address>0xc745</run_address>
         <size>0x135</size>
         <input_file_ref idref="fl-10"/>
      </object_component>
      <object_component id="oc-171">
         <name>.debug_info</name>
         <load_address>0xc87a</load_address>
         <run_address>0xc87a</run_address>
         <size>0x2a3</size>
         <input_file_ref idref="fl-10"/>
      </object_component>
      <object_component id="oc-37d">
         <name>.debug_info</name>
         <load_address>0xcb1d</load_address>
         <run_address>0xcb1d</run_address>
         <size>0x26b</size>
         <input_file_ref idref="fl-10"/>
      </object_component>
      <object_component id="oc-373">
         <name>.debug_info</name>
         <load_address>0xcd88</load_address>
         <run_address>0xcd88</run_address>
         <size>0x1028</size>
         <input_file_ref idref="fl-10"/>
      </object_component>
      <object_component id="oc-36e">
         <name>.debug_info</name>
         <load_address>0xddb0</load_address>
         <run_address>0xddb0</run_address>
         <size>0x431a</size>
         <input_file_ref idref="fl-10"/>
      </object_component>
      <object_component id="oc-366">
         <name>.debug_info</name>
         <load_address>0x120ca</load_address>
         <run_address>0x120ca</run_address>
         <size>0x297</size>
         <input_file_ref idref="fl-10"/>
      </object_component>
      <object_component id="oc-236">
         <name>.debug_info</name>
         <load_address>0x12361</load_address>
         <run_address>0x12361</run_address>
         <size>0xef</size>
         <input_file_ref idref="fl-10"/>
      </object_component>
      <object_component id="oc-23b">
         <name>.debug_info</name>
         <load_address>0x12450</load_address>
         <run_address>0x12450</run_address>
         <size>0xbb</size>
         <input_file_ref idref="fl-10"/>
      </object_component>
      <object_component id="oc-386">
         <name>.debug_info</name>
         <load_address>0x1250b</load_address>
         <run_address>0x1250b</run_address>
         <size>0x68f</size>
         <input_file_ref idref="fl-11"/>
      </object_component>
      <object_component id="oc-388">
         <name>.debug_info</name>
         <load_address>0x12b9a</load_address>
         <run_address>0x12b9a</run_address>
         <size>0x12e</size>
         <input_file_ref idref="fl-11"/>
      </object_component>
      <object_component id="oc-383">
         <name>.debug_info</name>
         <load_address>0x12cc8</load_address>
         <run_address>0x12cc8</run_address>
         <size>0x137</size>
         <input_file_ref idref="fl-11"/>
      </object_component>
      <object_component id="oc-249">
         <name>.debug_info</name>
         <load_address>0x12dff</load_address>
         <run_address>0x12dff</run_address>
         <size>0x281</size>
         <input_file_ref idref="fl-11"/>
      </object_component>
      <object_component id="oc-24f">
         <name>.debug_info</name>
         <load_address>0x13080</load_address>
         <run_address>0x13080</run_address>
         <size>0x219</size>
         <input_file_ref idref="fl-11"/>
      </object_component>
      <object_component id="oc-247">
         <name>.debug_info</name>
         <load_address>0x13299</load_address>
         <run_address>0x13299</run_address>
         <size>0x725</size>
         <input_file_ref idref="fl-12"/>
      </object_component>
      <object_component id="oc-242">
         <name>.debug_info</name>
         <load_address>0x139be</load_address>
         <run_address>0x139be</run_address>
         <size>0x25e</size>
         <input_file_ref idref="fl-12"/>
      </object_component>
      <object_component id="oc-189">
         <name>.debug_info</name>
         <load_address>0x13c1c</load_address>
         <run_address>0x13c1c</run_address>
         <size>0x215</size>
         <input_file_ref idref="fl-12"/>
      </object_component>
      <object_component id="oc-178">
         <name>.debug_info</name>
         <load_address>0x13e31</load_address>
         <run_address>0x13e31</run_address>
         <size>0x24d</size>
         <input_file_ref idref="fl-12"/>
      </object_component>
      <object_component id="oc-183">
         <name>.debug_info</name>
         <load_address>0x1407e</load_address>
         <run_address>0x1407e</run_address>
         <size>0x218</size>
         <input_file_ref idref="fl-12"/>
      </object_component>
      <object_component id="oc-272">
         <name>.debug_info</name>
         <load_address>0x14296</load_address>
         <run_address>0x14296</run_address>
         <size>0x274</size>
         <input_file_ref idref="fl-12"/>
      </object_component>
      <object_component id="oc-25f">
         <name>.debug_info</name>
         <load_address>0x1450a</load_address>
         <run_address>0x1450a</run_address>
         <size>0x1ed</size>
         <input_file_ref idref="fl-12"/>
      </object_component>
      <object_component id="oc-26b">
         <name>.debug_info</name>
         <load_address>0x146f7</load_address>
         <run_address>0x146f7</run_address>
         <size>0x27c</size>
         <input_file_ref idref="fl-12"/>
      </object_component>
      <object_component id="oc-38e">
         <name>.debug_info</name>
         <load_address>0x14973</load_address>
         <run_address>0x14973</run_address>
         <size>0x1f1</size>
         <input_file_ref idref="fl-12"/>
      </object_component>
      <object_component id="oc-396">
         <name>.debug_info</name>
         <load_address>0x14b64</load_address>
         <run_address>0x14b64</run_address>
         <size>0x2ab</size>
         <input_file_ref idref="fl-12"/>
      </object_component>
      <object_component id="oc-25a">
         <name>.debug_info</name>
         <load_address>0x14e0f</load_address>
         <run_address>0x14e0f</run_address>
         <size>0x220</size>
         <input_file_ref idref="fl-12"/>
      </object_component>
      <object_component id="oc-266">
         <name>.debug_info</name>
         <load_address>0x1502f</load_address>
         <run_address>0x1502f</run_address>
         <size>0x2c5</size>
         <input_file_ref idref="fl-12"/>
      </object_component>
      <object_component id="oc-17e">
         <name>.debug_info</name>
         <load_address>0x152f4</load_address>
         <run_address>0x152f4</run_address>
         <size>0x485</size>
         <input_file_ref idref="fl-12"/>
      </object_component>
      <object_component id="oc-378">
         <name>.debug_info</name>
         <load_address>0x15779</load_address>
         <run_address>0x15779</run_address>
         <size>0x341</size>
         <input_file_ref idref="fl-12"/>
      </object_component>
      <object_component id="oc-4a6">
         <name>.debug_info</name>
         <load_address>0x15aba</load_address>
         <run_address>0x15aba</run_address>
         <size>0x6eb</size>
         <input_file_ref idref="fl-13"/>
      </object_component>
      <object_component id="oc-348">
         <name>.debug_info</name>
         <load_address>0x161a5</load_address>
         <run_address>0x161a5</run_address>
         <size>0x234</size>
         <input_file_ref idref="fl-13"/>
      </object_component>
      <object_component id="oc-54f">
         <name>.debug_info</name>
         <load_address>0x163d9</load_address>
         <run_address>0x163d9</run_address>
         <size>0x102</size>
         <input_file_ref idref="fl-13"/>
      </object_component>
      <object_component id="oc-1b6">
         <name>.debug_info</name>
         <load_address>0x164db</load_address>
         <run_address>0x164db</run_address>
         <size>0x3e5</size>
         <input_file_ref idref="fl-ca"/>
      </object_component>
      <object_component id="oc-1b3">
         <name>.debug_info</name>
         <load_address>0x168c0</load_address>
         <run_address>0x168c0</run_address>
         <size>0x157</size>
         <input_file_ref idref="fl-ca"/>
      </object_component>
      <object_component id="oc-1ad">
         <name>.debug_info</name>
         <load_address>0x16a17</load_address>
         <run_address>0x16a17</run_address>
         <size>0x166</size>
         <input_file_ref idref="fl-ca"/>
      </object_component>
      <object_component id="oc-116">
         <name>.debug_info</name>
         <load_address>0x16b7d</load_address>
         <run_address>0x16b7d</run_address>
         <size>0x1ac</size>
         <input_file_ref idref="fl-ca"/>
      </object_component>
      <object_component id="oc-2e1">
         <name>.debug_info</name>
         <load_address>0x16d29</load_address>
         <run_address>0x16d29</run_address>
         <size>0xb2</size>
         <input_file_ref idref="fl-ca"/>
      </object_component>
      <object_component id="oc-2b8">
         <name>.debug_info</name>
         <load_address>0x16ddb</load_address>
         <run_address>0x16ddb</run_address>
         <size>0x590</size>
         <input_file_ref idref="fl-cb"/>
      </object_component>
      <object_component id="oc-283">
         <name>.debug_info</name>
         <load_address>0x1736b</load_address>
         <run_address>0x1736b</run_address>
         <size>0x21e</size>
         <input_file_ref idref="fl-cb"/>
      </object_component>
      <object_component id="oc-3bb">
         <name>.debug_info</name>
         <load_address>0x17589</load_address>
         <run_address>0x17589</run_address>
         <size>0x1b3</size>
         <input_file_ref idref="fl-cb"/>
      </object_component>
      <object_component id="oc-3c1">
         <name>.debug_info</name>
         <load_address>0x1773c</load_address>
         <run_address>0x1773c</run_address>
         <size>0x21b</size>
         <input_file_ref idref="fl-cb"/>
      </object_component>
      <object_component id="oc-28e">
         <name>.debug_info</name>
         <load_address>0x17957</load_address>
         <run_address>0x17957</run_address>
         <size>0x3c0</size>
         <input_file_ref idref="fl-cb"/>
      </object_component>
      <object_component id="oc-3c9">
         <name>.debug_info</name>
         <load_address>0x17d17</load_address>
         <run_address>0x17d17</run_address>
         <size>0x30a</size>
         <input_file_ref idref="fl-cb"/>
      </object_component>
      <object_component id="oc-3cf">
         <name>.debug_info</name>
         <load_address>0x18021</load_address>
         <run_address>0x18021</run_address>
         <size>0x215</size>
         <input_file_ref idref="fl-cb"/>
      </object_component>
      <object_component id="oc-295">
         <name>.debug_info</name>
         <load_address>0x18236</load_address>
         <run_address>0x18236</run_address>
         <size>0x215</size>
[...]
         <object_component_ref idref="oc-3a"/>
      </symbol>
      <symbol id="sm-591">
         <name>__aeabi_memcpy4</name>
         <value>0x2285</value>
         <object_component_ref idref="oc-3a"/>
      </symbol>
      <symbol id="sm-59b">
         <name>__aeabi_ui2d</name>
         <value>0x3737</value>
         <object_component_ref idref="oc-fe"/>
      </symbol>
      <symbol id="sm-5aa">
         <name>__aeabi_memset</name>
         <value>0x2803</value>
         <object_component_ref idref="oc-94"/>
      </symbol>
      <symbol id="sm-5ab">
         <name>memset</name>
         <value>0x2809</value>
         <object_component_ref idref="oc-94"/>
      </symbol>
      <symbol id="sm-5ac">
         <name>__aeabi_memset8</name>
         <value>0x2803</value>
         <object_component_ref idref="oc-94"/>
      </symbol>
      <symbol id="sm-5ad">
         <name>__aeabi_memset4</name>
         <value>0x2803</value>
         <object_component_ref idref="oc-94"/>
      </symbol>
      <symbol id="sm-5ae">
         <name>__aeabi_memclr8</name>
         <value>0x2801</value>
         <object_component_ref idref="oc-94"/>
      </symbol>
      <symbol id="sm-5af">
         <name>__aeabi_memclr4</name>
         <value>0x2801</value>
         <object_component_ref idref="oc-94"/>
      </symbol>
      <symbol id="sm-5b0">
         <name>__aeabi_memclr</name>
         <value>0x2801</value>
         <object_component_ref idref="oc-94"/>
      </symbol>
      <symbol id="sm-5bd">
         <name>__aeabi_uldivmod</name>
         <value>0x23b9</value>
         <object_component_ref idref="oc-3a3"/>
      </symbol>
      <symbol id="sm-5d1">
         <name>__TI_zero_init_nomemset</name>
         <value>0x3775</value>
         <object_component_ref idref="oc-46"/>
      </symbol>
      <symbol id="sm-5e8">
         <name>__TI_decompress_none</name>
         <value>0x38d1</value>
         <object_component_ref idref="oc-1d"/>
      </symbol>
      <symbol id="sm-60b">
         <name>__TI_decompress_lzss</name>
         <value>0x2b89</value>
         <object_component_ref idref="oc-17"/>
      </symbol>
      <symbol id="sm-631">
         <name>C$$EXIT</name>
         <value>0x391d</value>
         <object_component_ref idref="oc-121"/>
      </symbol>
      <symbol id="sm-632">
         <name>abort</name>
         <value>0x391d</value>
         <object_component_ref idref="oc-121"/>
      </symbol>
      <symbol id="sm-633">
         <name>__TI_dtors_ptr</name>
         <value>0x200006c4</value>
         <object_component_ref idref="oc-1bf"/>
      </symbol>
      <symbol id="sm-634">
         <name>__TI_cleanup_ptr</name>
         <value>0x200006c0</value>
         <object_component_ref idref="oc-1bf"/>
      </symbol>
      <symbol id="sm-635">
         <name>__TI_enable_exit_profile_output</name>
         <value>0x200006c8</value>
         <object_component_ref idref="oc-1bf"/>
      </symbol>
      <symbol id="sm-636">
         <name>exit</name>
         <value>0x31d9</value>
         <object_component_ref idref="oc-127"/>
      </symbol>
      <symbol id="sm-64b">
         <name>_nop</name>
         <value>0x112b</value>
         <object_component_ref idref="oc-2c3"/>
      </symbol>
      <symbol id="sm-64c">
         <name>_lock</name>
         <value>0x200006cc</value>
         <object_component_ref idref="oc-1a3"/>
      </symbol>
      <symbol id="sm-64d">
         <name>_unlock</name>
         <value>0x200006d0</value>
         <object_component_ref idref="oc-1a3"/>
      </symbol>
      <symbol id="sm-65c">
         <name>__TI_ltoa</name>
         <value>0x2ffb</value>
         <object_component_ref idref="oc-3af"/>
      </symbol>
      <symbol id="sm-672">
         <name>atoi</name>
         <value>0x3145</value>
         <object_component_ref idref="oc-27c"/>
      </symbol>
      <symbol id="sm-67d">
         <name>_ctypes_</name>
         <value>0x3920</value>
         <object_component_ref idref="oc-39e"/>
      </symbol>
      <symbol id="sm-692">
         <name>__TI_tmpnams</name>
         <value>0x20000808</value>
      </symbol>
      <symbol id="sm-693">
         <name>__aeabi_stdout</name>
         <value>0x200006a8</value>
         <object_component_ref idref="oc-49e"/>
      </symbol>
      <symbol id="sm-694">
         <name>__aeabi_stderr</name>
         <value>0x200006ac</value>
         <object_component_ref idref="oc-49e"/>
      </symbol>
      <symbol id="sm-695">
         <name>__aeabi_stdin</name>
         <value>0x200006a4</value>
         <object_component_ref idref="oc-49e"/>
      </symbol>
      <symbol id="sm-696">
         <name>_ftable</name>
         <value>0x200004e8</value>
         <object_component_ref idref="oc-1a6"/>
      </symbol>
      <symbol id="sm-697">
         <name>__TI_ft_end</name>
         <value>0x200006a0</value>
         <object_component_ref idref="oc-49e"/>
      </symbol>
      <symbol id="sm-6a7">
         <name>memccpy</name>
         <value>0x37ad</value>
         <object_component_ref idref="oc-2a5"/>
      </symbol>
      <symbol id="sm-6b7">
         <name>memchr</name>
         <value>0x3717</value>
         <object_component_ref idref="oc-412"/>
      </symbol>
      <symbol id="sm-73b">
         <name>_sys_memory</name>
         <value>0x200000e8</value>
         <object_component_ref idref="oc-29"/>
      </symbol>
      <symbol id="sm-73c">
         <name>free</name>
         <value>0x1c55</value>
         <object_component_ref idref="oc-31d"/>
      </symbol>
      <symbol id="sm-73d">
         <name>memalign</name>
         <value>0x1a59</value>
         <object_component_ref idref="oc-497"/>
      </symbol>
      <symbol id="sm-73e">
         <name>malloc</name>
         <value>0x3909</value>
         <object_component_ref idref="oc-323"/>
      </symbol>
      <symbol id="sm-73f">
         <name>aligned_alloc</name>
         <value>0x1a59</value>
         <object_component_ref idref="oc-497"/>
      </symbol>
      <symbol id="sm-74f">
         <name>strchr</name>
         <value>0x383f</value>
         <object_component_ref idref="oc-3e1"/>
      </symbol>
      <symbol id="sm-75d">
         <name>strlen</name>
         <value>0x3869</value>
         <object_component_ref idref="oc-276"/>
      </symbol>
      <symbol id="sm-772">
         <name>write</name>
         <value>0x36cd</value>
         <object_component_ref idref="oc-41e"/>
      </symbol>
      <symbol id="sm-783">
         <name>_stream</name>
         <value>0x20000650</value>
         <object_component_ref idref="oc-4f6"/>
      </symbol>
      <symbol id="sm-784">
         <name>_device</name>
         <value>0x200005d8</value>
         <object_component_ref idref="oc-30a"/>
      </symbol>
      <symbol id="sm-7a1">
         <name>open</name>
         <value>0x1fc1</value>
         <object_component_ref idref="oc-481"/>
      </symbol>
      <symbol id="sm-7c1">
         <name>add_device</name>
         <value>0x207d</value>
         <object_component_ref idref="oc-1f1"/>
      </symbol>
      <symbol id="sm-7d7">
         <name>__aeabi_errno_addr</name>
         <value>0x3901</value>
         <object_component_ref idref="oc-2b1"/>
      </symbol>
      <symbol id="sm-7d8">
         <name>errno</name>
         <value>0x200006e0</value>
         <object_component_ref idref="oc-3f1"/>
      </symbol>
      <symbol id="sm-7eb">
         <name>__stack</name>
         <value>0x2000fc00</value>
         <object_component_ref idref="oc-2c"/>
      </symbol>
      <symbol id="sm-7ec">
         <name>_c_int00_noargs</name>
         <value>0x3535</value>
         <object_component_ref idref="oc-58"/>
      </symbol>
      <symbol id="sm-80c">
         <name>frexpl</name>
         <value>0x2c59</value>
         <object_component_ref idref="oc-3d5"/>
      </symbol>
      <symbol id="sm-80d">
         <name>frexp</name>
         <value>0x2c59</value>
         <object_component_ref idref="oc-3d5"/>
      </symbol>
      <symbol id="sm-82a">
         <name>scalbn</name>
         <value>0x1949</value>
         <object_component_ref idref="oc-3db"/>
      </symbol>
      <symbol id="sm-82b">
         <name>scalbnl</name>
         <value>0x1949</value>
         <object_component_ref idref="oc-3db"/>
      </symbol>
      <symbol id="sm-82c">
         <name>ldexpl</name>
         <value>0x1949</value>
         <object_component_ref idref="oc-3db"/>
      </symbol>
      <symbol id="sm-82d">
         <name>ldexp</name>
         <value>0x1949</value>
         <object_component_ref idref="oc-3db"/>
      </symbol>
      <symbol id="sm-837">
         <name>copysign</name>
         <value>0x37c9</value>
         <object_component_ref idref="oc-4cf"/>
      </symbol>
      <symbol id="sm-838">
         <name>copysignl</name>
         <value>0x37c9</value>
         <object_component_ref idref="oc-4cf"/>
      </symbol>
      <symbol id="sm-851">
         <name>wcslen</name>
         <value>0x38a1</value>
         <object_component_ref idref="oc-2ab"/>
      </symbol>
      <symbol id="sm-866">
         <name>__TI_closefile</name>
         <value>0x28f5</value>
         <object_component_ref idref="oc-30f"/>
      </symbol>
      <symbol id="sm-876">
         <name>__TI_doflush</name>
         <value>0x30f7</value>
         <object_component_ref idref="oc-418"/>
      </symbol>
      <symbol id="sm-888">
         <name>fseek</name>
         <value>0x2cbd</value>
         <object_component_ref idref="oc-4eb"/>
      </symbol>
      <symbol id="sm-8a6">
         <name>finddevice</name>
         <value>0x359d</value>
         <object_component_ref idref="oc-2fd"/>
      </symbol>
      <symbol id="sm-8a7">
         <name>getdevice</name>
         <value>0x3335</value>
         <object_component_ref idref="oc-530"/>
      </symbol>
      <symbol id="sm-8b1">
         <name>__aeabi_idiv0</name>
         <value>0x14e3</value>
         <object_component_ref idref="oc-4ba"/>
      </symbol>
      <symbol id="sm-8b2">
         <name>__aeabi_ldiv0</name>
         <value>0x14e3</value>
         <object_component_ref idref="oc-4ba"/>
      </symbol>
      <symbol id="sm-8da">
         <name>__TI_auto_init_nobinit_nopinit</name>
         <value>0x32f1</value>
         <object_component_ref idref="oc-12d"/>
      </symbol>
      <symbol id="sm-8e4">
         <name>_system_pre_init</name>
         <value>0x3919</value>
         <object_component_ref idref="oc-9a"/>
      </symbol>
      <symbol id="sm-8f5">
         <name>strcmp</name>
         <value>0x37fb</value>
         <object_component_ref idref="oc-434"/>
      </symbol>
      <symbol id="sm-905">
         <name>strncpy</name>
         <value>0x3461</value>
         <object_component_ref idref="oc-303"/>
      </symbol>
      <symbol id="sm-916">
         <name>HOSTclose</name>
         <value>0x3269</value>
         <object_component_ref idref="oc-444"/>
      </symbol>
      <symbol id="sm-927">
         <name>HOSTlseek</name>
         <value>0x2b21</value>
         <object_component_ref idref="oc-456"/>
      </symbol>
      <symbol id="sm-939">
         <name>parmbuf</name>
         <value>0x200008d0</value>
      </symbol>
      <symbol id="sm-93a">
         <name>HOSTopen</name>
         <value>0x2d85</value>
         <object_component_ref idref="oc-43e"/>
      </symbol>
      <symbol id="sm-94b">
         <name>HOSTread</name>
         <value>0x2e9d</value>
         <object_component_ref idref="oc-44a"/>
      </symbol>
      <symbol id="sm-95c">
         <name>HOSTrename</name>
         <value>0x2ab5</value>
         <object_component_ref idref="oc-462"/>
      </symbol>
      <symbol id="sm-96d">
         <name>HOSTunlink</name>
         <value>0x32ad</value>
         <object_component_ref idref="oc-45c"/>
      </symbol>
      <symbol id="sm-97e">
         <name>HOSTwrite</name>
         <value>0x2ef5</value>
         <object_component_ref idref="oc-450"/>
      </symbol>
      <symbol id="sm-9a2">
         <name>__TI_readmsg</name>
         <value>0x3501</value>
         <object_component_ref idref="oc-50b"/>
      </symbol>
      <symbol id="sm-9a3">
         <name>C$$IO$$</name>
         <value>0x341f</value>
         <object_component_ref idref="oc-505"/>
      </symbol>
      <symbol id="sm-9a4">
         <name>__CIOBUF_</name>
         <value>0x200006e8</value>
         <object_component_ref idref="oc-577"/>
      </symbol>
      <symbol id="sm-9a5">
         <name>__TI_writemsg</name>
         <value>0x33f1</value>
         <object_component_ref idref="oc-505"/>
      </symbol>
      <symbol id="sm-9b6">
         <name>lseek</name>
         <value>0x36a5</value>
         <object_component_ref idref="oc-565"/>
      </symbol>
      <symbol id="sm-9ca">
         <name>close</name>
         <value>0x2e41</value>
         <object_component_ref idref="oc-472"/>
      </symbol>
      <symbol id="sm-9d8">
         <name>strcpy</name>
         <value>0x3855</value>
         <object_component_ref idref="oc-51f"/>
      </symbol>
      <symbol id="sm-9e8">
         <name>unlink</name>
         <value>0x3629</value>
         <object_component_ref idref="oc-478"/>
      </symbol>
      <symbol id="sm-9e9">
         <name>__TI_static_base__</name>
         <value>0x0</value>
      </symbol>
      <symbol id="sm-9ec">
         <name>__mpu_init</name>
         <value>0x0</value>
      </symbol>
      <symbol id="sm-9ed">
         <name>_system_post_cinit</name>
         <value>0x0</value>
      </symbol>
      <symbol id="sm-9ee">
         <name>NMI_Handler</name>
         <value>0xb33</value>
      </symbol>
      <symbol id="sm-9ef">
         <name>HardFault_Handler</name>
         <value>0xb33</value>
      </symbol>
      <symbol id="sm-9f0">
         <name>MemManage_Handler</name>
         <value>0xb33</value>
      </symbol>
      <symbol id="sm-9f1">
         <name>BusFault_Handler</name>
         <value>0xb33</value>
      </symbol>
      <symbol id="sm-9f2">
         <name>UsageFault_Handler</name>
         <value>0xb33</value>
      </symbol>
      <symbol id="sm-9f3">
         <name>SVC_Handler</name>
         <value>0xb33</value>
      </symbol>
      <symbol id="sm-9f4">
         <name>DebugMon_Handler</name>
         <value>0xb33</value>
      </symbol>
      <symbol id="sm-9f5">
         <name>PendSV_Handler</name>
         <value>0xb33</value>
      </symbol>
      <symbol id="sm-9f6">
         <name>SysTick_Handler</name>
         <value>0xb33</value>
      </symbol>
      <symbol id="sm-9f7">
         <name>PSS_IRQHandler</name>
         <value>0xb33</value>
      </symbol>
      <symbol id="sm-9f8">
         <name>CS_IRQHandler</name>
         <value>0xb33</value>
      </symbol>
      <symbol id="sm-9f9">
         <name>PCM_IRQHandler</name>
         <value>0xb33</value>
      </symbol>
      <symbol id="sm-9fa">
         <name>WDT_A_IRQHandler</name>
         <value>0xb33</value>
      </symbol>
      <symbol id="sm-9fb">
         <name>FPU_IRQHandler</name>
         <value>0xb33</value>
      </symbol>
      <symbol id="sm-9fc">
         <name>FLCTL_IRQHandler</name>
         <value>0xb33</value>
      </symbol>
      <symbol id="sm-9fd">
         <name>COMP_E0_IRQHandler</name>
         <value>0xb33</value>
      </symbol>
      <symbol id="sm-9fe">
         <name>COMP_E1_IRQHandler</name>
         <value>0xb33</value>
      </symbol>
      <symbol id="sm-9ff">
         <name>TA0_0_IRQHandler</name>
         <value>0xb33</value>
      </symbol>
      <symbol id="sm-a00">
         <name>TA0_N_IRQHandler</name>
         <value>0xb33</value>
      </symbol>
      <symbol id="sm-a01">
         <name>TA1_0_IRQHandler</name>
         <value>0xb33</value>
      </symbol>
      <symbol id="sm-a02">
         <name>TA1_N_IRQHandler</name>
         <value>0xb33</value>
      </symbol>
      <symbol id="sm-a03">
         <name>TA2_0_IRQHandler</name>
         <value>0xb33</value>
      </symbol>
      <symbol id="sm-a04">
         <name>TA2_N_IRQHandler</name>
         <value>0xb33</value>
      </symbol>
      <symbol id="sm-a05">
         <name>TA3_0_IRQHandler</name>
         <value>0xb33</value>
      </symbol>
      <symbol id="sm-a06">
         <name>TA3_N_IRQHandler</name>
         <value>0xb33</value>
      </symbol>
      <symbol id="sm-a07">
         <name>EUSCIA0_IRQHandler</name>
         <value>0xb33</value>
      </symbol>
      <symbol id="sm-a08">
         <name>EUSCIA1_IRQHandler</name>
         <value>0xb33</value>
      </symbol>
      <symbol id="sm-a09">
         <name>EUSCIA2_IRQHandler</name>
         <value>0xb33</value>
      </symbol>
      <symbol id="sm-a0a">
         <name>EUSCIA3_IRQHandler</name>
         <value>0xb33</value>
      </symbol>
      <symbol id="sm-a0b">
         <name>EUSCIB0_IRQHandler</name>
         <value>0xb33</value>
      </symbol>
      <symbol id="sm-a0c">
         <name>EUSCIB1_IRQHandler</name>
         <value>0xb33</value>
      </symbol>
      <symbol id="sm-a0d">
         <name>EUSCIB2_IRQHandler</name>
         <value>0xb33</value>
      </symbol>
      <symbol id="sm-a0e">
         <name>EUSCIB3_IRQHandler</name>
         <value>0xb33</value>
      </symbol>
      <symbol id="sm-a0f">
         <name>ADC14_IRQHandler</name>
         <value>0xb33</value>
      </symbol>
      <symbol id="sm-a10">
         <name>T32_INT1_IRQHandler</name>
         <value>0xb33</value>
      </symbol>
      <symbol id="sm-a11">
         <name>T32_INT2_IRQHandler</name>
         <value>0xb33</value>
      </symbol>
      <symbol id="sm-a12">
         <name>T32_INTC_IRQHandler</name>
         <value>0xb33</value>
      </symbol>
      <symbol id="sm-a13">
         <name>AES256_IRQHandler</name>
         <value>0xb33</value>
      </symbol>
      <symbol id="sm-a14">
         <name>RTC_C_IRQHandler</name>
         <value>0xb33</value>
      </symbol>
      <symbol id="sm-a15">
         <name>DMA_ERR_IRQHandler</name>
         <value>0xb33</value>
      </symbol>
      <symbol id="sm-a16">
         <name>DMA_INT3_IRQHandler</name>
         <value>0xb33</value>
      </symbol>
      <symbol id="sm-a17">
         <name>DMA_INT2_IRQHandler</name>
         <value>0xb33</value>
      </symbol>
      <symbol id="sm-a18">
         <name>DMA_INT1_IRQHandler</name>
         <value>0xb33</value>
      </symbol>
      <symbol id="sm-a19">
         <name>DMA_INT0_IRQHandler</name>
         <value>0xb33</value>
      </symbol>
      <symbol id="sm-a1a">
         <name>PORT1_IRQHandler</name>
         <value>0xb33</value>
      </symbol>
      <symbol id="sm-a1b">
         <name>PORT2_IRQHandler</name>
         <value>0xb33</value>
      </symbol>
      <symbol id="sm-a1c">
         <name>PORT3_IRQHandler</name>
         <value>0xb33</value>
      </symbol>
      <symbol id="sm-a1d">
         <name>PORT4_IRQHandler</name>
         <value>0xb33</value>
      </symbol>
      <symbol id="sm-a1e">
         <name>PORT5_IRQHandler</name>
         <value>0xb33</value>
      </symbol>
      <symbol id="sm-a1f">
         <name>PORT6_IRQHandler</name>
         <value>0xb33</value>
      </symbol>
      <symbol id="sm-a20">
         <name>remove</name>
         <value>0x3629</value>
      </symbol>
   </symbol_table>
   <title>Link successful</title>
</link_info>
