******************************************************************************
                  TI ARM Linker PC v20.2.6                     
******************************************************************************
>> Linked Mon Oct 24 11:40:15 2022

OUTPUT FILE NAME:   <Activity_10.out>
ENTRY POINT SYMBOL: "_c_int00_noargs"  address: 0000348d


MEMORY CONFIGURATION

         name            origin    length      used     unused   attr    fill
----------------------  --------  ---------  --------  --------  ----  --------
  MAIN                  00000000   00040000  00003a31  0003c5cf  R  X
  INFO                  00200000   00004000  00000000  00004000  R  X
  SRAM_CODE             01000000   00010000  00000bf0  0000f410  RW X
  SRAM_DATA             20000000   00010000  00000bf0  0000f410  RW  


SEGMENT ALLOCATION MAP

run origin  load origin   length   init length attrs members
----------  ----------- ---------- ----------- ----- -------
00000000    00000000    00003a38   00003a38    r-x
  00000000    00000000    000000e4   000000e4    r-- .intvecs
  000000e4    000000e4    0000375c   0000375c    r-x .text
  00003840    00003840    00000161   00000161    r-- .const
  000039a8    000039a8    00000090   00000090    r-- .cinit
20000000    20000000    000007f0   00000000    rw-
  20000000    20000000    00000400   00000000    rw- .sysmem
  20000400    20000400    00000200   00000000    rw- .bss
  20000600    20000600    000001f0   00000000    rw- .data
2000fc00    2000fc00    00000400   00000000    rw-
  2000fc00    2000fc00    00000400   00000000    rw- .stack


SECTION ALLOCATION MAP

 output                                  attributes/
section   page    origin      length       input sections
--------  ----  ----------  ----------   ----------------
.intvecs   0    00000000    000000e4     
                  00000000    000000e4     startup_msp432p401r_ccs.obj (.intvecs:retain)

.text      0    000000e4    0000375c     
                  000000e4    00000a4e     rtsv7M4_T_le_v4SPD16_eabi.lib : _printfi.c.obj (.text:__TI_printfi)
                  00000b32    00000002     startup_msp432p401r_ccs.obj (.text:Default_Handler)
                  00000b34    00000270     rtsv7M4_T_le_v4SPD16_eabi.lib : _printfi.c.obj (.text:_pconv_a)
                  00000da4    000001d0                                   : _printfi.c.obj (.text:_pconv_g)
                  00000f74    000001b6                                   : fd_add_t2.asm.obj (.text)
                  0000112a    00000002                                   : _lock.c.obj (.text:_nop)
                  0000112c    00000144     msp432p4xx_driverlib.lib : timer_a.o (.text:privateTimer_AProcessClockSourceDivider)
                  00001270    0000013c     rtsv7M4_T_le_v4SPD16_eabi.lib : _printfi.c.obj (.text:_pconv_e)
                  000013ac    00000136                                   : fd_div_t2.asm.obj (.text)
                  000014e2    00000002                                   : div0.asm.obj (.text)
                  000014e4    00000124                                   : _printfi.c.obj (.text:fcvt)
                  00001608    00000120     main.obj (.text:main)
                  00001728    0000011c     msp432p4xx_driverlib.lib : uart.o (.text:UART_initModule)
                  00001844    00000114     rtsv7M4_T_le_v4SPD16_eabi.lib : fputs.c.obj (.text:fputs)
                  00001958    00000110                                   : fopen.c.obj (.text:_openfile)
                  00001a68    00000110                                   : s_scalbn.c.obj (.text:scalbn)
                  00001b78    00000100                                   : memory.c.obj (.text:aligned_alloc)
                  00001c78    000000fc                                   : fd_mul_t2.asm.obj (.text)
                  00001d74    000000e4                                   : memory.c.obj (.text:free)
                  00001e58    000000dc                                   : setvbuf.c.obj (.text:setvbuf)
                  00001f34    000000bc                                   : open.c.obj (.text:open)
                  00001ff0    000000b8                                   : add_device.c.obj (.text:add_device)
                  000020a8    000000b1                                   : _printfi.c.obj (.text:_ltostr)
                  00002159    00000003     --HOLE-- [fill = 0]
                  0000215c    0000009c                                   : _bufread.c.obj (.text:__TI_buff_read)
                  000021f8    0000009c     engr2350_msp432.obj (.text:init_std_uart)
                  00002294    0000009c     rtsv7M4_T_le_v4SPD16_eabi.lib : memcpy_t2.asm.obj (.text)
                  00002330    00000098     system_msp432p401r.obj (.text:SystemInit)
                  000023c8    00000096     rtsv7M4_T_le_v4SPD16_eabi.lib : ull_div_t2.asm.obj (.text)
                  0000245e    00000002     --HOLE-- [fill = 0]
                  00002460    00000090     main.obj (.text:TimerInit)
                  000024f0    0000008c     rtsv7M4_T_le_v4SPD16_eabi.lib : fputc.c.obj (.text:fputc)
                  0000257c    00000088     msp432p4xx_driverlib.lib : gpio.o (.text:GPIO_setAsPeripheralModuleFunctionOutputPin)
                  00002604    00000086     rtsv7M4_T_le_v4SPD16_eabi.lib : fd_cmp_t2.asm.obj (.text:__aeabi_cdcmple)
                  0000268a    00000086                                   : fd_cmp_t2.asm.obj (.text:__aeabi_cdrcmple)
                  00002710    00000084                                   : fgetc.c.obj (.text:fgetc)
                  00002794    00000080     engr2350_msp432.obj (.text:dopen)
                  00002814    0000007a     rtsv7M4_T_le_v4SPD16_eabi.lib : memset_t2.asm.obj (.text)
                  0000288e    00000002     --HOLE-- [fill = 0]
                  00002890    00000074                                   : fclose.c.obj (.text:__TI_closefile)
                  00002904    00000070                                   : memory.c.obj (.text:split)
                  00002974    0000006e                                   : _printfi.c.obj (.text:_mcpy)
                  000029e2    00000002     --HOLE-- [fill = 0]
                  000029e4    0000006c                                   : hostrename.c.obj (.text:HOSTrename)
                  00002a50    00000068                                   : hostlseek.c.obj (.text:HOSTlseek)
                  00002ab8    00000068     msp432p4xx_driverlib.lib : timer_a.o (.text:Timer_A_configureUpMode)
                  00002b20    00000068     rtsv7M4_T_le_v4SPD16_eabi.lib : copy_decompress_lzss.c.obj (.text:decompress:lzss:__TI_decompress_lzss)
                  00002b88    00000068                                   : printf.c.obj (.text:printf)
                  00002bf0    00000064                                   : s_frexp.c.obj (.text:frexp)
                  00002c54    00000064                                   : fseek.c.obj (.text:fseek)
                  00002cb8    00000062                                   : _io_perm.c.obj (.text:__TI_wrt_ok)
                  00002d1a    00000002     --HOLE-- [fill = 0]
                  00002d1c    00000060                                   : hostopen.c.obj (.text:HOSTopen)
                  00002d7c    0000005c                                   : close.c.obj (.text:close)
                  00002dd8    00000058                                   : hostread.c.obj (.text:HOSTread)
                  00002e30    00000058                                   : hostwrite.c.obj (.text:HOSTwrite)
                  00002e88    00000056                                   : _printfi.c.obj (.text:_pconv_f)
                  00002ede    00000054                                   : _ltoa.c.obj (.text:__TI_ltoa)
                  00002f32    00000002     --HOLE-- [fill = 0]
                  00002f34    00000054     engr2350_msp432.obj (.text:dread)
                  00002f88    00000052     rtsv7M4_T_le_v4SPD16_eabi.lib : _printfi.c.obj (.text:_ecpy)
                  00002fda    0000004e     msp432p4xx_driverlib.lib : timer_a.o (.text:Timer_A_initCompare)
                  00003028    0000004c     rtsv7M4_T_le_v4SPD16_eabi.lib : fflush.c.obj (.text:__TI_doflush)
                  00003074    0000004c                                   : atoi.c.obj (.text:atoi)
                  000030c0    0000004a                                   : _io_perm.c.obj (.text:__TI_rd_ok)
                  0000310a    00000002     --HOLE-- [fill = 0]
                  0000310c    00000048     engr2350_msp432.obj (.text:dwrite)
                  00003154    00000048     rtsv7M4_T_le_v4SPD16_eabi.lib : exit.c.obj (.text:exit)
                  0000319c    00000048                                   : fd_toi_t2.asm.obj (.text)
                  000031e4    00000044                                   : hostclose.c.obj (.text:HOSTclose)
                  00003228    00000044                                   : hostunlink.c.obj (.text:HOSTunlink)
                  0000326c    00000044                                   : autoinit.c.obj (.text:__TI_auto_init_nobinit_nopinit:__TI_auto_init_nobinit_nopinit)
                  000032b0    00000044                                   : getdevice.c.obj (.text:getdevice)
                  000032f4    00000040     main.obj (.text:GPIOInit)
                  00003334    00000040     msp432p4xx_driverlib.lib : gpio.o (.text:GPIO_setAsOutputPin)
                  00003374    0000003e     rtsv7M4_T_le_v4SPD16_eabi.lib : _printfi.c.obj (.text:_fcpy)
                  000033b2    00000002     --HOLE-- [fill = 0]
                  000033b4    00000038                                   : trgmsg.c.obj (.text:__TI_writemsg)
                  000033ec    00000036                                   : strncpy.c.obj (.text:strncpy)
                  00003422    00000002     --HOLE-- [fill = 0]
                  00003424    00000034                                   : fopen.c.obj (.text:__TI_cleanup)
                  00003458    00000034                                   : trgmsg.c.obj (.text:__TI_readmsg)
                  0000348c    00000034                                   : boot_cortex_m.c.obj (.text:_c_int00_noargs:_c_int00_noargs)
                  000034c0    00000034                                   : fopen.c.obj (.text:freopen)
                  000034f4    00000030                                   : getdevice.c.obj (.text:finddevice)
                  00003524    0000002e                                   : i_tofd_t2.asm.obj (.text)
                  00003552    00000002     --HOLE-- [fill = 0]
                  00003554    0000002c                                   : unlink.c.obj (.text:unlink)
                  00003580    00000028     msp432p4xx_driverlib.lib : gpio.o (.text:GPIO_setOutputHighOnPin)
                  000035a8    00000028                              : gpio.o (.text:GPIO_setOutputLowOnPin)
                  000035d0    00000028                              : timer_a.o (.text:Timer_A_setCompareValue)
                  000035f8    00000028     rtsv7M4_T_le_v4SPD16_eabi.lib : memory.c.obj (.text:free_list_insert)
                  00003620    00000028                                   : lseek.c.obj (.text:lseek)
                  00003648    00000028                                   : read.c.obj (.text:read)
                  00003670    00000028                                   : write.c.obj (.text:write)
                  00003698    00000020                                   : memchr.c.obj (.text:memchr)
                  000036b8    0000001c     engr2350_msp432.obj (.text:dclose)
                  000036d4    0000001c     rtsv7M4_T_le_v4SPD16_eabi.lib : copy_zero_init.c.obj (.text:decompress:ZI:__TI_zero_init_nomemset:__TI_zero_init_nomemset)
                  000036f0    0000001c                                   : memory.c.obj (.text:free_list_remove)
                  0000370c    0000001c                                   : memccpy.c.obj (.text:memccpy)
                  00003728    0000001a                                   : s_copysign.c.obj (.text:copysign)
                  00003742    00000018                                   : strcmp.c.obj (.text:strcmp)
                  0000375a    00000016     msp432p4xx_driverlib.lib : timer_a.o (.text:Timer_A_startCounter)
                  00003770    00000016     rtsv7M4_T_le_v4SPD16_eabi.lib : strchr.c.obj (.text:strchr)
                  00003786    00000014                                   : strcpy.c.obj (.text:strcpy)
                  0000379a    00000014                                   : strlen.c.obj (.text:strlen)
                  000037ae    00000012     engr2350_msp432.obj (.text:dlseek)
                  000037c0    00000012     rtsv7M4_T_le_v4SPD16_eabi.lib : wcslen.c.obj (.text:wcslen)
                  000037d2    00000010     engr2350_msp432.obj (.text:drename)
                  000037e2    0000000e     rtsv7M4_T_le_v4SPD16_eabi.lib : copy_decompress_none.c.obj (.text:decompress:none:__TI_decompress_none)
                  000037f0    0000000e     engr2350_msp432.obj (.text:dunlink)
                  000037fe    0000000c     startup_msp432p401r_ccs.obj (.text:Reset_Handler)
                  0000380a    00000002     --HOLE-- [fill = 0]
                  0000380c    0000000c     rtsv7M4_T_le_v4SPD16_eabi.lib : fgetc.c.obj (.text:getchar)
                  00003818    00000008     engr2350_msp432.obj (.text:SysInit)
                  00003820    00000008     rtsv7M4_T_le_v4SPD16_eabi.lib : errno.c.obj (.text:__aeabi_errno_addr)
                  00003828    00000008                                   : memory.c.obj (.text:malloc)
                  00003830    00000004                                   : printf.c.obj (.text:_outc)
                  00003834    00000004                                   : printf.c.obj (.text:_outs)
                  00003838    00000004                                   : pre_init.c.obj (.text:_system_pre_init)
                  0000383c    00000004                                   : exit.c.obj (.text:abort:abort)

.const     0    00003840    00000161     
                  00003840    00000101     rtsv7M4_T_le_v4SPD16_eabi.lib : ctype.c.obj (.const:.string:_ctypes_)
                  00003941    00000003     --HOLE-- [fill = 0]
                  00003944    00000030     msp432p4xx_driverlib.lib : gpio.o (.const:GPIO_PORT_TO_BASE)
                  00003974    00000028     engr2350_msp432.obj (.const:$P$T1$2)
                  0000399c    00000005     engr2350_msp432.obj (.const:.string:$P$T0$1)

.cinit     0    000039a8    00000090     
                  000039a8    00000068     (.cinit..data.load) [load image, compression = lzss]
                  00003a10    0000000c     (__TI_handler_table)
                  00003a1c    00000004     --HOLE-- [fill = 0]
                  00003a20    00000008     (.cinit..bss.load) [load image, compression = zero_init]
                  00003a28    00000010     (__TI_cinit_table)

.init_array 
*          0    00000000    00000000     UNINITIALIZED

.binit     0    00000000    00000000     

.sysmem    0    20000000    00000400     UNINITIALIZED
                  20000000    00000010     rtsv7M4_T_le_v4SPD16_eabi.lib : memory.c.obj (.sysmem)
                  20000010    000003f0     --HOLE--

.bss       0    20000400    00000200     UNINITIALIZED
                  20000400    00000120     rtsv7M4_T_le_v4SPD16_eabi.lib : trgmsg.c.obj (.bss:_CIOBUF_)
                  20000520    000000a0     (.common:__TI_tmpnams)
                  200005c0    00000018     (.common:config)
                  200005d8    00000010     (.common:comconfig1)
                  200005e8    00000010     (.common:comconfig2)
                  200005f8    00000008     (.common:parmbuf)

.data      0    20000600    000001f0     UNINITIALIZED
                  20000600    000000f0     rtsv7M4_T_le_v4SPD16_eabi.lib : defs.c.obj (.data:_ftable)
                  200006f0    00000078                                   : host_device.c.obj (.data:_device)
                  20000768    00000050                                   : host_device.c.obj (.data:_stream)
                  200007b8    00000010                                   : defs.c.obj (.data)
                  200007c8    0000000c                                   : exit.c.obj (.data:$O1$$)
                  200007d4    00000008                                   : _lock.c.obj (.data:$O1$$)
                  200007dc    00000008                                   : memory.c.obj (.data:$O1$$)
                  200007e4    00000004                                   : add_device.c.obj (.data)
                  200007e8    00000004                                   : errno.c.obj (.data)
                  200007ec    00000004                                   : open.c.obj (.data)

.stack     0    2000fc00    00000400     UNINITIALIZED
                  2000fc00    00000004     rtsv7M4_T_le_v4SPD16_eabi.lib : boot_cortex_m.c.obj (.stack)
                  2000fc04    000003fc     --HOLE--

__llvm_prf_cnts 
*          0    20000000    00000000     UNINITIALIZED

MODULE SUMMARY

       Module                        code    ro data   rw data
       ------                        ----    -------   -------
    .\
       main.obj                      496     0         112    
    +--+-----------------------------+-------+---------+---------+
       Total:                        496     0         112    
                                                              
    .\src\
       engr2350_msp432.obj           524     45        0      
       startup_msp432p401r_ccs.obj   14      228       0      
       system_msp432p401r.obj        152     0         0      
    +--+-----------------------------+-------+---------+---------+
       Total:                        690     273       0      
                                                              
    C:/ti/simplelink_msp432p4_sdk_3_40_01_02/source/ti/devices/msp432p4xx/driverlib/ccs/msp432p4xx_driverlib.lib
       timer_a.o                     568     0         0      
       gpio.o                        280     48        0      
       uart.o                        284     0         0      
    +--+-----------------------------+-------+---------+---------+
       Total:                        1132    48        0      
                                                              
    C:\ti\ccs1200\ccs\tools\compiler\ti-cgt-arm_20.2.6.LTS\lib\rtsv7M4_T_le_v4SPD16_eabi.lib
       _printfi.c.obj                4851    0         0      
       defs.c.obj                    0       0         832    
       memory.c.obj                  672     0         16     
       trgmsg.c.obj                  108     0         576    
       fd_add_t2.asm.obj             438     0         0      
       host_device.c.obj             0       0         400    
       fopen.c.obj                   376     0         0      
       fd_div_t2.asm.obj             310     0         0      
       fputs.c.obj                   276     0         0      
       s_scalbn.c.obj                272     0         0      
       fd_cmp_t2.asm.obj             268     0         0      
       ctype.c.obj                   0       257       0      
       fd_mul_t2.asm.obj             252     0         0      
       setvbuf.c.obj                 220     0         0      
       open.c.obj                    188     0         8      
       add_device.c.obj              184     0         8      
       _io_perm.c.obj                172     0         0      
       _bufread.c.obj                156     0         0      
       memcpy_t2.asm.obj             156     0         0      
       ull_div_t2.asm.obj            150     0         0      
       fgetc.c.obj                   144     0         0      
       fputc.c.obj                   140     0         0      
       memset_t2.asm.obj             122     0         0      
       fclose.c.obj                  116     0         0      
       getdevice.c.obj               116     0         0      
       hostopen.c.obj                96      0         16     
       printf.c.obj                  112     0         0      
       hostrename.c.obj              108     0         0      
       copy_decompress_lzss.c.obj    104     0         0      
       hostlseek.c.obj               104     0         0      
       exit.c.obj                    76      0         24     
       fseek.c.obj                   100     0         0      
       s_frexp.c.obj                 100     0         0      
       close.c.obj                   92      0         0      
       hostread.c.obj                88      0         0      
       hostwrite.c.obj               88      0         0      
       _ltoa.c.obj                   84      0         0      
       atoi.c.obj                    76      0         0      
       fflush.c.obj                  76      0         0      
       fd_toi_t2.asm.obj             72      0         0      
       autoinit.c.obj                68      0         0      
       hostclose.c.obj               68      0         0      
       hostunlink.c.obj              68      0         0      
       strncpy.c.obj                 54      0         0      
       boot_cortex_m.c.obj           52      0         0      
       i_tofd_t2.asm.obj             46      0         0      
       unlink.c.obj                  44      0         0      
       lseek.c.obj                   40      0         0      
       read.c.obj                    40      0         0      
       write.c.obj                   40      0         0      
       memchr.c.obj                  32      0         0      
       copy_zero_init.c.obj          28      0         0      
       memccpy.c.obj                 28      0         0      
       s_copysign.c.obj              26      0         0      
       strcmp.c.obj                  24      0         0      
       strchr.c.obj                  22      0         0      
       strcpy.c.obj                  20      0         0      
       strlen.c.obj                  20      0         0      
       _lock.c.obj                   2       0         16     
       wcslen.c.obj                  18      0         0      
       errno.c.obj                   8       0         8      
       copy_decompress_none.c.obj    14      0         0      
       pre_init.c.obj                4       0         0      
       div0.asm.obj                  2       0         0      
    +--+-----------------------------+-------+---------+---------+
       Total:                        11831   257       1904   
                                                              
       Heap:                         0       0         2048   
       Stack:                        0       0         2048   
       Linker Generated:             0       140       0      
    +--+-----------------------------+-------+---------+---------+
       Grand Total:                  14149   718       6112   


LINKER GENERATED COPY TABLES

__TI_cinit_table @ 00003a28 records: 2, size/record: 8, table size: 16
	.data: load addr=000039a8, load size=00000068 bytes, run addr=20000600, run size=000001f0 bytes, compression=lzss
	.bss: load addr=00003a20, load size=00000008 bytes, run addr=20000400, run size=00000200 bytes, compression=zero_init


LINKER GENERATED HANDLER TABLE

__TI_handler_table @ 00003a10 records: 3, size/record: 4, table size: 12
	index: 0, handler: __TI_decompress_lzss
	index: 1, handler: __TI_decompress_none
	index: 2, handler: __TI_zero_init


GLOBAL SYMBOLS: SORTED ALPHABETICALLY BY Name 

address   name                                       
-------   ----                                       
00000b33  ADC14_IRQHandler                           
00000b33  AES256_IRQHandler                          
00000b33  BusFault_Handler                           
0000383d  C$$EXIT                                    
000033e3  C$$IO$$                                    
00000b33  COMP_E0_IRQHandler                         
00000b33  COMP_E1_IRQHandler                         
00000b33  CS_IRQHandler                              
00000b33  DMA_ERR_IRQHandler                         
00000b33  DMA_INT0_IRQHandler                        
00000b33  DMA_INT1_IRQHandler                        
00000b33  DMA_INT2_IRQHandler                        
00000b33  DMA_INT3_IRQHandler                        
00000b33  DebugMon_Handler                           
00000b33  Default_Handler                            
00000b33  EUSCIA0_IRQHandler                         
00000b33  EUSCIA1_IRQHandler                         
00000b33  EUSCIA2_IRQHandler                         
00000b33  EUSCIA3_IRQHandler                         
00000b33  EUSCIB0_IRQHandler                         
00000b33  EUSCIB1_IRQHandler                         
00000b33  EUSCIB2_IRQHandler                         
00000b33  EUSCIB3_IRQHandler                         
00000b33  FLCTL_IRQHandler                           
00000b33  FPU_IRQHandler                             
000032f5  GPIOInit                                   
00003335  GPIO_setAsOutputPin                        
0000257d  GPIO_setAsPeripheralModuleFunctionOutputPin
00003581  GPIO_setOutputHighOnPin                    
000035a9  GPIO_setOutputLowOnPin                     
000031e5  HOSTclose                                  
00002a51  HOSTlseek                                  
00002d1d  HOSTopen                                   
00002dd9  HOSTread                                   
000029e5  HOSTrename                                 
00003229  HOSTunlink                                 
00002e31  HOSTwrite                                  
00000b33  HardFault_Handler                          
00000b33  MemManage_Handler                          
00000b33  NMI_Handler                                
00000b33  PCM_IRQHandler                             
00000b33  PORT1_IRQHandler                           
00000b33  PORT2_IRQHandler                           
00000b33  PORT3_IRQHandler                           
00000b33  PORT4_IRQHandler                           
00000b33  PORT5_IRQHandler                           
00000b33  PORT6_IRQHandler                           
00000b33  PSS_IRQHandler                             
00000b33  PendSV_Handler                             
00000b33  RTC_C_IRQHandler                           
000037ff  Reset_Handler                              
00000b33  SVC_Handler                                
00003819  SysInit                                    
00000b33  SysTick_Handler                            
00002331  SystemInit                                 
00000b33  T32_INT1_IRQHandler                        
00000b33  T32_INT2_IRQHandler                        
00000b33  T32_INTC_IRQHandler                        
00000b33  TA0_0_IRQHandler                           
00000b33  TA0_N_IRQHandler                           
00000b33  TA1_0_IRQHandler                           
00000b33  TA1_N_IRQHandler                           
00000b33  TA2_0_IRQHandler                           
00000b33  TA2_N_IRQHandler                           
00000b33  TA3_0_IRQHandler                           
00000b33  TA3_N_IRQHandler                           
00002461  TimerInit                                  
00002ab9  Timer_A_configureUpMode                    
00002fdb  Timer_A_initCompare                        
000035d1  Timer_A_setCompareValue                    
0000375b  Timer_A_startCounter                       
00001729  UART_initModule                            
00000b33  UsageFault_Handler                         
4000480c  WDTCTL_SYM                                 
00000b33  WDT_A_IRQHandler                           
20000400  __CIOBUF_                                  
20010000  __STACK_END                                
00000400  __STACK_SIZE                               
00000400  __SYSMEM_SIZE                              
00003a28  __TI_CINIT_Base                            
00003a38  __TI_CINIT_Limit                           
00003a10  __TI_Handler_Table_Base                    
00003a1c  __TI_Handler_Table_Limit                   
0000326d  __TI_auto_init_nobinit_nopinit             
0000215d  __TI_buff_read                             
00003425  __TI_cleanup                               
200007c8  __TI_cleanup_ptr                           
00002891  __TI_closefile                             
00002b21  __TI_decompress_lzss                       
000037e3  __TI_decompress_none                       
00003029  __TI_doflush                               
200007cc  __TI_dtors_ptr                             
200007d0  __TI_enable_exit_profile_output            
200007b8  __TI_ft_end                                
00002edf  __TI_ltoa                                  
ffffffff  __TI_pprof_out_hndl                        
000000e5  __TI_printfi                               
ffffffff  __TI_prof_data_size                        
ffffffff  __TI_prof_data_start                       
000030c1  __TI_rd_ok                                 
00003459  __TI_readmsg                               
00000000  __TI_static_base__                         
20000520  __TI_tmpnams                               
000033b5  __TI_writemsg                              
00002cb9  __TI_wrt_ok                                
000036d5  __TI_zero_init_nomemset                    
00002605  __aeabi_cdcmpeq                            
00002605  __aeabi_cdcmple                            
0000268b  __aeabi_cdrcmple                           
0000319d  __aeabi_d2iz                               
00000f7f  __aeabi_dadd                               
000013ad  __aeabi_ddiv                               
00001c79  __aeabi_dmul                               
00000f75  __aeabi_dsub                               
00003821  __aeabi_errno_addr                         
00003525  __aeabi_i2d                                
000014e3  __aeabi_idiv0                              
000014e3  __aeabi_ldiv0                              
00002815  __aeabi_memclr                             
00002815  __aeabi_memclr4                            
00002815  __aeabi_memclr8                            
00002295  __aeabi_memcpy                             
00002295  __aeabi_memcpy4                            
00002295  __aeabi_memcpy8                            
00002817  __aeabi_memset                             
00002817  __aeabi_memset4                            
00002817  __aeabi_memset8                            
200007c4  __aeabi_stderr                             
200007bc  __aeabi_stdin                              
200007c0  __aeabi_stdout                             
000023c9  __aeabi_uldivmod                           
ffffffff  __binit__                                  
ffffffff  __c_args__                                 
UNDEFED   __mpu_init                                 
2000fc00  __stack                                    
20000000  __start___llvm_prf_cnts                    
20000000  __stop___llvm_prf_cnts                     
0000348d  _c_int00_noargs                            
00003840  _ctypes_                                   
200006f0  _device                                    
20000600  _ftable                                    
200007d4  _lock                                      
0000112b  _nop                                       
20000768  _stream                                    
20000000  _sys_memory                                
UNDEFED   _system_post_cinit                         
00003839  _system_pre_init                           
200007d8  _unlock                                    
0000383d  abort                                      
00001ff1  add_device                                 
00001b79  aligned_alloc                              
00003075  atoi                                       
ffffffff  binit                                      
00002d7d  close                                      
200005d8  comconfig1                                 
200005e8  comconfig2                                 
200005c0  config                                     
00003729  copysign                                   
00003729  copysignl                                  
000036b9  dclose                                     
000037af  dlseek                                     
00002795  dopen                                      
00002f35  dread                                      
000037d3  drename                                    
000037f1  dunlink                                    
0000310d  dwrite                                     
200007e8  errno                                      
00003155  exit                                       
00002711  fgetc                                      
000034f5  finddevice                                 
000024f1  fputc                                      
00001845  fputs                                      
00001d75  free                                       
000034c1  freopen                                    
00002bf1  frexp                                      
00002bf1  frexpl                                     
00002c55  fseek                                      
00002711  getc                                       
0000380d  getchar                                    
000032b1  getdevice                                  
000021f9  init_std_uart                              
00000000  interruptVectors                           
00001a69  ldexp                                      
00001a69  ldexpl                                     
00003621  lseek                                      
00001609  main                                       
00003829  malloc                                     
00001b79  memalign                                   
0000370d  memccpy                                    
00003699  memchr                                     
00002295  memcpy                                     
0000281d  memset                                     
00001f35  open                                       
200005f8  parmbuf                                    
00002b89  printf                                     
000024f1  putc                                       
00003649  read                                       
00003555  remove                                     
00001a69  scalbn                                     
00001a69  scalbnl                                    
00001e59  setvbuf                                    
00003771  strchr                                     
00003743  strcmp                                     
00003787  strcpy                                     
0000379b  strlen                                     
000033ed  strncpy                                    
00003555  unlink                                     
000037c1  wcslen                                     
00003671  write                                      


GLOBAL SYMBOLS: SORTED BY Symbol Address 

address   name                                       
-------   ----                                       
00000000  __TI_static_base__                         
00000000  interruptVectors                           
000000e5  __TI_printfi                               
00000400  __STACK_SIZE                               
00000400  __SYSMEM_SIZE                              
00000b33  ADC14_IRQHandler                           
00000b33  AES256_IRQHandler                          
00000b33  BusFault_Handler                           
00000b33  COMP_E0_IRQHandler                         
00000b33  COMP_E1_IRQHandler                         
00000b33  CS_IRQHandler                              
00000b33  DMA_ERR_IRQHandler                         
00000b33  DMA_INT0_IRQHandler                        
00000b33  DMA_INT1_IRQHandler                        
00000b33  DMA_INT2_IRQHandler                        
00000b33  DMA_INT3_IRQHandler                        
00000b33  DebugMon_Handler                           
00000b33  Default_Handler                            
00000b33  EUSCIA0_IRQHandler                         
00000b33  EUSCIA1_IRQHandler                         
00000b33  EUSCIA2_IRQHandler                         
00000b33  EUSCIA3_IRQHandler                         
00000b33  EUSCIB0_IRQHandler                         
00000b33  EUSCIB1_IRQHandler                         
00000b33  EUSCIB2_IRQHandler                         
00000b33  EUSCIB3_IRQHandler                         
00000b33  FLCTL_IRQHandler                           
00000b33  FPU_IRQHandler                             
00000b33  HardFault_Handler                          
00000b33  MemManage_Handler                          
00000b33  NMI_Handler                                
00000b33  PCM_IRQHandler                             
00000b33  PORT1_IRQHandler                           
00000b33  PORT2_IRQHandler                           
00000b33  PORT3_IRQHandler                           
00000b33  PORT4_IRQHandler                           
00000b33  PORT5_IRQHandler                           
00000b33  PORT6_IRQHandler                           
00000b33  PSS_IRQHandler                             
00000b33  PendSV_Handler                             
00000b33  RTC_C_IRQHandler                           
00000b33  SVC_Handler                                
00000b33  SysTick_Handler                            
00000b33  T32_INT1_IRQHandler                        
00000b33  T32_INT2_IRQHandler                        
00000b33  T32_INTC_IRQHandler                        
00000b33  TA0_0_IRQHandler                           
00000b33  TA0_N_IRQHandler                           
00000b33  TA1_0_IRQHandler                           
00000b33  TA1_N_IRQHandler                           
00000b33  TA2_0_IRQHandler                           
00000b33  TA2_N_IRQHandler                           
00000b33  TA3_0_IRQHandler                           
00000b33  TA3_N_IRQHandler                           
00000b33  UsageFault_Handler                         
00000b33  WDT_A_IRQHandler                           
00000f75  __aeabi_dsub                               
00000f7f  __aeabi_dadd                               
0000112b  _nop                                       
000013ad  __aeabi_ddiv                               
000014e3  __aeabi_idiv0                              
000014e3  __aeabi_ldiv0                              
00001609  main                                       
00001729  UART_initModule                            
00001845  fputs                                      
00001a69  ldexp                                      
00001a69  ldexpl                                     
00001a69  scalbn                                     
00001a69  scalbnl                                    
00001b79  aligned_alloc                              
00001b79  memalign                                   
00001c79  __aeabi_dmul                               
00001d75  free                                       
00001e59  setvbuf                                    
00001f35  open                                       
00001ff1  add_device                                 
0000215d  __TI_buff_read                             
000021f9  init_std_uart                              
00002295  __aeabi_memcpy                             
00002295  __aeabi_memcpy4                            
00002295  __aeabi_memcpy8                            
00002295  memcpy                                     
00002331  SystemInit                                 
000023c9  __aeabi_uldivmod                           
00002461  TimerInit                                  
000024f1  fputc                                      
000024f1  putc                                       
0000257d  GPIO_setAsPeripheralModuleFunctionOutputPin
00002605  __aeabi_cdcmpeq                            
00002605  __aeabi_cdcmple                            
0000268b  __aeabi_cdrcmple                           
00002711  fgetc                                      
00002711  getc                                       
00002795  dopen                                      
00002815  __aeabi_memclr                             
00002815  __aeabi_memclr4                            
00002815  __aeabi_memclr8                            
00002817  __aeabi_memset                             
00002817  __aeabi_memset4                            
00002817  __aeabi_memset8                            
0000281d  memset                                     
00002891  __TI_closefile                             
000029e5  HOSTrename                                 
00002a51  HOSTlseek                                  
00002ab9  Timer_A_configureUpMode                    
00002b21  __TI_decompress_lzss                       
00002b89  printf                                     
00002bf1  frexp                                      
00002bf1  frexpl                                     
00002c55  fseek                                      
00002cb9  __TI_wrt_ok                                
00002d1d  HOSTopen                                   
00002d7d  close                                      
00002dd9  HOSTread                                   
00002e31  HOSTwrite                                  
00002edf  __TI_ltoa                                  
00002f35  dread                                      
00002fdb  Timer_A_initCompare                        
00003029  __TI_doflush                               
00003075  atoi                                       
000030c1  __TI_rd_ok                                 
0000310d  dwrite                                     
00003155  exit                                       
0000319d  __aeabi_d2iz                               
000031e5  HOSTclose                                  
00003229  HOSTunlink                                 
0000326d  __TI_auto_init_nobinit_nopinit             
000032b1  getdevice                                  
000032f5  GPIOInit                                   
00003335  GPIO_setAsOutputPin                        
000033b5  __TI_writemsg                              
000033e3  C$$IO$$                                    
000033ed  strncpy                                    
00003425  __TI_cleanup                               
00003459  __TI_readmsg                               
0000348d  _c_int00_noargs                            
000034c1  freopen                                    
000034f5  finddevice                                 
00003525  __aeabi_i2d                                
00003555  remove                                     
00003555  unlink                                     
00003581  GPIO_setOutputHighOnPin                    
000035a9  GPIO_setOutputLowOnPin                     
000035d1  Timer_A_setCompareValue                    
00003621  lseek                                      
00003649  read                                       
00003671  write                                      
00003699  memchr                                     
000036b9  dclose                                     
000036d5  __TI_zero_init_nomemset                    
0000370d  memccpy                                    
00003729  copysign                                   
00003729  copysignl                                  
00003743  strcmp                                     
0000375b  Timer_A_startCounter                       
00003771  strchr                                     
00003787  strcpy                                     
0000379b  strlen                                     
000037af  dlseek                                     
000037c1  wcslen                                     
000037d3  drename                                    
000037e3  __TI_decompress_none                       
000037f1  dunlink                                    
000037ff  Reset_Handler                              
0000380d  getchar                                    
00003819  SysInit                                    
00003821  __aeabi_errno_addr                         
00003829  malloc                                     
00003839  _system_pre_init                           
0000383d  C$$EXIT                                    
0000383d  abort                                      
00003840  _ctypes_                                   
00003a10  __TI_Handler_Table_Base                    
00003a1c  __TI_Handler_Table_Limit                   
00003a28  __TI_CINIT_Base                            
00003a38  __TI_CINIT_Limit                           
20000000  __start___llvm_prf_cnts                    
20000000  __stop___llvm_prf_cnts                     
20000000  _sys_memory                                
20000400  __CIOBUF_                                  
20000520  __TI_tmpnams                               
200005c0  config                                     
200005d8  comconfig1                                 
200005e8  comconfig2                                 
200005f8  parmbuf                                    
20000600  _ftable                                    
200006f0  _device                                    
20000768  _stream                                    
200007b8  __TI_ft_end                                
200007bc  __aeabi_stdin                              
200007c0  __aeabi_stdout                             
200007c4  __aeabi_stderr                             
200007c8  __TI_cleanup_ptr                           
200007cc  __TI_dtors_ptr                             
200007d0  __TI_enable_exit_profile_output            
200007d4  _lock                                      
200007d8  _unlock                                    
200007e8  errno                                      
2000fc00  __stack                                    
20010000  __STACK_END                                
4000480c  WDTCTL_SYM                                 
ffffffff  __TI_pprof_out_hndl                        
ffffffff  __TI_prof_data_size                        
ffffffff  __TI_prof_data_start                       
ffffffff  __binit__                                  
ffffffff  __c_args__                                 
ffffffff  binit                                      
UNDEFED   __mpu_init                                 
UNDEFED   _system_post_cinit                         

[209 symbols]
